Archive member included to satisfy reference by file (symbol)

/home/michal/Ac6/SystemWorkbench/plugins/fr.ac6.mcu.externaltools.arm-none.linux64_1.15.0.201708311556/tools/compiler/bin/../lib/gcc/arm-none-eabi/6.3.1/../../../../arm-none-eabi/lib/thumb/v7e-m/fpv4-sp/hard/libstdc++_nano.a(new_op.o)
                              Src/maincpp.o (operator new(unsigned int))
/home/michal/Ac6/SystemWorkbench/plugins/fr.ac6.mcu.externaltools.arm-none.linux64_1.15.0.201708311556/tools/compiler/bin/../lib/gcc/arm-none-eabi/6.3.1/../../../../arm-none-eabi/lib/thumb/v7e-m/fpv4-sp/hard/libstdc++_nano.a(new_handler.o)
                              /home/michal/Ac6/SystemWorkbench/plugins/fr.ac6.mcu.externaltools.arm-none.linux64_1.15.0.201708311556/tools/compiler/bin/../lib/gcc/arm-none-eabi/6.3.1/../../../../arm-none-eabi/lib/thumb/v7e-m/fpv4-sp/hard/libstdc++_nano.a(new_op.o) (std::get_new_handler())
/home/michal/Ac6/SystemWorkbench/plugins/fr.ac6.mcu.externaltools.arm-none.linux64_1.15.0.201708311556/tools/compiler/bin/../lib/gcc/arm-none-eabi/6.3.1/thumb/v7e-m/fpv4-sp/hard/libgcc.a(_arm_addsubdf3.o)
                              Drivers/BSP/Components/L6470/L6470.o (__aeabi_dadd)
/home/michal/Ac6/SystemWorkbench/plugins/fr.ac6.mcu.externaltools.arm-none.linux64_1.15.0.201708311556/tools/compiler/bin/../lib/gcc/arm-none-eabi/6.3.1/thumb/v7e-m/fpv4-sp/hard/libgcc.a(_arm_muldivdf3.o)
                              Drivers/BSP/Components/L6470/L6470.o (__aeabi_dmul)
/home/michal/Ac6/SystemWorkbench/plugins/fr.ac6.mcu.externaltools.arm-none.linux64_1.15.0.201708311556/tools/compiler/bin/../lib/gcc/arm-none-eabi/6.3.1/thumb/v7e-m/fpv4-sp/hard/libgcc.a(_arm_fixdfsi.o)
                              Inc/duration.o (__aeabi_d2iz)
/home/michal/Ac6/SystemWorkbench/plugins/fr.ac6.mcu.externaltools.arm-none.linux64_1.15.0.201708311556/tools/compiler/bin/../lib/gcc/arm-none-eabi/6.3.1/thumb/v7e-m/fpv4-sp/hard/libgcc.a(_arm_truncdfsf2.o)
                              Drivers/BSP/Components/L6470/L6470.o (__aeabi_d2f)
/home/michal/Ac6/SystemWorkbench/plugins/fr.ac6.mcu.externaltools.arm-none.linux64_1.15.0.201708311556/tools/compiler/bin/../lib/gcc/arm-none-eabi/6.3.1/thumb/v7e-m/fpv4-sp/hard/libgcc.a(_aeabi_uldivmod.o)
                              Drivers/STM32F4xx_HAL_Driver/Src/stm32f4xx_hal_rcc.o (__aeabi_uldivmod)
/home/michal/Ac6/SystemWorkbench/plugins/fr.ac6.mcu.externaltools.arm-none.linux64_1.15.0.201708311556/tools/compiler/bin/../lib/gcc/arm-none-eabi/6.3.1/thumb/v7e-m/fpv4-sp/hard/libgcc.a(_udivmoddi4.o)
                              /home/michal/Ac6/SystemWorkbench/plugins/fr.ac6.mcu.externaltools.arm-none.linux64_1.15.0.201708311556/tools/compiler/bin/../lib/gcc/arm-none-eabi/6.3.1/thumb/v7e-m/fpv4-sp/hard/libgcc.a(_aeabi_uldivmod.o) (__udivmoddi4)
/home/michal/Ac6/SystemWorkbench/plugins/fr.ac6.mcu.externaltools.arm-none.linux64_1.15.0.201708311556/tools/compiler/bin/../lib/gcc/arm-none-eabi/6.3.1/thumb/v7e-m/fpv4-sp/hard/libgcc.a(_dvmd_tls.o)
                              /home/michal/Ac6/SystemWorkbench/plugins/fr.ac6.mcu.externaltools.arm-none.linux64_1.15.0.201708311556/tools/compiler/bin/../lib/gcc/arm-none-eabi/6.3.1/thumb/v7e-m/fpv4-sp/hard/libgcc.a(_aeabi_uldivmod.o) (__aeabi_ldiv0)
/home/michal/Ac6/SystemWorkbench/plugins/fr.ac6.mcu.externaltools.arm-none.linux64_1.15.0.201708311556/tools/compiler/bin/../lib/gcc/arm-none-eabi/6.3.1/../../../../arm-none-eabi/lib/thumb/v7e-m/fpv4-sp/hard/libc_nano.a(lib_a-abort.o)
                              /home/michal/Ac6/SystemWorkbench/plugins/fr.ac6.mcu.externaltools.arm-none.linux64_1.15.0.201708311556/tools/compiler/bin/../lib/gcc/arm-none-eabi/6.3.1/../../../../arm-none-eabi/lib/thumb/v7e-m/fpv4-sp/hard/libstdc++_nano.a(new_op.o) (abort)
/home/michal/Ac6/SystemWorkbench/plugins/fr.ac6.mcu.externaltools.arm-none.linux64_1.15.0.201708311556/tools/compiler/bin/../lib/gcc/arm-none-eabi/6.3.1/../../../../arm-none-eabi/lib/thumb/v7e-m/fpv4-sp/hard/libc_nano.a(lib_a-exit.o)
                              /home/michal/Ac6/SystemWorkbench/plugins/fr.ac6.mcu.externaltools.arm-none.linux64_1.15.0.201708311556/tools/compiler/bin/../lib/gcc/arm-none-eabi/6.3.1/../../../../arm-none-eabi/lib/thumb/v7e-m/fpv4-sp/hard/crt0.o (exit)
/home/michal/Ac6/SystemWorkbench/plugins/fr.ac6.mcu.externaltools.arm-none.linux64_1.15.0.201708311556/tools/compiler/bin/../lib/gcc/arm-none-eabi/6.3.1/../../../../arm-none-eabi/lib/thumb/v7e-m/fpv4-sp/hard/libc_nano.a(lib_a-impure.o)
                              /home/michal/Ac6/SystemWorkbench/plugins/fr.ac6.mcu.externaltools.arm-none.linux64_1.15.0.201708311556/tools/compiler/bin/../lib/gcc/arm-none-eabi/6.3.1/../../../../arm-none-eabi/lib/thumb/v7e-m/fpv4-sp/hard/libc_nano.a(lib_a-exit.o) (_global_impure_ptr)
/home/michal/Ac6/SystemWorkbench/plugins/fr.ac6.mcu.externaltools.arm-none.linux64_1.15.0.201708311556/tools/compiler/bin/../lib/gcc/arm-none-eabi/6.3.1/../../../../arm-none-eabi/lib/thumb/v7e-m/fpv4-sp/hard/libc_nano.a(lib_a-init.o)
[...]
Memory Configuration

Name             Origin             Length             Attributes
RAM              0x0000000020000000 0x0000000000020000 xrw
FLASH            0x0000000008000000 0x0000000000080000 xr
*default*        0x0000000000000000 0xffffffffffffffff

Linker script and memory map

LOAD /home/michal/Ac6/SystemWorkbench/plugins/fr.ac6.mcu.externaltools.arm-none.linux64_1.15.0.201708311556/tools/compiler/bin/../lib/gcc/arm-none-eabi/6.3.1/thumb/v7e-m/fpv4-sp/hard/crti.o
LOAD /home/michal/Ac6/SystemWorkbench/plugins/fr.ac6.mcu.externaltools.arm-none.linux64_1.15.0.201708311556/tools/compiler/bin/../lib/gcc/arm-none-eabi/6.3.1/thumb/v7e-m/fpv4-sp/hard/crtbegin.o
LOAD /home/michal/Ac6/SystemWorkbench/plugins/fr.ac6.mcu.externaltools.arm-none.linux64_1.15.0.201708311556/tools/compiler/bin/../lib/gcc/arm-none-eabi/6.3.1/../../../../arm-none-eabi/lib/thumb/v7e-m/fpv4-sp/hard/crt0.o
LOAD Drivers/BSP/Components/L6470/L6470.o
LOAD Drivers/BSP/X-NUCLEO-IHM02A1/xnucleoihm02a1.o
LOAD Drivers/BSP/stm32f4xx_nucleo.o
LOAD Drivers/STM32F4xx_HAL_Driver/Src/stm32f4xx_hal.o
LOAD Drivers/STM32F4xx_HAL_Driver/Src/stm32f4xx_hal_adc.o
LOAD Drivers/STM32F4xx_HAL_Driver/Src/stm32f4xx_hal_adc_ex.o
LOAD Drivers/STM32F4xx_HAL_Driver/Src/stm32f4xx_hal_cortex.o
LOAD Drivers/STM32F4xx_HAL_Driver/Src/stm32f4xx_hal_dma.o
LOAD Drivers/STM32F4xx_HAL_Driver/Src/stm32f4xx_hal_dma_ex.o
LOAD Drivers/STM32F4xx_HAL_Driver/Src/stm32f4xx_hal_flash.o
LOAD Drivers/STM32F4xx_HAL_Driver/Src/stm32f4xx_hal_flash_ex.o
LOAD Drivers/STM32F4xx_HAL_Driver/Src/stm32f4xx_hal_flash_ramfunc.o
LOAD Drivers/STM32F4xx_HAL_Driver/Src/stm32f4xx_hal_gpio.o
LOAD Drivers/STM32F4xx_HAL_Driver/Src/stm32f4xx_hal_pwr.o
LOAD Drivers/STM32F4xx_HAL_Driver/Src/stm32f4xx_hal_pwr_ex.o
LOAD Drivers/STM32F4xx_HAL_Driver/Src/stm32f4xx_hal_rcc.o
LOAD Drivers/STM32F4xx_HAL_Driver/Src/stm32f4xx_hal_rcc_ex.o
LOAD Drivers/STM32F4xx_HAL_Driver/Src/stm32f4xx_hal_spi.o
LOAD Drivers/STM32F4xx_HAL_Driver/Src/stm32f4xx_hal_tim.o
LOAD Drivers/STM32F4xx_HAL_Driver/Src/stm32f4xx_hal_tim_ex.o
LOAD Drivers/STM32F4xx_HAL_Driver/Src/stm32f4xx_hal_uart.o
LOAD Inc/duration.o
LOAD Inc/time.o
LOAD Src/adc.o
LOAD Src/dma.o
LOAD Src/gpio.o
LOAD Src/main.o
LOAD Src/maincpp.o
LOAD Src/motors_param.o
LOAD Src/spi.o
LOAD Src/stm32f4xx_hal_msp.o
LOAD Src/stm32f4xx_hal_timebase_TIM.o
LOAD Src/stm32f4xx_it.o
LOAD Src/system_stm32f4xx.o
LOAD Src/tim.o
LOAD Src/usart.o
LOAD Src/bomblos/Communicator.o
LOAD startup/startup_stm32f411xe.o
LOAD /home/michal/Ac6/SystemWorkbench/plugins/fr.ac6.mcu.externaltools.arm-none.linux64_1.15.0.201708311556/tools/compiler/bin/../lib/gcc/arm-none-eabi/6.3.1/../../../../arm-none-eabi/lib/thumb/v7e-m/fpv4-sp/hard/libstdc++_nano.a
LOAD /home/michal/Ac6/SystemWorkbench/plugins/fr.ac6.mcu.externaltools.arm-none.linux64_1.15.0.201708311556/tools/compiler/bin/../lib/gcc/arm-none-eabi/6.3.1/../../../../arm-none-eabi/lib/thumb/v7e-m/fpv4-sp/hard/libm.a
START GROUP
LOAD /home/michal/Ac6/SystemWorkbench/plugins/fr.ac6.mcu.externaltools.arm-none.linux64_1.15.0.201708311556/tools/compiler/bin/../lib/gcc/arm-none-eabi/6.3.1/thumb/v7e-m/fpv4-sp/hard/libgcc.a
LOAD /home/michal/Ac6/SystemWorkbench/plugins/fr.ac6.mcu.externaltools.arm-none.linux64_1.15.0.201708311556/tools/compiler/bin/../lib/gcc/arm-none-eabi/6.3.1/../../../../arm-none-eabi/lib/thumb/v7e-m/fpv4-sp/hard/libc_nano.a
END GROUP
START GROUP
LOAD /home/michal/Ac6/SystemWorkbench/plugins/fr.ac6.mcu.externaltools.arm-none.linux64_1.15.0.201708311556/tools/compiler/bin/../lib/gcc/arm-none-eabi/6.3.1/thumb/v7e-m/fpv4-sp/hard/libgcc.a
LOAD /home/michal/Ac6/SystemWorkbench/plugins/fr.ac6.mcu.externaltools.arm-none.linux64_1.15.0.201708311556/tools/compiler/bin/../lib/gcc/arm-none-eabi/6.3.1/../../../../arm-none-eabi/lib/thumb/v7e-m/fpv4-sp/hard/libc_nano.a
LOAD /home/michal/Ac6/SystemWorkbench/plugins/fr.ac6.mcu.externaltools.arm-none.linux64_1.15.0.201708311556/tools/compiler/bin/../lib/gcc/arm-none-eabi/6.3.1/../../../../arm-none-eabi/lib/thumb/v7e-m/fpv4-sp/hard/libnosys.a
END GROUP
START GROUP
LOAD /home/michal/Ac6/SystemWorkbench/plugins/fr.ac6.mcu.externaltools.arm-none.linux64_1.15.0.201708311556/tools/compiler/bin/../lib/gcc/arm-none-eabi/6.3.1/thumb/v7e-m/fpv4-sp/hard/libgcc.a
LOAD /home/michal/Ac6/SystemWorkbench/plugins/fr.ac6.mcu.externaltools.arm-none.linux64_1.15.0.201708311556/tools/compiler/bin/../lib/gcc/arm-none-eabi/6.3.1/../../../../arm-none-eabi/lib/thumb/v7e-m/fpv4-sp/hard/libc_nano.a
LOAD /home/michal/Ac6/SystemWorkbench/plugins/fr.ac6.mcu.externaltools.arm-none.linux64_1.15.0.201708311556/tools/compiler/bin/../lib/gcc/arm-none-eabi/6.3.1/../../../../arm-none-eabi/lib/thumb/v7e-m/fpv4-sp/hard/libnosys.a
END GROUP
LOAD /home/michal/Ac6/SystemWorkbench/plugins/fr.ac6.mcu.externaltools.arm-none.linux64_1.15.0.201708311556/tools/compiler/bin/../lib/gcc/arm-none-eabi/6.3.1/thumb/v7e-m/fpv4-sp/hard/crtend.o
LOAD /home/michal/Ac6/SystemWorkbench/plugins/fr.ac6.mcu.externaltools.arm-none.linux64_1.15.0.201708311556/tools/compiler/bin/../lib/gcc/arm-none-eabi/6.3.1/thumb/v7e-m/fpv4-sp/hard/crtn.o
                0x0000000020020000                _estack = 0x20020000
                0x0000000000000200                _Min_Heap_Size = 0x200
                0x0000000000000400                _Min_Stack_Size = 0x400

.isr_vector     0x0000000008000000      0x198
                0x0000000008000000                . = ALIGN (0x4)
 *(.isr_vector)
 .isr_vector    0x0000000008000000      0x198 startup/startup_stm32f411xe.o
                0x0000000008000000                g_pfnVectors
                0x0000000008000198                . = ALIGN (0x4)

.text           0x0000000008000198     0x67ac
                0x0000000008000198                . = ALIGN (0x4)
 *(.text)
 .text          0x0000000008000198       0x6c /home/michal/Ac6/SystemWorkbench/plugins/fr.ac6.mcu.externaltools.arm-none.linux64_1.15.0.201708311556/tools/compiler/bin/../lib/gcc/arm-none-eabi/6.3.1/thumb/v7e-m/fpv4-sp/hard/crtbegin.o
 .text          0x0000000008000204       0x30 /home/michal/Ac6/SystemWorkbench/plugins/fr.ac6.mcu.externaltools.arm-none.linux64_1.15.0.201708311556/tools/compiler/bin/../lib/gcc/arm-none-eabi/6.3.1/thumb/v7e-m/fpv4-sp/hard/libgcc.a(_aeabi_uldivmod.o)
                0x0000000008000204                __aeabi_uldivmod
 .text          0x0000000008000234      0x2dc /home/michal/Ac6/SystemWorkbench/plugins/fr.ac6.mcu.externaltools.arm-none.linux64_1.15.0.201708311556/tools/compiler/bin/../lib/gcc/arm-none-eabi/6.3.1/thumb/v7e-m/fpv4-sp/hard/libgcc.a(_udivmoddi4.o)
                0x0000000008000234                __udivmoddi4
 .text          0x0000000008000510        0x4 /home/michal/Ac6/SystemWorkbench/plugins/fr.ac6.mcu.externaltools.arm-none.linux64_1.15.0.201708311556/tools/compiler/bin/../lib/gcc/arm-none-eabi/6.3.1/thumb/v7e-m/fpv4-sp/hard/libgcc.a(_dvmd_tls.o)
                0x0000000008000510                __aeabi_ldiv0
                0x0000000008000510                __aeabi_idiv0
 .text          0x0000000008000514       0x10 /home/michal/Ac6/SystemWorkbench/plugins/fr.ac6.mcu.externaltools.arm-none.linux64_1.15.0.201708311556/tools/compiler/bin/../lib/gcc/arm-none-eabi/6.3.1/../../../../arm-none-eabi/lib/thumb/v7e-m/fpv4-sp/hard/libc_nano.a(lib_a-strlen.o)
                0x0000000008000514                strlen
 *(.text*)
 .text.L6470_PrepareSetParam
                0x0000000008000524       0x3c Drivers/BSP/Components/L6470/L6470.o
                0x0000000008000524                L6470_PrepareSetParam
 .text.L6470_PrepareGetParam
                0x0000000008000560       0x3c Drivers/BSP/Components/L6470/L6470.o
                0x0000000008000560                L6470_PrepareGetParam
 .text.L6470_PrepareRun
                0x000000000800059c       0x3c Drivers/BSP/Components/L6470/L6470.o
                0x000000000800059c                L6470_PrepareRun
 .text.L6470_PrepareStepClock
                0x00000000080005d8       0x3c Drivers/BSP/Components/L6470/L6470.o
                0x00000000080005d8                L6470_PrepareStepClock
 .text.L6470_PrepareMove
                0x0000000008000614       0x3c Drivers/BSP/Components/L6470/L6470.o
                0x0000000008000614                L6470_PrepareMove
 .text.L6470_PrepareGoTo
                0x0000000008000650       0x3c Drivers/BSP/Components/L6470/L6470.o
                0x0000000008000650                L6470_PrepareGoTo
 .text.L6470_PrepareGoToDir
                0x000000000800068c       0x3c Drivers/BSP/Components/L6470/L6470.o
                0x000000000800068c                L6470_PrepareGoToDir
 .text.L6470_PrepareGoUntil
                0x00000000080006c8       0x38 Drivers/BSP/Components/L6470/L6470.o
                0x00000000080006c8                L6470_PrepareGoUntil
 .text.L6470_PrepareReleaseSW
                0x0000000008000700       0x3c Drivers/BSP/Components/L6470/L6470.o
                0x0000000008000700                L6470_PrepareReleaseSW
 .text.L6470_PrepareGoHome
                0x000000000800073c       0x3c Drivers/BSP/Components/L6470/L6470.o
                0x000000000800073c                L6470_PrepareGoHome
 .text.L6470_PrepareGoMark
                0x0000000008000778       0x3c Drivers/BSP/Components/L6470/L6470.o
                0x0000000008000778                L6470_PrepareGoMark
 .text.L6470_PrepareResetPos
                0x00000000080007b4       0x3c Drivers/BSP/Components/L6470/L6470.o
                0x00000000080007b4                L6470_PrepareResetPos
 .text.L6470_PrepareResetDevice
                0x00000000080007f0       0x3c Drivers/BSP/Components/L6470/L6470.o
                0x00000000080007f0                L6470_PrepareResetDevice
 .text.L6470_PrepareSoftStop
                0x000000000800082c       0x3c Drivers/BSP/Components/L6470/L6470.o
                0x000000000800082c                L6470_PrepareSoftStop
 .text.L6470_PrepareHardStop
                0x0000000008000868       0x3c Drivers/BSP/Components/L6470/L6470.o
                0x0000000008000868                L6470_PrepareHardStop
 .text.L6470_PrepareSoftHiZ
                0x00000000080008a4       0x3c Drivers/BSP/Components/L6470/L6470.o
                0x00000000080008a4                L6470_PrepareSoftHiZ
 .text.L6470_PrepareHardHiZ
                0x00000000080008e0       0x3c Drivers/BSP/Components/L6470/L6470.o
                0x00000000080008e0                L6470_PrepareHardHiZ
 .text.L6470_PrepareGetStatus
                0x000000000800091c       0x3c Drivers/BSP/Components/L6470/L6470.o
                0x000000000800091c                L6470_PrepareGetStatus
 .text.L6470_PrepareDaisyChainCommand
                0x0000000008000958      0x13c Drivers/BSP/Components/L6470/L6470.o
                0x0000000008000958                L6470_PrepareDaisyChainCommand
 .text.L6470_ID
                0x0000000008000a94        0x8 Drivers/BSP/Components/L6470/L6470.o
                0x0000000008000a94                L6470_ID
 .text.L6470_DaisyChainCommand
                0x0000000008000a9c       0x74 Drivers/BSP/Components/L6470/L6470.o
                0x0000000008000a9c                L6470_DaisyChainCommand
 .text.L6470_SetParam
                0x0000000008000b10       0x54 Drivers/BSP/Components/L6470/L6470.o
                0x0000000008000b10                L6470_SetParam
 .text.L6470_Run
                0x0000000008000b64       0x54 Drivers/BSP/Components/L6470/L6470.o
                0x0000000008000b64                L6470_Run
 .text.L6470_StepClock
                0x0000000008000bb8       0x54 Drivers/BSP/Components/L6470/L6470.o
                0x0000000008000bb8                L6470_StepClock
 .text.L6470_Move
                0x0000000008000c0c       0x54 Drivers/BSP/Components/L6470/L6470.o
                0x0000000008000c0c                L6470_Move
 .text.L6470_GoTo
                0x0000000008000c60       0x5c Drivers/BSP/Components/L6470/L6470.o
                0x0000000008000c60                L6470_GoTo
 .text.L6470_GoToDir
                0x0000000008000cbc       0x5c Drivers/BSP/Components/L6470/L6470.o
                0x0000000008000cbc                L6470_GoToDir
 .text.L6470_GoUntil
                0x0000000008000d18       0x54 Drivers/BSP/Components/L6470/L6470.o
                0x0000000008000d18                L6470_GoUntil
 .text.L6470_ReleaseSW
                0x0000000008000d6c       0x54 Drivers/BSP/Components/L6470/L6470.o
                0x0000000008000d6c                L6470_ReleaseSW
 .text.L6470_GoHome
                0x0000000008000dc0       0x54 Drivers/BSP/Components/L6470/L6470.o
                0x0000000008000dc0                L6470_GoHome
 .text.L6470_GoMark
                0x0000000008000e14       0x54 Drivers/BSP/Components/L6470/L6470.o
                0x0000000008000e14                L6470_GoMark
 .text.L6470_ResetPos
                0x0000000008000e68       0x54 Drivers/BSP/Components/L6470/L6470.o
                0x0000000008000e68                L6470_ResetPos
 .text.L6470_ResetDevice
                0x0000000008000ebc       0x54 Drivers/BSP/Components/L6470/L6470.o
                0x0000000008000ebc                L6470_ResetDevice
 .text.L6470_SoftStop
                0x0000000008000f10       0x54 Drivers/BSP/Components/L6470/L6470.o
                0x0000000008000f10                L6470_SoftStop
 .text.L6470_HardStop
                0x0000000008000f64       0x54 Drivers/BSP/Components/L6470/L6470.o
                0x0000000008000f64                L6470_HardStop
 .text.L6470_SoftHiZ
                0x0000000008000fb8       0x54 Drivers/BSP/Components/L6470/L6470.o
                0x0000000008000fb8                L6470_SoftHiZ
 .text.L6470_HardHiZ
                0x000000000800100c       0x54 Drivers/BSP/Components/L6470/L6470.o
                0x000000000800100c                L6470_HardHiZ
 .text.L6470_PerformPreparedApplicationCommand
                0x0000000008001060       0x28 Drivers/BSP/Components/L6470/L6470.o
                0x0000000008001060                L6470_PerformPreparedApplicationCommand
 .text.L6470_GetParam
                0x0000000008001088       0x8c Drivers/BSP/Components/L6470/L6470.o
                0x0000000008001088                L6470_GetParam
 .text.L6470_CheckStatusRegisterFlag
                0x0000000008001114       0xc4 Drivers/BSP/Components/L6470/L6470.o
                0x0000000008001114                L6470_CheckStatusRegisterFlag
 .text.L6470_GetStatus
                0x00000000080011d8       0x64 Drivers/BSP/Components/L6470/L6470.o
                0x00000000080011d8                L6470_GetStatus
 .text.L6470_Config
                0x000000000800123c      0x420 Drivers/BSP/Components/L6470/L6470.o
                0x000000000800123c                L6470_Config
 .text.BSP_0_Config
                0x000000000800165c       0x28 Drivers/BSP/X-NUCLEO-IHM02A1/xnucleoihm02a1.o
                0x000000000800165c                BSP_0_Config
 .text.BSP_1_Config
                0x0000000008001684       0x28 Drivers/BSP/X-NUCLEO-IHM02A1/xnucleoihm02a1.o
                0x0000000008001684                BSP_1_Config
 .text.BSP_2_Config
                0x00000000080016ac       0x28 Drivers/BSP/X-NUCLEO-IHM02A1/xnucleoihm02a1.o
                0x00000000080016ac                BSP_2_Config
 .text.BSP_3_Config
                0x00000000080016d4       0x28 Drivers/BSP/X-NUCLEO-IHM02A1/xnucleoihm02a1.o
                0x00000000080016d4                BSP_3_Config
 .text.BSP_L6470_0_0_Config
                0x00000000080016fc        0xc Drivers/BSP/X-NUCLEO-IHM02A1/xnucleoihm02a1.o
                0x00000000080016fc                BSP_L6470_0_0_Config
 .text.BSP_L6470_0_1_Config
                0x0000000008001708        0xc Drivers/BSP/X-NUCLEO-IHM02A1/xnucleoihm02a1.o
                0x0000000008001708                BSP_L6470_0_1_Config
 .text.BSP_L6470_1_0_Config
                0x0000000008001714        0xc Drivers/BSP/X-NUCLEO-IHM02A1/xnucleoihm02a1.o
                0x0000000008001714                BSP_L6470_1_0_Config
 .text.BSP_L6470_1_1_Config
                0x0000000008001720        0xc Drivers/BSP/X-NUCLEO-IHM02A1/xnucleoihm02a1.o
                0x0000000008001720                BSP_L6470_1_1_Config
 .text.BSP_L6470_2_0_Config
                0x000000000800172c        0xc Drivers/BSP/X-NUCLEO-IHM02A1/xnucleoihm02a1.o
                0x000000000800172c                BSP_L6470_2_0_Config
 .text.BSP_L6470_2_1_Config
                0x0000000008001738        0xc Drivers/BSP/X-NUCLEO-IHM02A1/xnucleoihm02a1.o
                0x0000000008001738                BSP_L6470_2_1_Config
 .text.BSP_L6470_3_0_Config
                0x0000000008001744        0xc Drivers/BSP/X-NUCLEO-IHM02A1/xnucleoihm02a1.o
                0x0000000008001744                BSP_L6470_3_0_Config
 .text.BSP_L6470_3_1_Config
                0x0000000008001750        0xc Drivers/BSP/X-NUCLEO-IHM02A1/xnucleoihm02a1.o
                0x0000000008001750                BSP_L6470_3_1_Config
 .text.BSP_Select.part.0
                0x000000000800175c       0x30 Drivers/BSP/X-NUCLEO-IHM02A1/xnucleoihm02a1.o
 .text.BSP_Select
                0x000000000800178c        0xc Drivers/BSP/X-NUCLEO-IHM02A1/xnucleoihm02a1.o
                0x000000000800178c                BSP_Select
 .text.BSP_L6470_ResetDevice
                0x0000000008001798       0x1c Drivers/BSP/X-NUCLEO-IHM02A1/xnucleoihm02a1.o
                0x0000000008001798                BSP_L6470_ResetDevice
 .text.BSP_L6470_GetStatus
                0x00000000080017b4       0x20 Drivers/BSP/X-NUCLEO-IHM02A1/xnucleoihm02a1.o
                0x00000000080017b4                BSP_L6470_GetStatus
 .text.BSP_L6470_SetParam
                0x00000000080017d4       0x24 Drivers/BSP/X-NUCLEO-IHM02A1/xnucleoihm02a1.o
                0x00000000080017d4                BSP_L6470_SetParam
 .text.BSP_L6470_GetParam
                0x00000000080017f8       0x24 Drivers/BSP/X-NUCLEO-IHM02A1/xnucleoihm02a1.o
                0x00000000080017f8                BSP_L6470_GetParam
 .text.BSP_L6470_Run
                0x000000000800181c       0x24 Drivers/BSP/X-NUCLEO-IHM02A1/xnucleoihm02a1.o
                0x000000000800181c                BSP_L6470_Run
 .text.BSP_L6470_StepClock
                0x0000000008001840       0x20 Drivers/BSP/X-NUCLEO-IHM02A1/xnucleoihm02a1.o
                0x0000000008001840                BSP_L6470_StepClock
 .text.BSP_L6470_Move
                0x0000000008001860       0x24 Drivers/BSP/X-NUCLEO-IHM02A1/xnucleoihm02a1.o
                0x0000000008001860                BSP_L6470_Move
 .text.BSP_L6470_GoTo
                0x0000000008001884       0x20 Drivers/BSP/X-NUCLEO-IHM02A1/xnucleoihm02a1.o
                0x0000000008001884                BSP_L6470_GoTo
 .text.BSP_L6470_GoToDir
                0x00000000080018a4       0x24 Drivers/BSP/X-NUCLEO-IHM02A1/xnucleoihm02a1.o
                0x00000000080018a4                BSP_L6470_GoToDir
 .text.BSP_L6470_GoUntil
                0x00000000080018c8       0x2c Drivers/BSP/X-NUCLEO-IHM02A1/xnucleoihm02a1.o
                0x00000000080018c8                BSP_L6470_GoUntil
 .text.BSP_L6470_ReleaseSW
                0x00000000080018f4       0x24 Drivers/BSP/X-NUCLEO-IHM02A1/xnucleoihm02a1.o
                0x00000000080018f4                BSP_L6470_ReleaseSW
 .text.BSP_L6470_GoHome
                0x0000000008001918       0x1c Drivers/BSP/X-NUCLEO-IHM02A1/xnucleoihm02a1.o
                0x0000000008001918                BSP_L6470_GoHome
 .text.BSP_L6470_GoMark
                0x0000000008001934       0x1c Drivers/BSP/X-NUCLEO-IHM02A1/xnucleoihm02a1.o
                0x0000000008001934                BSP_L6470_GoMark
 .text.BSP_L6470_ResetPos
                0x0000000008001950       0x1c Drivers/BSP/X-NUCLEO-IHM02A1/xnucleoihm02a1.o
                0x0000000008001950                BSP_L6470_ResetPos
 .text.BSP_L6470_SoftStop
                0x000000000800196c       0x1c Drivers/BSP/X-NUCLEO-IHM02A1/xnucleoihm02a1.o
                0x000000000800196c                BSP_L6470_SoftStop
 .text.BSP_L6470_HardStop
                0x0000000008001988       0x1c Drivers/BSP/X-NUCLEO-IHM02A1/xnucleoihm02a1.o
                0x0000000008001988                BSP_L6470_HardStop
 .text.BSP_L6470_SoftHiZ
                0x00000000080019a4       0x1c Drivers/BSP/X-NUCLEO-IHM02A1/xnucleoihm02a1.o
                0x00000000080019a4                BSP_L6470_SoftHiZ
 .text.BSP_L6470_HardHiZ
                0x00000000080019c0       0x1c Drivers/BSP/X-NUCLEO-IHM02A1/xnucleoihm02a1.o
                0x00000000080019c0                BSP_L6470_HardHiZ
 .text.BSP_L6470_CheckStatusRegisterFlag
                0x00000000080019dc       0x24 Drivers/BSP/X-NUCLEO-IHM02A1/xnucleoihm02a1.o
                0x00000000080019dc                BSP_L6470_CheckStatusRegisterFlag
 .text.BSP_L6470_Init
                0x0000000008001a00       0x68 Drivers/BSP/X-NUCLEO-IHM02A1/xnucleoihm02a1.o
                0x0000000008001a00                BSP_L6470_Init
 .text.BSP_Init
                0x0000000008001a68       0x1c Drivers/BSP/X-NUCLEO-IHM02A1/xnucleoihm02a1.o
                0x0000000008001a68                BSP_Init
 .text.HAL_Init
                0x0000000008001a84       0x34 Drivers/STM32F4xx_HAL_Driver/Src/stm32f4xx_hal.o
                0x0000000008001a84                HAL_Init
 .text.HAL_IncTick
                0x0000000008001ab8       0x18 Drivers/STM32F4xx_HAL_Driver/Src/stm32f4xx_hal.o
                0x0000000008001ab8                HAL_IncTick
 .text.HAL_GetTick
                0x0000000008001ad0        0xc Drivers/STM32F4xx_HAL_Driver/Src/stm32f4xx_hal.o
                0x0000000008001ad0                HAL_GetTick
 .text.HAL_Delay
                0x0000000008001adc       0x24 Drivers/STM32F4xx_HAL_Driver/Src/stm32f4xx_hal.o
                0x0000000008001adc                HAL_Delay
 .text.HAL_ADC_Init
                0x0000000008001b00      0x15c Drivers/STM32F4xx_HAL_Driver/Src/stm32f4xx_hal_adc.o
                0x0000000008001b00                HAL_ADC_Init
 .text.HAL_ADC_ConfigChannel
                0x0000000008001c5c      0x150 Drivers/STM32F4xx_HAL_Driver/Src/stm32f4xx_hal_adc.o
                0x0000000008001c5c                HAL_ADC_ConfigChannel
 .text.HAL_NVIC_SetPriorityGrouping
                0x0000000008001dac       0x24 Drivers/STM32F4xx_HAL_Driver/Src/stm32f4xx_hal_cortex.o
                0x0000000008001dac                HAL_NVIC_SetPriorityGrouping
 .text.HAL_NVIC_SetPriority
                0x0000000008001dd0       0x6c Drivers/STM32F4xx_HAL_Driver/Src/stm32f4xx_hal_cortex.o
                0x0000000008001dd0                HAL_NVIC_SetPriority
 .text.HAL_NVIC_EnableIRQ
                0x0000000008001e3c       0x18 Drivers/STM32F4xx_HAL_Driver/Src/stm32f4xx_hal_cortex.o
                0x0000000008001e3c                HAL_NVIC_EnableIRQ
 .text.HAL_SYSTICK_Config
                0x0000000008001e54       0x34 Drivers/STM32F4xx_HAL_Driver/Src/stm32f4xx_hal_cortex.o
                0x0000000008001e54                HAL_SYSTICK_Config
 .text.HAL_SYSTICK_CLKSourceConfig
                0x0000000008001e88       0x18 Drivers/STM32F4xx_HAL_Driver/Src/stm32f4xx_hal_cortex.o
                0x0000000008001e88                HAL_SYSTICK_CLKSourceConfig
 .text.HAL_SYSTICK_Callback
                0x0000000008001ea0        0x4 Drivers/STM32F4xx_HAL_Driver/Src/stm32f4xx_hal_cortex.o
                0x0000000008001ea0                HAL_SYSTICK_Callback
 .text.HAL_SYSTICK_IRQHandler
                0x0000000008001ea4        0x8 Drivers/STM32F4xx_HAL_Driver/Src/stm32f4xx_hal_cortex.o
                0x0000000008001ea4                HAL_SYSTICK_IRQHandler
 .text.HAL_DMA_Init
                0x0000000008001eac      0x134 Drivers/STM32F4xx_HAL_Driver/Src/stm32f4xx_hal_dma.o
                0x0000000008001eac                HAL_DMA_Init
 .text.HAL_DMA_Start_IT
                0x0000000008001fe0       0x84 Drivers/STM32F4xx_HAL_Driver/Src/stm32f4xx_hal_dma.o
                0x0000000008001fe0                HAL_DMA_Start_IT
 .text.HAL_DMA_Abort_IT
                0x0000000008002064       0x24 Drivers/STM32F4xx_HAL_Driver/Src/stm32f4xx_hal_dma.o
                0x0000000008002064                HAL_DMA_Abort_IT
 .text.HAL_DMA_IRQHandler
                0x0000000008002088      0x1a0 Drivers/STM32F4xx_HAL_Driver/Src/stm32f4xx_hal_dma.o
                0x0000000008002088                HAL_DMA_IRQHandler
 .text.HAL_GPIO_Init
                0x0000000008002228      0x1dc Drivers/STM32F4xx_HAL_Driver/Src/stm32f4xx_hal_gpio.o
                0x0000000008002228                HAL_GPIO_Init
 .text.HAL_GPIO_WritePin
                0x0000000008002404        0x8 Drivers/STM32F4xx_HAL_Driver/Src/stm32f4xx_hal_gpio.o
                0x0000000008002404                HAL_GPIO_WritePin
 .text.HAL_GPIO_TogglePin
                0x000000000800240c        0x8 Drivers/STM32F4xx_HAL_Driver/Src/stm32f4xx_hal_gpio.o
                0x000000000800240c                HAL_GPIO_TogglePin
 .text.HAL_RCC_OscConfig
                0x0000000008002414      0x378 Drivers/STM32F4xx_HAL_Driver/Src/stm32f4xx_hal_rcc.o
                0x0000000008002414                HAL_RCC_OscConfig
 .text.HAL_RCC_GetSysClockFreq
                0x000000000800278c       0x6c Drivers/STM32F4xx_HAL_Driver/Src/stm32f4xx_hal_rcc.o
                0x000000000800278c                HAL_RCC_GetSysClockFreq
 .text.HAL_RCC_ClockConfig
                0x00000000080027f8      0x134 Drivers/STM32F4xx_HAL_Driver/Src/stm32f4xx_hal_rcc.o
                0x00000000080027f8                HAL_RCC_ClockConfig
 .text.HAL_RCC_GetHCLKFreq
                0x000000000800292c        0xc Drivers/STM32F4xx_HAL_Driver/Src/stm32f4xx_hal_rcc.o
                0x000000000800292c                HAL_RCC_GetHCLKFreq
 .text.HAL_RCC_GetPCLK1Freq
                0x0000000008002938       0x20 Drivers/STM32F4xx_HAL_Driver/Src/stm32f4xx_hal_rcc.o
                0x0000000008002938                HAL_RCC_GetPCLK1Freq
 .text.HAL_RCC_GetPCLK2Freq
                0x0000000008002958       0x20 Drivers/STM32F4xx_HAL_Driver/Src/stm32f4xx_hal_rcc.o
                0x0000000008002958                HAL_RCC_GetPCLK2Freq
 .text.HAL_RCC_GetClockConfig
                0x0000000008002978       0x44 Drivers/STM32F4xx_HAL_Driver/Src/stm32f4xx_hal_rcc.o
                0x0000000008002978                HAL_RCC_GetClockConfig
 .text.SPI_WaitFlagStateUntilTimeout
                0x00000000080029bc       0x9c Drivers/STM32F4xx_HAL_Driver/Src/stm32f4xx_hal_spi.o
 .text.HAL_SPI_TransmitReceive.part.1
                0x0000000008002a58      0x1fc Drivers/STM32F4xx_HAL_Driver/Src/stm32f4xx_hal_spi.o
 .text.HAL_SPI_Init
                0x0000000008002c54       0x80 Drivers/STM32F4xx_HAL_Driver/Src/stm32f4xx_hal_spi.o
                0x0000000008002c54                HAL_SPI_Init
 .text.HAL_SPI_TransmitReceive
                0x0000000008002cd4       0x18 Drivers/STM32F4xx_HAL_Driver/Src/stm32f4xx_hal_spi.o
                0x0000000008002cd4                HAL_SPI_TransmitReceive
 .text.HAL_TIM_Base_Start
                0x0000000008002cec       0x20 Drivers/STM32F4xx_HAL_Driver/Src/stm32f4xx_hal_tim.o
                0x0000000008002cec                HAL_TIM_Base_Start
 .text.HAL_TIM_Base_Start_IT
                0x0000000008002d0c       0x18 Drivers/STM32F4xx_HAL_Driver/Src/stm32f4xx_hal_tim.o
                0x0000000008002d0c                HAL_TIM_Base_Start_IT
 .text.HAL_TIM_ConfigClockSource
                0x0000000008002d24      0x180 Drivers/STM32F4xx_HAL_Driver/Src/stm32f4xx_hal_tim.o
                0x0000000008002d24                HAL_TIM_ConfigClockSource
 .text.HAL_TIM_OC_DelayElapsedCallback
                0x0000000008002ea4        0x4 Drivers/STM32F4xx_HAL_Driver/Src/stm32f4xx_hal_tim.o
                0x0000000008002ea4                HAL_TIM_OC_DelayElapsedCallback
 .text.HAL_TIM_IC_CaptureCallback
                0x0000000008002ea8        0x4 Drivers/STM32F4xx_HAL_Driver/Src/stm32f4xx_hal_tim.o
                0x0000000008002ea8                HAL_TIM_IC_CaptureCallback
 .text.HAL_TIM_PWM_PulseFinishedCallback
                0x0000000008002eac        0x4 Drivers/STM32F4xx_HAL_Driver/Src/stm32f4xx_hal_tim.o
                0x0000000008002eac                HAL_TIM_PWM_PulseFinishedCallback
 .text.HAL_TIM_TriggerCallback
                0x0000000008002eb0        0x4 Drivers/STM32F4xx_HAL_Driver/Src/stm32f4xx_hal_tim.o
                0x0000000008002eb0                HAL_TIM_TriggerCallback
 .text.HAL_TIM_IRQHandler
                0x0000000008002eb4      0x154 Drivers/STM32F4xx_HAL_Driver/Src/stm32f4xx_hal_tim.o
                0x0000000008002eb4                HAL_TIM_IRQHandler
 .text.TIM_Base_SetConfig
                0x0000000008003008       0xa0 Drivers/STM32F4xx_HAL_Driver/Src/stm32f4xx_hal_tim.o
                0x0000000008003008                TIM_Base_SetConfig
 .text.HAL_TIM_Base_Init
                0x00000000080030a8       0x38 Drivers/STM32F4xx_HAL_Driver/Src/stm32f4xx_hal_tim.o
                0x00000000080030a8                HAL_TIM_Base_Init
 .text.HAL_TIMEx_MasterConfigSynchronization
                0x00000000080030e0       0x4c Drivers/STM32F4xx_HAL_Driver/Src/stm32f4xx_hal_tim_ex.o
                0x00000000080030e0                HAL_TIMEx_MasterConfigSynchronization
 .text.HAL_TIMEx_CommutationCallback
                0x000000000800312c        0x4 Drivers/STM32F4xx_HAL_Driver/Src/stm32f4xx_hal_tim_ex.o
                0x000000000800312c                HAL_TIMEx_CommutationCallback
 .text.HAL_TIMEx_BreakCallback
                0x0000000008003130        0x4 Drivers/STM32F4xx_HAL_Driver/Src/stm32f4xx_hal_tim_ex.o
                0x0000000008003130                HAL_TIMEx_BreakCallback
 .text.UART_SetConfig
                0x0000000008003134      0x300 Drivers/STM32F4xx_HAL_Driver/Src/stm32f4xx_hal_uart.o
 .text.HAL_UART_Init
                0x0000000008003434       0x60 Drivers/STM32F4xx_HAL_Driver/Src/stm32f4xx_hal_uart.o
                0x0000000008003434                HAL_UART_Init
 .text.HAL_UART_Transmit_DMA
                0x0000000008003494       0x78 Drivers/STM32F4xx_HAL_Driver/Src/stm32f4xx_hal_uart.o
                0x0000000008003494                HAL_UART_Transmit_DMA
 .text.HAL_UART_Receive_DMA
                0x000000000800350c       0x94 Drivers/STM32F4xx_HAL_Driver/Src/stm32f4xx_hal_uart.o
                0x000000000800350c                HAL_UART_Receive_DMA
 .text.UART_DMATransmitCplt
                0x00000000080035a0       0x2c Drivers/STM32F4xx_HAL_Driver/Src/stm32f4xx_hal_uart.o
 .text.HAL_UART_TxHalfCpltCallback
                0x00000000080035cc        0x4 Drivers/STM32F4xx_HAL_Driver/Src/stm32f4xx_hal_uart.o
                0x00000000080035cc                HAL_UART_TxHalfCpltCallback
 .text.UART_DMATxHalfCplt
                0x00000000080035d0        0xc Drivers/STM32F4xx_HAL_Driver/Src/stm32f4xx_hal_uart.o
 .text.UART_DMAReceiveCplt
                0x00000000080035dc       0x38 Drivers/STM32F4xx_HAL_Driver/Src/stm32f4xx_hal_uart.o
 .text.UART_Receive_IT.part.1
                0x0000000008003614       0x80 Drivers/STM32F4xx_HAL_Driver/Src/stm32f4xx_hal_uart.o
 .text.HAL_UART_RxHalfCpltCallback
                0x0000000008003694        0x4 Drivers/STM32F4xx_HAL_Driver/Src/stm32f4xx_hal_uart.o
                0x0000000008003694                HAL_UART_RxHalfCpltCallback
 .text.UART_DMARxHalfCplt
                0x0000000008003698        0xc Drivers/STM32F4xx_HAL_Driver/Src/stm32f4xx_hal_uart.o
 .text.HAL_UART_ErrorCallback
                0x00000000080036a4        0x4 Drivers/STM32F4xx_HAL_Driver/Src/stm32f4xx_hal_uart.o
                0x00000000080036a4                HAL_UART_ErrorCallback
 .text.UART_DMAError
                0x00000000080036a8       0x60 Drivers/STM32F4xx_HAL_Driver/Src/stm32f4xx_hal_uart.o
 .text.HAL_UART_IRQHandler
                0x0000000008003708      0x188 Drivers/STM32F4xx_HAL_Driver/Src/stm32f4xx_hal_uart.o
                0x0000000008003708                HAL_UART_IRQHandler
 .text.UART_DMAAbortOnError
                0x0000000008003890       0x14 Drivers/STM32F4xx_HAL_Driver/Src/stm32f4xx_hal_uart.o
 .text._ZN3ros16normalizeSecNSecERmS0_
                0x00000000080038a4       0x28 Inc/time.o
                0x00000000080038a4                ros::normalizeSecNSec(unsigned long&, unsigned long&)
 .text.MX_ADC1_Init
                0x00000000080038cc       0x68 Src/adc.o
                0x00000000080038cc                MX_ADC1_Init
 .text.HAL_ADC_MspInit
                0x0000000008003934       0x48 Src/adc.o
                0x0000000008003934                HAL_ADC_MspInit
 .text.MX_DMA_Init
                0x000000000800397c       0x44 Src/dma.o
                0x000000000800397c                MX_DMA_Init
 .text.MX_GPIO_Init
                0x00000000080039c0       0xa4 Src/gpio.o
                0x00000000080039c0                MX_GPIO_Init
 .text.SystemClock_Config
                0x0000000008003a64       0xac Src/main.o
                0x0000000008003a64                SystemClock_Config
 .text.startup.main
                0x0000000008003b10       0x30 Src/main.o
                0x0000000008003b10                main
 .text.HAL_TIM_PeriodElapsedCallback
                0x0000000008003b40       0x14 Src/main.o
                0x0000000008003b40                HAL_TIM_PeriodElapsedCallback
 .text._Error_Handler
                0x0000000008003b54        0x4 Src/main.o
                0x0000000008003b54                _Error_Handler
 .text._ZNK8std_msgs6UInt649serializeEPh
                0x0000000008003b58       0x28 Src/maincpp.o
                0x0000000008003b58                std_msgs::UInt64::serialize(unsigned char*) const
 .text._ZN8std_msgs6UInt6411deserializeEPh
                0x0000000008003b80       0x84 Src/maincpp.o
                0x0000000008003b80                std_msgs::UInt64::deserialize(unsigned char*)
 .text._ZN8std_msgs6UInt647getTypeEv
                0x0000000008003c04        0x8 Src/maincpp.o
                0x0000000008003c04                std_msgs::UInt64::getType()
 .text._ZN8std_msgs6UInt646getMD5Ev
                0x0000000008003c0c        0x8 Src/maincpp.o
                0x0000000008003c0c                std_msgs::UInt64::getMD5()
 .text.HAL_UART_TxCpltCallback
                0x0000000008003c14       0x60 Src/maincpp.o
                0x0000000008003c14                HAL_UART_TxCpltCallback
 .text.HAL_UART_RxCpltCallback
                0x0000000008003c74       0x20 Src/maincpp.o
                0x0000000008003c74                HAL_UART_RxCpltCallback
 .text.setup    0x0000000008003c94       0x1c Src/maincpp.o
                0x0000000008003c94                setup
 .text.loop     0x0000000008003cb0       0x1c Src/maincpp.o
                0x0000000008003cb0                loop
 .text.startup._GLOBAL__sub_I_time
                0x0000000008003ccc       0x30 Src/maincpp.o
 .text.MX_SPI1_Init
                0x0000000008003cfc       0x54 Src/spi.o
                0x0000000008003cfc                MX_SPI1_Init
 .text.HAL_SPI_MspInit
                0x0000000008003d50       0x50 Src/spi.o
                0x0000000008003d50                HAL_SPI_MspInit
 .text.HAL_MspInit
                0x0000000008003da0       0x60 Src/stm32f4xx_hal_msp.o
                0x0000000008003da0                HAL_MspInit
 .text.HAL_InitTick
                0x0000000008003e00       0x7c Src/stm32f4xx_hal_timebase_TIM.o
                0x0000000008003e00                HAL_InitTick
 .text.SVC_Handler
                0x0000000008003e7c        0x4 Src/stm32f4xx_it.o
                0x0000000008003e7c                SVC_Handler
 .text.PendSV_Handler
                0x0000000008003e80        0x4 Src/stm32f4xx_it.o
                0x0000000008003e80                PendSV_Handler
 .text.SysTick_Handler
                0x0000000008003e84        0x4 Src/stm32f4xx_it.o
                0x0000000008003e84                SysTick_Handler
 .text.DMA1_Stream6_IRQHandler
                0x0000000008003e88        0xc Src/stm32f4xx_it.o
                0x0000000008003e88                DMA1_Stream6_IRQHandler
 .text.TIM1_UP_TIM10_IRQHandler
                0x0000000008003e94        0xc Src/stm32f4xx_it.o
                0x0000000008003e94                TIM1_UP_TIM10_IRQHandler
 .text.USART2_IRQHandler
                0x0000000008003ea0        0xc Src/stm32f4xx_it.o
                0x0000000008003ea0                USART2_IRQHandler
 .text.DMA1_Stream7_IRQHandler
                0x0000000008003eac        0xc Src/stm32f4xx_it.o
                0x0000000008003eac                DMA1_Stream7_IRQHandler
 .text.SystemInit
                0x0000000008003eb8       0x50 Src/system_stm32f4xx.o
                0x0000000008003eb8                SystemInit
 .text.MX_TIM2_Init
                0x0000000008003f08       0x70 Src/tim.o
                0x0000000008003f08                MX_TIM2_Init
 .text.HAL_TIM_Base_MspInit
                0x0000000008003f78       0x2c Src/tim.o
                0x0000000008003f78                HAL_TIM_Base_MspInit
 .text.MX_USART2_UART_Init
                0x0000000008003fa4       0x40 Src/usart.o
                0x0000000008003fa4                MX_USART2_UART_Init
 .text.HAL_UART_MspInit
                0x0000000008003fe4       0xf8 Src/usart.o
                0x0000000008003fe4                HAL_UART_MspInit
 .text._ZNK8std_msgs4Time9serializeEPh
                0x00000000080040dc       0x28 Src/bomblos/Communicator.o
                0x00000000080040dc                std_msgs::Time::serialize(unsigned char*) const
 .text._ZN8std_msgs4Time11deserializeEPh
                0x0000000008004104       0x3c Src/bomblos/Communicator.o
                0x0000000008004104                std_msgs::Time::deserialize(unsigned char*)
 .text._ZN8std_msgs4Time7getTypeEv
                0x0000000008004140        0x8 Src/bomblos/Communicator.o
                0x0000000008004140                std_msgs::Time::getType()
 .text._ZN8std_msgs4Time6getMD5Ev
                0x0000000008004148        0x8 Src/bomblos/Communicator.o
                0x0000000008004148                std_msgs::Time::getMD5()
 .text._ZN14rosserial_msgs9TopicInfo11deserializeEPh
                0x0000000008004150       0xe4 Src/bomblos/Communicator.o
                0x0000000008004150                rosserial_msgs::TopicInfo::deserialize(unsigned char*)
 .text._ZN14rosserial_msgs9TopicInfo7getTypeEv
                0x0000000008004234        0x8 Src/bomblos/Communicator.o
                0x0000000008004234                rosserial_msgs::TopicInfo::getType()
 .text._ZN14rosserial_msgs9TopicInfo6getMD5Ev
                0x000000000800423c        0x8 Src/bomblos/Communicator.o
                0x000000000800423c                rosserial_msgs::TopicInfo::getMD5()
 .text._ZN14rosserial_msgs3Log11deserializeEPh
                0x0000000008004244       0x44 Src/bomblos/Communicator.o
                0x0000000008004244                rosserial_msgs::Log::deserialize(unsigned char*)
 .text._ZN14rosserial_msgs3Log7getTypeEv
                0x0000000008004288        0x8 Src/bomblos/Communicator.o
                0x0000000008004288                rosserial_msgs::Log::getType()
 .text._ZN14rosserial_msgs3Log6getMD5Ev
                0x0000000008004290        0x8 Src/bomblos/Communicator.o
                0x0000000008004290                rosserial_msgs::Log::getMD5()
 .text._ZN14rosserial_msgs20RequestParamResponse7getTypeEv
                0x0000000008004298        0x8 Src/bomblos/Communicator.o
                0x0000000008004298                rosserial_msgs::RequestParamResponse::getType()
 .text._ZN14rosserial_msgs20RequestParamResponse6getMD5Ev
                0x00000000080042a0        0x8 Src/bomblos/Communicator.o
                0x00000000080042a0                rosserial_msgs::RequestParamResponse::getMD5()
 .text._ZN3ros10SubscriberIN8std_msgs6UInt64E12CommunicatorE15getEndpointTypeEv
                0x00000000080042a8        0x4 Src/bomblos/Communicator.o
                0x00000000080042a8                ros::Subscriber<std_msgs::UInt64, Communicator>::getEndpointType()
 .text._ZN3ros10SubscriberIN8std_msgs6UInt64E12CommunicatorE10getMsgTypeEv
                0x00000000080042ac        0x8 Src/bomblos/Communicator.o
                0x00000000080042ac                ros::Subscriber<std_msgs::UInt64, Communicator>::getMsgType()
 .text._ZN3ros10SubscriberIN8std_msgs6UInt64E12CommunicatorE9getMsgMD5Ev
                0x00000000080042b4        0x8 Src/bomblos/Communicator.o
                0x00000000080042b4                ros::Subscriber<std_msgs::UInt64, Communicator>::getMsgMD5()
 .text._ZN3ros11NodeHandle_I13STM32HardwareLi25ELi25ELi512ELi512EE9connectedEv
                0x00000000080042bc        0x8 Src/bomblos/Communicator.o
                0x00000000080042bc                ros::NodeHandle_<STM32Hardware, 25, 25, 512, 512>::connected()
 .text._ZNK14rosserial_msgs9TopicInfo9serializeEPh
                0x00000000080042c4       0x98 Src/bomblos/Communicator.o
                0x00000000080042c4                rosserial_msgs::TopicInfo::serialize(unsigned char*) const
 .text._ZNK14rosserial_msgs20RequestParamResponse9serializeEPh
                0x000000000800435c      0x144 Src/bomblos/Communicator.o
                0x000000000800435c                rosserial_msgs::RequestParamResponse::serialize(unsigned char*) const
 .text._ZNK14rosserial_msgs3Log9serializeEPh
                0x00000000080044a0       0x34 Src/bomblos/Communicator.o
                0x00000000080044a0                rosserial_msgs::Log::serialize(unsigned char*) const
 .text._ZN14rosserial_msgs20RequestParamResponse11deserializeEPh
                0x00000000080044d4      0x1ac Src/bomblos/Communicator.o
                0x00000000080044d4                rosserial_msgs::RequestParamResponse::deserialize(unsigned char*)
 .text._ZN3ros10SubscriberIN8std_msgs6UInt64E12CommunicatorE8callbackEPh
                0x0000000008004680       0xb0 Src/bomblos/Communicator.o
                0x0000000008004680                ros::Subscriber<std_msgs::UInt64, Communicator>::callback(unsigned char*)
 .text._ZN3ros11NodeHandle_I13STM32HardwareLi25ELi25ELi512ELi512EE7publishEiPKNS_3MsgE.part.4
                0x0000000008004730      0x154 Src/bomblos/Communicator.o
 .text._ZN12Communicator12cmd_callbackERKN8std_msgs6UInt64E
                0x0000000008004884      0x170 Src/bomblos/Communicator.o
                0x0000000008004884                Communicator::cmd_callback(std_msgs::UInt64 const&)
 .text._ZN3ros11NodeHandle_I13STM32HardwareLi25ELi25ELi512ELi512EE7publishEiPKNS_3MsgE
                0x00000000080049f4      0x27c Src/bomblos/Communicator.o
                0x00000000080049f4                ros::NodeHandle_<STM32Hardware, 25, 25, 512, 512>::publish(int, ros::Msg const*)
 .text._ZN12CommunicatorC2Ev
                0x0000000008004c70      0x16c Src/bomblos/Communicator.o
                0x0000000008004c70                Communicator::Communicator()
                0x0000000008004c70                Communicator::Communicator()
 .text._ZN12Communicator13getNodeHandleEv
                0x0000000008004ddc        0x4 Src/bomblos/Communicator.o
                0x0000000008004ddc                Communicator::getNodeHandle()
 .text._ZN3ros11NodeHandle_I13STM32HardwareLi25ELi25ELi512ELi512EE15negotiateTopicsEv
                0x0000000008004de0      0x6e4 Src/bomblos/Communicator.o
                0x0000000008004de0                ros::NodeHandle_<STM32Hardware, 25, 25, 512, 512>::negotiateTopics()
 .text._ZN3ros11NodeHandle_I13STM32HardwareLi25ELi25ELi512ELi512EE8spinOnceEv
                0x00000000080054c4      0x814 Src/bomblos/Communicator.o
                0x00000000080054c4                ros::NodeHandle_<STM32Hardware, 25, 25, 512, 512>::spinOnce()
 .text._ZN12Communicator8spinOnceEv
                0x0000000008005cd8      0x89c Src/bomblos/Communicator.o
                0x0000000008005cd8                Communicator::spinOnce()
 .text.Reset_Handler
                0x0000000008006574       0x50 startup/startup_stm32f411xe.o
                0x0000000008006574                Reset_Handler
 .text.Default_Handler
                0x00000000080065c4        0x2 startup/startup_stm32f411xe.o
                0x00000000080065c4                RTC_Alarm_IRQHandler
                0x00000000080065c4                EXTI2_IRQHandler
                0x00000000080065c4                DebugMon_Handler
                0x00000000080065c4                SPI4_IRQHandler
                0x00000000080065c4                TIM1_CC_IRQHandler
                0x00000000080065c4                DMA2_Stream5_IRQHandler
                0x00000000080065c4                HardFault_Handler
                0x00000000080065c4                DMA1_Stream5_IRQHandler
                0x00000000080065c4                PVD_IRQHandler
                0x00000000080065c4                SDIO_IRQHandler
                0x00000000080065c4                TAMP_STAMP_IRQHandler
                0x00000000080065c4                NMI_Handler
                0x00000000080065c4                EXTI3_IRQHandler
                0x00000000080065c4                I2C3_ER_IRQHandler
                0x00000000080065c4                EXTI0_IRQHandler
                0x00000000080065c4                I2C2_EV_IRQHandler
                0x00000000080065c4                DMA1_Stream2_IRQHandler
                0x00000000080065c4                FPU_IRQHandler
                0x00000000080065c4                UsageFault_Handler
                0x00000000080065c4                DMA2_Stream2_IRQHandler
                0x00000000080065c4                SPI1_IRQHandler
                0x00000000080065c4                TIM1_BRK_TIM9_IRQHandler
                0x00000000080065c4                DMA2_Stream3_IRQHandler
                0x00000000080065c4                USART6_IRQHandler
                0x00000000080065c4                DMA2_Stream0_IRQHandler
                0x00000000080065c4                TIM4_IRQHandler
                0x00000000080065c4                I2C1_EV_IRQHandler
                0x00000000080065c4                DMA1_Stream1_IRQHandler
                0x00000000080065c4                TIM3_IRQHandler
                0x00000000080065c4                RCC_IRQHandler
                0x00000000080065c4                Default_Handler
                0x00000000080065c4                EXTI15_10_IRQHandler
                0x00000000080065c4                ADC_IRQHandler
                0x00000000080065c4                SPI5_IRQHandler
                0x00000000080065c4                TIM5_IRQHandler
                0x00000000080065c4                DMA2_Stream7_IRQHandler
                0x00000000080065c4                I2C3_EV_IRQHandler
                0x00000000080065c4                EXTI9_5_IRQHandler
                0x00000000080065c4                RTC_WKUP_IRQHandler
                0x00000000080065c4                SPI2_IRQHandler
                0x00000000080065c4                MemManage_Handler
                0x00000000080065c4                DMA1_Stream0_IRQHandler
                0x00000000080065c4                EXTI4_IRQHandler
                0x00000000080065c4                WWDG_IRQHandler
                0x00000000080065c4                TIM2_IRQHandler
                0x00000000080065c4                OTG_FS_WKUP_IRQHandler
                0x00000000080065c4                TIM1_TRG_COM_TIM11_IRQHandler
                0x00000000080065c4                EXTI1_IRQHandler
                0x00000000080065c4                I2C2_ER_IRQHandler
                0x00000000080065c4                DMA2_Stream1_IRQHandler
                0x00000000080065c4                FLASH_IRQHandler
                0x00000000080065c4                DMA2_Stream4_IRQHandler
                0x00000000080065c4                BusFault_Handler
                0x00000000080065c4                USART1_IRQHandler
                0x00000000080065c4                OTG_FS_IRQHandler
                0x00000000080065c4                SPI3_IRQHandler
                0x00000000080065c4                DMA1_Stream4_IRQHandler
                0x00000000080065c4                I2C1_ER_IRQHandler
                0x00000000080065c4                DMA2_Stream6_IRQHandler
                0x00000000080065c4                DMA1_Stream3_IRQHandler
 .text._Znwj    0x00000000080065c6       0x22 /home/michal/Ac6/SystemWorkbench/plugins/fr.ac6.mcu.externaltools.arm-none.linux64_1.15.0.201708311556/tools/compiler/bin/../lib/gcc/arm-none-eabi/6.3.1/../../../../arm-none-eabi/lib/thumb/v7e-m/fpv4-sp/hard/libstdc++_nano.a(new_op.o)
                0x00000000080065c6                operator new(unsigned int)
 .text._ZSt15get_new_handlerv
                0x00000000080065e8       0x10 /home/michal/Ac6/SystemWorkbench/plugins/fr.ac6.mcu.externaltools.arm-none.linux64_1.15.0.201708311556/tools/compiler/bin/../lib/gcc/arm-none-eabi/6.3.1/../../../../arm-none-eabi/lib/thumb/v7e-m/fpv4-sp/hard/libstdc++_nano.a(new_handler.o)
                0x00000000080065e8                std::get_new_handler()
 .text.abort    0x00000000080065f8        0xe /home/michal/Ac6/SystemWorkbench/plugins/fr.ac6.mcu.externaltools.arm-none.linux64_1.15.0.201708311556/tools/compiler/bin/../lib/gcc/arm-none-eabi/6.3.1/../../../../arm-none-eabi/lib/thumb/v7e-m/fpv4-sp/hard/libc_nano.a(lib_a-abort.o)
                0x00000000080065f8                abort
 *fill*         0x0000000008006606        0x2 
 .text.__libc_init_array
                0x0000000008006608       0x48 /home/michal/Ac6/SystemWorkbench/plugins/fr.ac6.mcu.externaltools.arm-none.linux64_1.15.0.201708311556/tools/compiler/bin/../lib/gcc/arm-none-eabi/6.3.1/../../../../arm-none-eabi/lib/thumb/v7e-m/fpv4-sp/hard/libc_nano.a(lib_a-init.o)
                0x0000000008006608                __libc_init_array
 .text.malloc   0x0000000008006650       0x10 /home/michal/Ac6/SystemWorkbench/plugins/fr.ac6.mcu.externaltools.arm-none.linux64_1.15.0.201708311556/tools/compiler/bin/../lib/gcc/arm-none-eabi/6.3.1/../../../../arm-none-eabi/lib/thumb/v7e-m/fpv4-sp/hard/libc_nano.a(lib_a-malloc.o)
                0x0000000008006650                malloc
 .text.memcpy   0x0000000008006660       0x16 /home/michal/Ac6/SystemWorkbench/plugins/fr.ac6.mcu.externaltools.arm-none.linux64_1.15.0.201708311556/tools/compiler/bin/../lib/gcc/arm-none-eabi/6.3.1/../../../../arm-none-eabi/lib/thumb/v7e-m/fpv4-sp/hard/libc_nano.a(lib_a-memcpy-stub.o)
                0x0000000008006660                memcpy
 *fill*         0x0000000008006676        0x2 
 .text._free_r  0x0000000008006678       0x9c /home/michal/Ac6/SystemWorkbench/plugins/fr.ac6.mcu.externaltools.arm-none.linux64_1.15.0.201708311556/tools/compiler/bin/../lib/gcc/arm-none-eabi/6.3.1/../../../../arm-none-eabi/lib/thumb/v7e-m/fpv4-sp/hard/libc_nano.a(lib_a-nano-freer.o)
                0x0000000008006678                _free_r
 .text._malloc_r
                0x0000000008006714       0xbc /home/michal/Ac6/SystemWorkbench/plugins/fr.ac6.mcu.externaltools.arm-none.linux64_1.15.0.201708311556/tools/compiler/bin/../lib/gcc/arm-none-eabi/6.3.1/../../../../arm-none-eabi/lib/thumb/v7e-m/fpv4-sp/hard/libc_nano.a(lib_a-nano-mallocr.o)
                0x0000000008006714                _malloc_r
 .text.realloc  0x00000000080067d0       0x10 /home/michal/Ac6/SystemWorkbench/plugins/fr.ac6.mcu.externaltools.arm-none.linux64_1.15.0.201708311556/tools/compiler/bin/../lib/gcc/arm-none-eabi/6.3.1/../../../../arm-none-eabi/lib/thumb/v7e-m/fpv4-sp/hard/libc_nano.a(lib_a-realloc.o)
                0x00000000080067d0                realloc
 .text._sbrk_r  0x00000000080067e0       0x20 /home/michal/Ac6/SystemWorkbench/plugins/fr.ac6.mcu.externaltools.arm-none.linux64_1.15.0.201708311556/tools/compiler/bin/../lib/gcc/arm-none-eabi/6.3.1/../../../../arm-none-eabi/lib/thumb/v7e-m/fpv4-sp/hard/libc_nano.a(lib_a-sbrkr.o)
                0x00000000080067e0                _sbrk_r
 .text._raise_r
                0x0000000008006800       0x50 /home/michal/Ac6/SystemWorkbench/plugins/fr.ac6.mcu.externaltools.arm-none.linux64_1.15.0.201708311556/tools/compiler/bin/../lib/gcc/arm-none-eabi/6.3.1/../../../../arm-none-eabi/lib/thumb/v7e-m/fpv4-sp/hard/libc_nano.a(lib_a-signal.o)
                0x0000000008006800                _raise_r
 .text.raise    0x0000000008006850       0x10 /home/michal/Ac6/SystemWorkbench/plugins/fr.ac6.mcu.externaltools.arm-none.linux64_1.15.0.201708311556/tools/compiler/bin/../lib/gcc/arm-none-eabi/6.3.1/../../../../arm-none-eabi/lib/thumb/v7e-m/fpv4-sp/hard/libc_nano.a(lib_a-signal.o)
                0x0000000008006850                raise
 .text._kill_r  0x0000000008006860       0x24 /home/michal/Ac6/SystemWorkbench/plugins/fr.ac6.mcu.externaltools.arm-none.linux64_1.15.0.201708311556/tools/compiler/bin/../lib/gcc/arm-none-eabi/6.3.1/../../../../arm-none-eabi/lib/thumb/v7e-m/fpv4-sp/hard/libc_nano.a(lib_a-signalr.o)
                0x0000000008006860                _kill_r
 .text._getpid_r
                0x0000000008006884        0x4 /home/michal/Ac6/SystemWorkbench/plugins/fr.ac6.mcu.externaltools.arm-none.linux64_1.15.0.201708311556/tools/compiler/bin/../lib/gcc/arm-none-eabi/6.3.1/../../../../arm-none-eabi/lib/thumb/v7e-m/fpv4-sp/hard/libc_nano.a(lib_a-signalr.o)
                0x0000000008006884                _getpid_r
 .text.__malloc_lock
                0x0000000008006888        0x2 /home/michal/Ac6/SystemWorkbench/plugins/fr.ac6.mcu.externaltools.arm-none.linux64_1.15.0.201708311556/tools/compiler/bin/../lib/gcc/arm-none-eabi/6.3.1/../../../../arm-none-eabi/lib/thumb/v7e-m/fpv4-sp/hard/libc_nano.a(lib_a-mlock.o)
                0x0000000008006888                __malloc_lock
 .text.__malloc_unlock
                0x000000000800688a        0x2 /home/michal/Ac6/SystemWorkbench/plugins/fr.ac6.mcu.externaltools.arm-none.linux64_1.15.0.201708311556/tools/compiler/bin/../lib/gcc/arm-none-eabi/6.3.1/../../../../arm-none-eabi/lib/thumb/v7e-m/fpv4-sp/hard/libc_nano.a(lib_a-mlock.o)
                0x000000000800688a                __malloc_unlock
 .text._realloc_r
                0x000000000800688c       0x4c /home/michal/Ac6/SystemWorkbench/plugins/fr.ac6.mcu.externaltools.arm-none.linux64_1.15.0.201708311556/tools/compiler/bin/../lib/gcc/arm-none-eabi/6.3.1/../../../../arm-none-eabi/lib/thumb/v7e-m/fpv4-sp/hard/libc_nano.a(lib_a-nano-reallocr.o)
                0x000000000800688c                _realloc_r
 .text._malloc_usable_size_r
                0x00000000080068d8       0x12 /home/michal/Ac6/SystemWorkbench/plugins/fr.ac6.mcu.externaltools.arm-none.linux64_1.15.0.201708311556/tools/compiler/bin/../lib/gcc/arm-none-eabi/6.3.1/../../../../arm-none-eabi/lib/thumb/v7e-m/fpv4-sp/hard/libc_nano.a(lib_a-nano-msizer.o)
                0x00000000080068d8                _malloc_usable_size_r
 *fill*         0x00000000080068ea        0x2 
 .text._getpid  0x00000000080068ec       0x10 /home/michal/Ac6/SystemWorkbench/plugins/fr.ac6.mcu.externaltools.arm-none.linux64_1.15.0.201708311556/tools/compiler/bin/../lib/gcc/arm-none-eabi/6.3.1/../../../../arm-none-eabi/lib/thumb/v7e-m/fpv4-sp/hard/libnosys.a(getpid.o)
                0x00000000080068ec                _getpid
 .text._kill    0x00000000080068fc       0x10 /home/michal/Ac6/SystemWorkbench/plugins/fr.ac6.mcu.externaltools.arm-none.linux64_1.15.0.201708311556/tools/compiler/bin/../lib/gcc/arm-none-eabi/6.3.1/../../../../arm-none-eabi/lib/thumb/v7e-m/fpv4-sp/hard/libnosys.a(kill.o)
                0x00000000080068fc                _kill
 .text._sbrk    0x000000000800690c       0x1c /home/michal/Ac6/SystemWorkbench/plugins/fr.ac6.mcu.externaltools.arm-none.linux64_1.15.0.201708311556/tools/compiler/bin/../lib/gcc/arm-none-eabi/6.3.1/../../../../arm-none-eabi/lib/thumb/v7e-m/fpv4-sp/hard/libnosys.a(sbrk.o)
                0x000000000800690c                _sbrk
 .text._exit    0x0000000008006928        0x4 /home/michal/Ac6/SystemWorkbench/plugins/fr.ac6.mcu.externaltools.arm-none.linux64_1.15.0.201708311556/tools/compiler/bin/../lib/gcc/arm-none-eabi/6.3.1/../../../../arm-none-eabi/lib/thumb/v7e-m/fpv4-sp/hard/libnosys.a(_exit.o)
                0x0000000008006928                _exit
 *(.glue_7)
 .glue_7        0x000000000800692c        0x0 linker stubs
 *(.glue_7t)
 .glue_7t       0x000000000800692c        0x0 linker stubs
 *(.eh_frame)
 .eh_frame      0x000000000800692c        0x0 /home/michal/Ac6/SystemWorkbench/plugins/fr.ac6.mcu.externaltools.arm-none.linux64_1.15.0.201708311556/tools/compiler/bin/../lib/gcc/arm-none-eabi/6.3.1/thumb/v7e-m/fpv4-sp/hard/crtbegin.o
 *(.init)
 .init          0x000000000800692c        0x4 /home/michal/Ac6/SystemWorkbench/plugins/fr.ac6.mcu.externaltools.arm-none.linux64_1.15.0.201708311556/tools/compiler/bin/../lib/gcc/arm-none-eabi/6.3.1/thumb/v7e-m/fpv4-sp/hard/crti.o
                0x000000000800692c                _init
 .init          0x0000000008006930        0x8 /home/michal/Ac6/SystemWorkbench/plugins/fr.ac6.mcu.externaltools.arm-none.linux64_1.15.0.201708311556/tools/compiler/bin/../lib/gcc/arm-none-eabi/6.3.1/thumb/v7e-m/fpv4-sp/hard/crtn.o
 *(.fini)
 .fini          0x0000000008006938        0x4 /home/michal/Ac6/SystemWorkbench/plugins/fr.ac6.mcu.externaltools.arm-none.linux64_1.15.0.201708311556/tools/compiler/bin/../lib/gcc/arm-none-eabi/6.3.1/thumb/v7e-m/fpv4-sp/hard/crti.o
                0x0000000008006938                _fini
 .fini          0x000000000800693c        0x8 /home/michal/Ac6/SystemWorkbench/plugins/fr.ac6.mcu.externaltools.arm-none.linux64_1.15.0.201708311556/tools/compiler/bin/../lib/gcc/arm-none-eabi/6.3.1/thumb/v7e-m/fpv4-sp/hard/crtn.o
                0x0000000008006944                . = ALIGN (0x4)
                0x0000000008006944                _etext = .

.vfp11_veneer   0x0000000008006944        0x0
 .vfp11_veneer  0x0000000008006944        0x0 linker stubs

.v4_bx          0x0000000008006944        0x0
 .v4_bx         0x0000000008006944        0x0 linker stubs

.iplt           0x0000000008006944        0x0
 .iplt          0x0000000008006944        0x0 /home/michal/Ac6/SystemWorkbench/plugins/fr.ac6.mcu.externaltools.arm-none.linux64_1.15.0.201708311556/tools/compiler/bin/../lib/gcc/arm-none-eabi/6.3.1/thumb/v7e-m/fpv4-sp/hard/crtbegin.o

.rodata         0x0000000008006944      0x5ac
                0x0000000008006944                . = ALIGN (0x4)
 *(.rodata)
 .rodata        0x0000000008006944      0x31e Drivers/BSP/Components/L6470/L6470.o
                0x0000000008006944                L6470_ApplicationCommand
                0x0000000008006a50                L6470_Register
                0x0000000008006c44                L6470_Direction
                0x0000000008006c58                L6470_ACT
 *fill*         0x0000000008006c62        0x2 
 .rodata        0x0000000008006c64        0x8 Drivers/STM32F4xx_HAL_Driver/Src/stm32f4xx_hal_dma.o
 .rodata        0x0000000008006c6c       0x18 Src/system_stm32f4xx.o
                0x0000000008006c6c                AHBPrescTable
                0x0000000008006c7c                APBPrescTable
 .rodata        0x0000000008006c84       0x1c Src/bomblos/Communicator.o
 *(.rodata*)
 .rodata.str1.4
                0x0000000008006ca0        0xd Src/adc.o
 *fill*         0x0000000008006cad        0x3 
 .rodata._ZTVN8std_msgs6UInt64E
                0x0000000008006cb0       0x18 Src/maincpp.o
                0x0000000008006cb0                vtable for std_msgs::UInt64
 .rodata._ZN8std_msgs6UInt646getMD5Ev.str1.4
                0x0000000008006cc8       0x21 Src/maincpp.o
 *fill*         0x0000000008006ce9        0x3 
 .rodata._ZN8std_msgs6UInt647getTypeEv.str1.4
                0x0000000008006cec       0x10 Src/maincpp.o
 .rodata.str1.4
                0x0000000008006cfc        0x8 Src/maincpp.o
 .rodata.str1.4
                0x0000000008006d04        0xd Src/spi.o
 *fill*         0x0000000008006d11        0x3 
 .rodata.str1.4
                0x0000000008006d14        0xd Src/tim.o
 *fill*         0x0000000008006d21        0x3 
 .rodata.str1.4
                0x0000000008006d24        0xf Src/usart.o
 *fill*         0x0000000008006d33        0x1 
 .rodata._ZTVN8std_msgs4TimeE
                0x0000000008006d34       0x18 Src/bomblos/Communicator.o
                0x0000000008006d34                vtable for std_msgs::Time
 .rodata._ZTVN14rosserial_msgs9TopicInfoE
                0x0000000008006d4c       0x18 Src/bomblos/Communicator.o
                0x0000000008006d4c                vtable for rosserial_msgs::TopicInfo
 .rodata._ZTVN14rosserial_msgs3LogE
                0x0000000008006d64       0x18 Src/bomblos/Communicator.o
                0x0000000008006d64                vtable for rosserial_msgs::Log
 .rodata._ZTVN14rosserial_msgs20RequestParamResponseE
                0x0000000008006d7c       0x18 Src/bomblos/Communicator.o
                0x0000000008006d7c                vtable for rosserial_msgs::RequestParamResponse
 .rodata._ZTVN3ros11NodeHandle_I13STM32HardwareLi25ELi25ELi512ELi512EEE
                0x0000000008006d94       0x14 Src/bomblos/Communicator.o
                0x0000000008006d94                vtable for ros::NodeHandle_<STM32Hardware, 25, 25, 512, 512>
 .rodata._ZTVN3ros10SubscriberIN8std_msgs6UInt64E12CommunicatorEE
                0x0000000008006da8       0x18 Src/bomblos/Communicator.o
                0x0000000008006da8                vtable for ros::Subscriber<std_msgs::UInt64, Communicator>
 .rodata._ZN14rosserial_msgs20RequestParamResponse6getMD5Ev.str1.4
                0x0000000008006dc0       0x21 Src/bomblos/Communicator.o
 *fill*         0x0000000008006de1        0x3 
 .rodata._ZN14rosserial_msgs3Log6getMD5Ev.str1.4
                0x0000000008006de4       0x21 Src/bomblos/Communicator.o
 *fill*         0x0000000008006e05        0x3 
 .rodata._ZN14rosserial_msgs3Log7getTypeEv.str1.4
                0x0000000008006e08       0x13 Src/bomblos/Communicator.o
 *fill*         0x0000000008006e1b        0x1 
 .rodata._ZN14rosserial_msgs9TopicInfo6getMD5Ev.str1.4
                0x0000000008006e1c       0x21 Src/bomblos/Communicator.o
 *fill*         0x0000000008006e3d        0x3 
 .rodata._ZN14rosserial_msgs9TopicInfo7getTypeEv.str1.4
                0x0000000008006e40       0x19 Src/bomblos/Communicator.o
 .rodata._ZN3ros11NodeHandle_I13STM32HardwareLi25ELi25ELi512ELi512EE15negotiateTopicsEv.str1.4
                0x0000000008006e59       0x19 Src/bomblos/Communicator.o
                                          0x1 (size before relaxing)
 *fill*         0x0000000008006e59        0x3 
 .rodata._ZN8std_msgs4Time6getMD5Ev.str1.4
                0x0000000008006e5c       0x21 Src/bomblos/Communicator.o
 *fill*         0x0000000008006e7d        0x3 
 .rodata._ZN8std_msgs4Time7getTypeEv.str1.4
                0x0000000008006e80        0xe Src/bomblos/Communicator.o
 .rodata._ZN8std_msgs6UInt646getMD5Ev.str1.4
                0x0000000008006e8e       0x21 Src/bomblos/Communicator.o
 .rodata._ZN8std_msgs6UInt647getTypeEv.str1.4
                0x0000000008006e8e       0x10 Src/bomblos/Communicator.o
 *fill*         0x0000000008006e8e        0x2 
 .rodata.str1.4
                0x0000000008006e90       0x60 Src/bomblos/Communicator.o
                                         0x5f (size before relaxing)
                0x0000000008006ef0                . = ALIGN (0x4)

.ARM.extab
 *(.ARM.extab* .gnu.linkonce.armextab.*)

.ARM            0x0000000008006ef0        0x8
                0x0000000008006ef0                __exidx_start = .
 *(.ARM.exidx*)
 .ARM.exidx     0x0000000008006ef0        0x8 /home/michal/Ac6/SystemWorkbench/plugins/fr.ac6.mcu.externaltools.arm-none.linux64_1.15.0.201708311556/tools/compiler/bin/../lib/gcc/arm-none-eabi/6.3.1/thumb/v7e-m/fpv4-sp/hard/libgcc.a(_udivmoddi4.o)
                0x0000000008006ef8                __exidx_end = .

.rel.dyn        0x0000000008006ef8        0x0
 .rel.iplt      0x0000000008006ef8        0x0 /home/michal/Ac6/SystemWorkbench/plugins/fr.ac6.mcu.externaltools.arm-none.linux64_1.15.0.201708311556/tools/compiler/bin/../lib/gcc/arm-none-eabi/6.3.1/thumb/v7e-m/fpv4-sp/hard/crtbegin.o

.preinit_array  0x0000000008006ef8        0x0
                0x0000000008006ef8                PROVIDE (__preinit_array_start, .)
 *(.preinit_array*)
                0x0000000008006ef8                PROVIDE (__preinit_array_end, .)

.init_array     0x0000000008006ef8        0x8
                0x0000000008006ef8                PROVIDE (__init_array_start, .)
 *(SORT(.init_array.*))
 *(.init_array*)
 .init_array    0x0000000008006ef8        0x4 /home/michal/Ac6/SystemWorkbench/plugins/fr.ac6.mcu.externaltools.arm-none.linux64_1.15.0.201708311556/tools/compiler/bin/../lib/gcc/arm-none-eabi/6.3.1/thumb/v7e-m/fpv4-sp/hard/crtbegin.o
 .init_array    0x0000000008006efc        0x4 Src/maincpp.o
                0x0000000008006f00                PROVIDE (__init_array_end, .)

.fini_array     0x0000000008006f00        0x4
                [!provide]                        PROVIDE (__fini_array_start, .)
 *(SORT(.fini_array.*))
 *(.fini_array*)
 .fini_array    0x0000000008006f00        0x4 /home/michal/Ac6/SystemWorkbench/plugins/fr.ac6.mcu.externaltools.arm-none.linux64_1.15.0.201708311556/tools/compiler/bin/../lib/gcc/arm-none-eabi/6.3.1/thumb/v7e-m/fpv4-sp/hard/crtbegin.o
                [!provide]                        PROVIDE (__fini_array_end, .)
                0x0000000008006f04                _sidata = LOADADDR (.data)

.data           0x0000000020000000      0x3c8 load address 0x0000000008006f04
                0x0000000020000000                . = ALIGN (0x4)
                0x0000000020000000                _sdata = .
 *(.data)
 .data          0x0000000020000000       0x98 Drivers/BSP/Components/L6470/L6470.o
                0x0000000020000000                pL6470_StatusRegister
                0x0000000020000004                L6470Command
 .data          0x0000000020000098      0x2c0 Drivers/BSP/X-NUCLEO-IHM02A1/xnucleoihm02a1.o
                0x0000000020000098                XNUCLEOIHM02A1Drv
                0x00000000200000f8                L6470DrvMtx
                0x00000000200002d8                L6470_nCS_GPIO_Array
                0x00000000200002e4                L6470_nSTBY_nRST_GPIO
                0x00000000200002f0                L6470_nBUSY_SYNC_GPIO
                0x00000000200002fc                L6470_nFLAG_GPIO
                0x0000000020000308                XNUCLEOIHM02A1Command
 .data          0x0000000020000358        0x8 Drivers/STM32F4xx_HAL_Driver/Src/stm32f4xx_hal.o
                0x0000000020000358                uwTickFreq
                0x000000002000035c                uwTickPrio
 .data          0x0000000020000360        0x4 Src/system_stm32f4xx.o
                0x0000000020000360                SystemCoreClock
 *(.data*)
 .data._impure_ptr
                0x0000000020000364        0x4 /home/michal/Ac6/SystemWorkbench/plugins/fr.ac6.mcu.externaltools.arm-none.linux64_1.15.0.201708311556/tools/compiler/bin/../lib/gcc/arm-none-eabi/6.3.1/../../../../arm-none-eabi/lib/thumb/v7e-m/fpv4-sp/hard/libc_nano.a(lib_a-impure.o)
                0x0000000020000364                _impure_ptr
 .data.impure_data
                0x0000000020000368       0x60 /home/michal/Ac6/SystemWorkbench/plugins/fr.ac6.mcu.externaltools.arm-none.linux64_1.15.0.201708311556/tools/compiler/bin/../lib/gcc/arm-none-eabi/6.3.1/../../../../arm-none-eabi/lib/thumb/v7e-m/fpv4-sp/hard/libc_nano.a(lib_a-impure.o)
                0x00000000200003c8                . = ALIGN (0x4)
                0x00000000200003c8                _edata = .

.jcr            0x00000000200003c8        0x0 load address 0x00000000080072cc
 .jcr           0x00000000200003c8        0x0 /home/michal/Ac6/SystemWorkbench/plugins/fr.ac6.mcu.externaltools.arm-none.linux64_1.15.0.201708311556/tools/compiler/bin/../lib/gcc/arm-none-eabi/6.3.1/thumb/v7e-m/fpv4-sp/hard/crtbegin.o

.igot.plt       0x00000000200003c8        0x0 load address 0x00000000080072cc
 .igot.plt      0x00000000200003c8        0x0 /home/michal/Ac6/SystemWorkbench/plugins/fr.ac6.mcu.externaltools.arm-none.linux64_1.15.0.201708311556/tools/compiler/bin/../lib/gcc/arm-none-eabi/6.3.1/thumb/v7e-m/fpv4-sp/hard/crtbegin.o
                0x00000000200003c8                . = ALIGN (0x4)

.bss            0x00000000200003c8      0x2d0 load address 0x00000000080072cc
                0x00000000200003c8                _sbss = .
                0x00000000200003c8                __bss_start__ = _sbss
 *(.bss)
 .bss           0x00000000200003c8       0x1c /home/michal/Ac6/SystemWorkbench/plugins/fr.ac6.mcu.externaltools.arm-none.linux64_1.15.0.201708311556/tools/compiler/bin/../lib/gcc/arm-none-eabi/6.3.1/thumb/v7e-m/fpv4-sp/hard/crtbegin.o
 .bss           0x00000000200003e4        0x1 Drivers/BSP/Components/L6470/L6470.o
                0x00000000200003e4                L6470_DaisyChain_HalfPrepared
 *fill*         0x00000000200003e5        0x3 
 .bss           0x00000000200003e8       0x38 Src/maincpp.o
                0x00000000200003e8                c1
                0x00000000200003ec                MotorParameterDataGlobal
                0x00000000200003f0                StepperMotorBoardHandle
                0x00000000200003f8                v_msg
                0x0000000020000408                chatter
                0x000000002000041c                time
 *(.bss*)
 .bss._ZZN13STM32Hardware5flushEvE5mutex
                0x0000000020000420        0x1 Src/maincpp.o
                0x0000000020000420                STM32Hardware::flush()::mutex
 *fill*         0x0000000020000421        0x3 
 .bss._ZN12_GLOBAL__N_113__new_handlerE
                0x0000000020000424        0x4 /home/michal/Ac6/SystemWorkbench/plugins/fr.ac6.mcu.externaltools.arm-none.linux64_1.15.0.201708311556/tools/compiler/bin/../lib/gcc/arm-none-eabi/6.3.1/../../../../arm-none-eabi/lib/thumb/v7e-m/fpv4-sp/hard/libstdc++_nano.a(new_handler.o)
 .bss.__malloc_free_list
                0x0000000020000428        0x4 /home/michal/Ac6/SystemWorkbench/plugins/fr.ac6.mcu.externaltools.arm-none.linux64_1.15.0.201708311556/tools/compiler/bin/../lib/gcc/arm-none-eabi/6.3.1/../../../../arm-none-eabi/lib/thumb/v7e-m/fpv4-sp/hard/libc_nano.a(lib_a-nano-mallocr.o)
                0x0000000020000428                __malloc_free_list
 .bss.__malloc_sbrk_start
                0x000000002000042c        0x4 /home/michal/Ac6/SystemWorkbench/plugins/fr.ac6.mcu.externaltools.arm-none.linux64_1.15.0.201708311556/tools/compiler/bin/../lib/gcc/arm-none-eabi/6.3.1/../../../../arm-none-eabi/lib/thumb/v7e-m/fpv4-sp/hard/libc_nano.a(lib_a-nano-mallocr.o)
                0x000000002000042c                __malloc_sbrk_start
 .bss.heap_end.5239
                0x0000000020000430        0x4 /home/michal/Ac6/SystemWorkbench/plugins/fr.ac6.mcu.externaltools.arm-none.linux64_1.15.0.201708311556/tools/compiler/bin/../lib/gcc/arm-none-eabi/6.3.1/../../../../arm-none-eabi/lib/thumb/v7e-m/fpv4-sp/hard/libnosys.a(sbrk.o)
 *(COMMON)
 COMMON         0x0000000020000434       0x33 Drivers/BSP/Components/L6470/L6470.o
                0x0000000020000434                L6470_DaisyChainSpiRxStruct
                0x000000002000043c                L6470_DaisyChainSpiTxStruct
                0x0000000020000444                L6470_AppCmdPkg
                0x0000000020000464                L6470_StatusRegister
                0x0000000020000466                delay_cnt
 *fill*         0x0000000020000467        0x1 
 COMMON         0x0000000020000468       0x10 Drivers/BSP/X-NUCLEO-IHM02A1/xnucleoihm02a1.o
                0x0000000020000468                L6470_nCS_GPIO
                0x0000000020000474                StatusBuffer
 COMMON         0x0000000020000478        0x4 Drivers/STM32F4xx_HAL_Driver/Src/stm32f4xx_hal.o
                0x0000000020000478                uwTick
 COMMON         0x000000002000047c       0x48 Src/adc.o
                0x000000002000047c                hadc1
 COMMON         0x00000000200004c4       0x58 Src/spi.o
                0x00000000200004c4                hspi1
 COMMON         0x000000002000051c       0x3c Src/stm32f4xx_hal_timebase_TIM.o
                0x000000002000051c                htim1
 COMMON         0x0000000020000558       0x3c Src/tim.o
                0x0000000020000558                htim2
 COMMON         0x0000000020000594      0x100 Src/usart.o
                0x0000000020000594                hdma_usart2_rx
                0x00000000200005f4                hdma_usart2_tx
                0x0000000020000654                huart2
 COMMON         0x0000000020000694        0x4 /home/michal/Ac6/SystemWorkbench/plugins/fr.ac6.mcu.externaltools.arm-none.linux64_1.15.0.201708311556/tools/compiler/bin/../lib/gcc/arm-none-eabi/6.3.1/../../../../arm-none-eabi/lib/thumb/v7e-m/fpv4-sp/hard/libc_nano.a(lib_a-reent.o)
                0x0000000020000694                errno
                0x0000000020000698                . = ALIGN (0x4)
                0x0000000020000698                _ebss = .
                0x0000000020000698                __bss_end__ = _ebss

._user_heap_stack
                0x0000000020000698      0x600 load address 0x00000000080072cc
                0x0000000020000698                . = ALIGN (0x8)
                0x0000000020000698                PROVIDE (end, .)
                [!provide]                        PROVIDE (_end, .)
                0x0000000020000898                . = (. + _Min_Heap_Size)
 *fill*         0x0000000020000698      0x200 
                0x0000000020000c98                . = (. + _Min_Stack_Size)
 *fill*         0x0000000020000898      0x400 
                0x0000000020000c98                . = ALIGN (0x8)

/DISCARD/
 libc.a(*)
 libm.a(*)
 libgcc.a(*)

.ARM.attributes
                0x0000000000000000       0x30
 *(.ARM.attributes)
 .ARM.attributes
                0x0000000000000000       0x22 /home/michal/Ac6/SystemWorkbench/plugins/fr.ac6.mcu.externaltools.arm-none.linux64_1.15.0.201708311556/tools/compiler/bin/../lib/gcc/arm-none-eabi/6.3.1/thumb/v7e-m/fpv4-sp/hard/crti.o
 .ARM.attributes
                0x0000000000000022       0x34 /home/michal/Ac6/SystemWorkbench/plugins/fr.ac6.mcu.externaltools.arm-none.linux64_1.15.0.201708311556/tools/compiler/bin/../lib/gcc/arm-none-eabi/6.3.1/thumb/v7e-m/fpv4-sp/hard/crtbegin.o
 .ARM.attributes
                0x0000000000000056       0x39 Drivers/BSP/Components/L6470/L6470.o
 .ARM.attributes
                0x000000000000008f       0x39 Drivers/BSP/X-NUCLEO-IHM02A1/xnucleoihm02a1.o
 .ARM.attributes
                0x00000000000000c8       0x39 Drivers/STM32F4xx_HAL_Driver/Src/stm32f4xx_hal.o
 .ARM.attributes
                0x0000000000000101       0x39 Drivers/STM32F4xx_HAL_Driver/Src/stm32f4xx_hal_adc.o
 .ARM.attributes
                0x000000000000013a       0x39 Drivers/STM32F4xx_HAL_Driver/Src/stm32f4xx_hal_cortex.o
 .ARM.attributes
                0x0000000000000173       0x39 Drivers/STM32F4xx_HAL_Driver/Src/stm32f4xx_hal_dma.o
 .ARM.attributes
                0x00000000000001ac       0x39 Drivers/STM32F4xx_HAL_Driver/Src/stm32f4xx_hal_gpio.o
 .ARM.attributes
                0x00000000000001e5       0x39 Drivers/STM32F4xx_HAL_Driver/Src/stm32f4xx_hal_rcc.o
 .ARM.attributes
                0x000000000000021e       0x39 Drivers/STM32F4xx_HAL_Driver/Src/stm32f4xx_hal_spi.o
 .ARM.attributes
                0x0000000000000257       0x39 Drivers/STM32F4xx_HAL_Driver/Src/stm32f4xx_hal_tim.o
 .ARM.attributes
                0x0000000000000290       0x39 Drivers/STM32F4xx_HAL_Driver/Src/stm32f4xx_hal_tim_ex.o
 .ARM.attributes
                0x00000000000002c9       0x39 Drivers/STM32F4xx_HAL_Driver/Src/stm32f4xx_hal_uart.o
 .ARM.attributes
                0x0000000000000302       0x39 Inc/time.o
 .ARM.attributes
                0x000000000000033b       0x39 Src/adc.o
 .ARM.attributes
                0x0000000000000374       0x39 Src/dma.o
 .ARM.attributes
                0x00000000000003ad       0x39 Src/gpio.o
 .ARM.attributes
                0x00000000000003e6       0x39 Src/main.o
 .ARM.attributes
                0x000000000000041f       0x39 Src/maincpp.o
 .ARM.attributes
                0x0000000000000458       0x39 Src/spi.o
 .ARM.attributes
                0x0000000000000491       0x39 Src/stm32f4xx_hal_msp.o
 .ARM.attributes
                0x00000000000004ca       0x39 Src/stm32f4xx_hal_timebase_TIM.o
 .ARM.attributes
                0x0000000000000503       0x39 Src/stm32f4xx_it.o
 .ARM.attributes
                0x000000000000053c       0x39 Src/system_stm32f4xx.o
 .ARM.attributes
                0x0000000000000575       0x39 Src/tim.o
 .ARM.attributes
                0x00000000000005ae       0x39 Src/usart.o
 .ARM.attributes
                0x00000000000005e7       0x39 Src/bomblos/Communicator.o
 .ARM.attributes
                0x0000000000000620       0x21 startup/startup_stm32f411xe.o
 .ARM.attributes
                0x0000000000000641       0x34 /home/michal/Ac6/SystemWorkbench/plugins/fr.ac6.mcu.externaltools.arm-none.linux64_1.15.0.201708311556/tools/compiler/bin/../lib/gcc/arm-none-eabi/6.3.1/../../../../arm-none-eabi/lib/thumb/v7e-m/fpv4-sp/hard/libstdc++_nano.a(new_op.o)
 .ARM.attributes
                0x0000000000000675       0x34 /home/michal/Ac6/SystemWorkbench/plugins/fr.ac6.mcu.externaltools.arm-none.linux64_1.15.0.201708311556/tools/compiler/bin/../lib/gcc/arm-none-eabi/6.3.1/../../../../arm-none-eabi/lib/thumb/v7e-m/fpv4-sp/hard/libstdc++_nano.a(new_handler.o)
 .ARM.attributes
                0x00000000000006a9       0x22 /home/michal/Ac6/SystemWorkbench/plugins/fr.ac6.mcu.externaltools.arm-none.linux64_1.15.0.201708311556/tools/compiler/bin/../lib/gcc/arm-none-eabi/6.3.1/thumb/v7e-m/fpv4-sp/hard/libgcc.a(_aeabi_uldivmod.o)
 .ARM.attributes
                0x00000000000006cb       0x34 /home/michal/Ac6/SystemWorkbench/plugins/fr.ac6.mcu.externaltools.arm-none.linux64_1.15.0.201708311556/tools/compiler/bin/../lib/gcc/arm-none-eabi/6.3.1/thumb/v7e-m/fpv4-sp/hard/libgcc.a(_udivmoddi4.o)
 .ARM.attributes
                0x00000000000006ff       0x22 /home/michal/Ac6/SystemWorkbench/plugins/fr.ac6.mcu.externaltools.arm-none.linux64_1.15.0.201708311556/tools/compiler/bin/../lib/gcc/arm-none-eabi/6.3.1/thumb/v7e-m/fpv4-sp/hard/libgcc.a(_dvmd_tls.o)
 .ARM.attributes
                0x0000000000000721       0x34 /home/michal/Ac6/SystemWorkbench/plugins/fr.ac6.mcu.externaltools.arm-none.linux64_1.15.0.201708311556/tools/compiler/bin/../lib/gcc/arm-none-eabi/6.3.1/../../../../arm-none-eabi/lib/thumb/v7e-m/fpv4-sp/hard/libc_nano.a(lib_a-abort.o)
 .ARM.attributes
                0x0000000000000755       0x34 /home/michal/Ac6/SystemWorkbench/plugins/fr.ac6.mcu.externaltools.arm-none.linux64_1.15.0.201708311556/tools/compiler/bin/../lib/gcc/arm-none-eabi/6.3.1/../../../../arm-none-eabi/lib/thumb/v7e-m/fpv4-sp/hard/libc_nano.a(lib_a-impure.o)
 .ARM.attributes
                0x0000000000000789       0x34 /home/michal/Ac6/SystemWorkbench/plugins/fr.ac6.mcu.externaltools.arm-none.linux64_1.15.0.201708311556/tools/compiler/bin/../lib/gcc/arm-none-eabi/6.3.1/../../../../arm-none-eabi/lib/thumb/v7e-m/fpv4-sp/hard/libc_nano.a(lib_a-init.o)
 .ARM.attributes
                0x00000000000007bd       0x34 /home/michal/Ac6/SystemWorkbench/plugins/fr.ac6.mcu.externaltools.arm-none.linux64_1.15.0.201708311556/tools/compiler/bin/../lib/gcc/arm-none-eabi/6.3.1/../../../../arm-none-eabi/lib/thumb/v7e-m/fpv4-sp/hard/libc_nano.a(lib_a-malloc.o)
 .ARM.attributes
                0x00000000000007f1       0x34 /home/michal/Ac6/SystemWorkbench/plugins/fr.ac6.mcu.externaltools.arm-none.linux64_1.15.0.201708311556/tools/compiler/bin/../lib/gcc/arm-none-eabi/6.3.1/../../../../arm-none-eabi/lib/thumb/v7e-m/fpv4-sp/hard/libc_nano.a(lib_a-memcpy-stub.o)
 .ARM.attributes
                0x0000000000000825       0x34 /home/michal/Ac6/SystemWorkbench/plugins/fr.ac6.mcu.externaltools.arm-none.linux64_1.15.0.201708311556/tools/compiler/bin/../lib/gcc/arm-none-eabi/6.3.1/../../../../arm-none-eabi/lib/thumb/v7e-m/fpv4-sp/hard/libc_nano.a(lib_a-nano-freer.o)
 .ARM.attributes
                0x0000000000000859       0x34 /home/michal/Ac6/SystemWorkbench/plugins/fr.ac6.mcu.externaltools.arm-none.linux64_1.15.0.201708311556/tools/compiler/bin/../lib/gcc/arm-none-eabi/6.3.1/../../../../arm-none-eabi/lib/thumb/v7e-m/fpv4-sp/hard/libc_nano.a(lib_a-nano-mallocr.o)
 .ARM.attributes
                0x000000000000088d       0x34 /home/michal/Ac6/SystemWorkbench/plugins/fr.ac6.mcu.externaltools.arm-none.linux64_1.15.0.201708311556/tools/compiler/bin/../lib/gcc/arm-none-eabi/6.3.1/../../../../arm-none-eabi/lib/thumb/v7e-m/fpv4-sp/hard/libc_nano.a(lib_a-realloc.o)
 .ARM.attributes
                0x00000000000008c1       0x34 /home/michal/Ac6/SystemWorkbench/plugins/fr.ac6.mcu.externaltools.arm-none.linux64_1.15.0.201708311556/tools/compiler/bin/../lib/gcc/arm-none-eabi/6.3.1/../../../../arm-none-eabi/lib/thumb/v7e-m/fpv4-sp/hard/libc_nano.a(lib_a-sbrkr.o)
 .ARM.attributes
                0x00000000000008f5       0x34 /home/michal/Ac6/SystemWorkbench/plugins/fr.ac6.mcu.externaltools.arm-none.linux64_1.15.0.201708311556/tools/compiler/bin/../lib/gcc/arm-none-eabi/6.3.1/../../../../arm-none-eabi/lib/thumb/v7e-m/fpv4-sp/hard/libc_nano.a(lib_a-signal.o)
 .ARM.attributes
                0x0000000000000929       0x34 /home/michal/Ac6/SystemWorkbench/plugins/fr.ac6.mcu.externaltools.arm-none.linux64_1.15.0.201708311556/tools/compiler/bin/../lib/gcc/arm-none-eabi/6.3.1/../../../../arm-none-eabi/lib/thumb/v7e-m/fpv4-sp/hard/libc_nano.a(lib_a-signalr.o)
 .ARM.attributes
                0x000000000000095d       0x1b /home/michal/Ac6/SystemWorkbench/plugins/fr.ac6.mcu.externaltools.arm-none.linux64_1.15.0.201708311556/tools/compiler/bin/../lib/gcc/arm-none-eabi/6.3.1/../../../../arm-none-eabi/lib/thumb/v7e-m/fpv4-sp/hard/libc_nano.a(lib_a-strlen.o)
 .ARM.attributes
                0x0000000000000978       0x34 /home/michal/Ac6/SystemWorkbench/plugins/fr.ac6.mcu.externaltools.arm-none.linux64_1.15.0.201708311556/tools/compiler/bin/../lib/gcc/arm-none-eabi/6.3.1/../../../../arm-none-eabi/lib/thumb/v7e-m/fpv4-sp/hard/libc_nano.a(lib_a-mlock.o)
 .ARM.attributes
                0x00000000000009ac       0x34 /home/michal/Ac6/SystemWorkbench/plugins/fr.ac6.mcu.externaltools.arm-none.linux64_1.15.0.201708311556/tools/compiler/bin/../lib/gcc/arm-none-eabi/6.3.1/../../../../arm-none-eabi/lib/thumb/v7e-m/fpv4-sp/hard/libc_nano.a(lib_a-nano-reallocr.o)
 .ARM.attributes
                0x00000000000009e0       0x34 /home/michal/Ac6/SystemWorkbench/plugins/fr.ac6.mcu.externaltools.arm-none.linux64_1.15.0.201708311556/tools/compiler/bin/../lib/gcc/arm-none-eabi/6.3.1/../../../../arm-none-eabi/lib/thumb/v7e-m/fpv4-sp/hard/libc_nano.a(lib_a-reent.o)
 .ARM.attributes
                0x0000000000000a14       0x34 /home/michal/Ac6/SystemWorkbench/plugins/fr.ac6.mcu.externaltools.arm-none.linux64_1.15.0.201708311556/tools/compiler/bin/../lib/gcc/arm-none-eabi/6.3.1/../../../../arm-none-eabi/lib/thumb/v7e-m/fpv4-sp/hard/libc_nano.a(lib_a-nano-msizer.o)
 .ARM.attributes
                0x0000000000000a48       0x34 /home/michal/Ac6/SystemWorkbench/plugins/fr.ac6.mcu.externaltools.arm-none.linux64_1.15.0.201708311556/tools/compiler/bin/../lib/gcc/arm-none-eabi/6.3.1/../../../../arm-none-eabi/lib/thumb/v7e-m/fpv4-sp/hard/libnosys.a(getpid.o)
 .ARM.attributes
                0x0000000000000a7c       0x34 /home/michal/Ac6/SystemWorkbench/plugins/fr.ac6.mcu.externaltools.arm-none.linux64_1.15.0.201708311556/tools/compiler/bin/../lib/gcc/arm-none-eabi/6.3.1/../../../../arm-none-eabi/lib/thumb/v7e-m/fpv4-sp/hard/libnosys.a(kill.o)
 .ARM.attributes
                0x0000000000000ab0       0x34 /home/michal/Ac6/SystemWorkbench/plugins/fr.ac6.mcu.externaltools.arm-none.linux64_1.15.0.201708311556/tools/compiler/bin/../lib/gcc/arm-none-eabi/6.3.1/../../../../arm-none-eabi/lib/thumb/v7e-m/fpv4-sp/hard/libnosys.a(sbrk.o)
 .ARM.attributes
                0x0000000000000ae4       0x34 /home/michal/Ac6/SystemWorkbench/plugins/fr.ac6.mcu.externaltools.arm-none.linux64_1.15.0.201708311556/tools/compiler/bin/../lib/gcc/arm-none-eabi/6.3.1/../../../../arm-none-eabi/lib/thumb/v7e-m/fpv4-sp/hard/libnosys.a(_exit.o)
 .ARM.attributes
                0x0000000000000b18       0x22 /home/michal/Ac6/SystemWorkbench/plugins/fr.ac6.mcu.externaltools.arm-none.linux64_1.15.0.201708311556/tools/compiler/bin/../lib/gcc/arm-none-eabi/6.3.1/thumb/v7e-m/fpv4-sp/hard/crtn.o
OUTPUT(rosserial.elf elf32-littlearm)

.debug_info     0x0000000000000000    0x31533
 .debug_info    0x0000000000000000     0x522a Drivers/BSP/Components/L6470/L6470.o
 .debug_info    0x000000000000522a     0x386e Drivers/BSP/X-NUCLEO-IHM02A1/xnucleoihm02a1.o
 .debug_info    0x0000000000008a98     0x1194 Drivers/STM32F4xx_HAL_Driver/Src/stm32f4xx_hal.o
 .debug_info    0x0000000000009c2c     0x15bb Drivers/STM32F4xx_HAL_Driver/Src/stm32f4xx_hal_adc.o
 .debug_info    0x000000000000b1e7     0x16cc Drivers/STM32F4xx_HAL_Driver/Src/stm32f4xx_hal_cortex.o
 .debug_info    0x000000000000c8b3     0x12a0 Drivers/STM32F4xx_HAL_Driver/Src/stm32f4xx_hal_dma.o
 .debug_info    0x000000000000db53      0xfc4 Drivers/STM32F4xx_HAL_Driver/Src/stm32f4xx_hal_gpio.o
 .debug_info    0x000000000000eb17     0x12c5 Drivers/STM32F4xx_HAL_Driver/Src/stm32f4xx_hal_rcc.o
 .debug_info    0x000000000000fddc     0x263c Drivers/STM32F4xx_HAL_Driver/Src/stm32f4xx_hal_spi.o
 .debug_info    0x0000000000012418     0x3df5 Drivers/STM32F4xx_HAL_Driver/Src/stm32f4xx_hal_tim.o
 .debug_info    0x000000000001620d     0x1b41 Drivers/STM32F4xx_HAL_Driver/Src/stm32f4xx_hal_tim_ex.o
 .debug_info    0x0000000000017d4e     0x1f29 Drivers/STM32F4xx_HAL_Driver/Src/stm32f4xx_hal_uart.o
 .debug_info    0x0000000000019c77      0xe0f Inc/time.o
 .debug_info    0x000000000001aa86     0x1286 Src/adc.o
 .debug_info    0x000000000001bd0c      0xd58 Src/dma.o
 .debug_info    0x000000000001ca64      0xd33 Src/gpio.o
 .debug_info    0x000000000001d797     0x1c2a Src/main.o
 .debug_info    0x000000000001f3c1     0x36a3 Src/maincpp.o
 .debug_info    0x0000000000022a64     0x121e Src/spi.o
 .debug_info    0x0000000000023c82      0xbe5 Src/stm32f4xx_hal_msp.o
 .debug_info    0x0000000000024867     0x135b Src/stm32f4xx_hal_timebase_TIM.o
 .debug_info    0x0000000000025bc2     0x110f Src/stm32f4xx_it.o
 .debug_info    0x0000000000026cd1      0xd5a Src/system_stm32f4xx.o
 .debug_info    0x0000000000027a2b     0x11dd Src/tim.o
 .debug_info    0x0000000000028c08     0x145d Src/usart.o
 .debug_info    0x000000000002a065     0x7451 Src/bomblos/Communicator.o
 .debug_info    0x00000000000314b6       0x7d startup/startup_stm32f411xe.o

.debug_abbrev   0x0000000000000000     0x5bd8
 .debug_abbrev  0x0000000000000000      0x469 Drivers/BSP/Components/L6470/L6470.o
 .debug_abbrev  0x0000000000000469      0x43f Drivers/BSP/X-NUCLEO-IHM02A1/xnucleoihm02a1.o
 .debug_abbrev  0x00000000000008a8      0x343 Drivers/STM32F4xx_HAL_Driver/Src/stm32f4xx_hal.o
 .debug_abbrev  0x0000000000000beb      0x33e Drivers/STM32F4xx_HAL_Driver/Src/stm32f4xx_hal_adc.o
 .debug_abbrev  0x0000000000000f29      0x3c5 Drivers/STM32F4xx_HAL_Driver/Src/stm32f4xx_hal_cortex.o
 .debug_abbrev  0x00000000000012ee      0x36c Drivers/STM32F4xx_HAL_Driver/Src/stm32f4xx_hal_dma.o
 .debug_abbrev  0x000000000000165a      0x2a3 Drivers/STM32F4xx_HAL_Driver/Src/stm32f4xx_hal_gpio.o
 .debug_abbrev  0x00000000000018fd      0x381 Drivers/STM32F4xx_HAL_Driver/Src/stm32f4xx_hal_rcc.o
 .debug_abbrev  0x0000000000001c7e      0x407 Drivers/STM32F4xx_HAL_Driver/Src/stm32f4xx_hal_spi.o
 .debug_abbrev  0x0000000000002085      0x3fe Drivers/STM32F4xx_HAL_Driver/Src/stm32f4xx_hal_tim.o
 .debug_abbrev  0x0000000000002483      0x36d Drivers/STM32F4xx_HAL_Driver/Src/stm32f4xx_hal_tim_ex.o
 .debug_abbrev  0x00000000000027f0      0x3e1 Drivers/STM32F4xx_HAL_Driver/Src/stm32f4xx_hal_uart.o
 .debug_abbrev  0x0000000000002bd1      0x375 Inc/time.o
 .debug_abbrev  0x0000000000002f46      0x262 Src/adc.o
 .debug_abbrev  0x00000000000031a8      0x230 Src/dma.o
 .debug_abbrev  0x00000000000033d8      0x232 Src/gpio.o
 .debug_abbrev  0x000000000000360a      0x2f2 Src/main.o
 .debug_abbrev  0x00000000000038fc      0x840 Src/maincpp.o
 .debug_abbrev  0x000000000000413c      0x262 Src/spi.o
 .debug_abbrev  0x000000000000439e      0x20c Src/stm32f4xx_hal_msp.o
 .debug_abbrev  0x00000000000045aa      0x293 Src/stm32f4xx_hal_timebase_TIM.o
 .debug_abbrev  0x000000000000483d      0x238 Src/stm32f4xx_it.o
 .debug_abbrev  0x0000000000004a75      0x205 Src/system_stm32f4xx.o
 .debug_abbrev  0x0000000000004c7a      0x263 Src/tim.o
 .debug_abbrev  0x0000000000004edd      0x287 Src/usart.o
 .debug_abbrev  0x0000000000005164      0xa62 Src/bomblos/Communicator.o
 .debug_abbrev  0x0000000000005bc6       0x12 startup/startup_stm32f411xe.o

.debug_loc      0x0000000000000000    0x11e87
 .debug_loc     0x0000000000000000     0x34a8 Drivers/BSP/Components/L6470/L6470.o
 .debug_loc     0x00000000000034a8     0x1092 Drivers/BSP/X-NUCLEO-IHM02A1/xnucleoihm02a1.o
 .debug_loc     0x000000000000453a      0x10d Drivers/STM32F4xx_HAL_Driver/Src/stm32f4xx_hal.o
 .debug_loc     0x0000000000004647      0x8bc Drivers/STM32F4xx_HAL_Driver/Src/stm32f4xx_hal_adc.o
 .debug_loc     0x0000000000004f03      0x63a Drivers/STM32F4xx_HAL_Driver/Src/stm32f4xx_hal_cortex.o
 .debug_loc     0x000000000000553d      0x784 Drivers/STM32F4xx_HAL_Driver/Src/stm32f4xx_hal_dma.o
 .debug_loc     0x0000000000005cc1      0x48f Drivers/STM32F4xx_HAL_Driver/Src/stm32f4xx_hal_gpio.o
 .debug_loc     0x0000000000006150      0x3b1 Drivers/STM32F4xx_HAL_Driver/Src/stm32f4xx_hal_rcc.o
 .debug_loc     0x0000000000006501     0x1c89 Drivers/STM32F4xx_HAL_Driver/Src/stm32f4xx_hal_spi.o
 .debug_loc     0x000000000000818a     0x4010 Drivers/STM32F4xx_HAL_Driver/Src/stm32f4xx_hal_tim.o
 .debug_loc     0x000000000000c19a      0xefa Drivers/STM32F4xx_HAL_Driver/Src/stm32f4xx_hal_tim_ex.o
 .debug_loc     0x000000000000d094     0x15d8 Drivers/STM32F4xx_HAL_Driver/Src/stm32f4xx_hal_uart.o
 .debug_loc     0x000000000000e66c      0x117 Inc/time.o
 .debug_loc     0x000000000000e783       0x42 Src/adc.o
 .debug_loc     0x000000000000e7c5       0x21 Src/main.o
 .debug_loc     0x000000000000e7e6      0x385 Src/maincpp.o
 .debug_loc     0x000000000000eb6b       0x42 Src/spi.o
 .debug_loc     0x000000000000ebad       0x7a Src/stm32f4xx_hal_timebase_TIM.o
 .debug_loc     0x000000000000ec27      0x14c Src/system_stm32f4xx.o
 .debug_loc     0x000000000000ed73       0x4a Src/usart.o
 .debug_loc     0x000000000000edbd     0x30ca Src/bomblos/Communicator.o

.debug_aranges  0x0000000000000000     0x1170
 .debug_aranges
                0x0000000000000000      0x230 Drivers/BSP/Components/L6470/L6470.o
 .debug_aranges
                0x0000000000000230      0x170 Drivers/BSP/X-NUCLEO-IHM02A1/xnucleoihm02a1.o
 .debug_aranges
                0x00000000000003a0       0xd8 Drivers/STM32F4xx_HAL_Driver/Src/stm32f4xx_hal.o
 .debug_aranges
                0x0000000000000478       0xb8 Drivers/STM32F4xx_HAL_Driver/Src/stm32f4xx_hal_adc.o
 .debug_aranges
                0x0000000000000530       0xa8 Drivers/STM32F4xx_HAL_Driver/Src/stm32f4xx_hal_cortex.o
 .debug_aranges
                0x00000000000005d8       0x78 Drivers/STM32F4xx_HAL_Driver/Src/stm32f4xx_hal_dma.o
 .debug_aranges
                0x0000000000000650       0x58 Drivers/STM32F4xx_HAL_Driver/Src/stm32f4xx_hal_gpio.o
 .debug_aranges
                0x00000000000006a8       0x88 Drivers/STM32F4xx_HAL_Driver/Src/stm32f4xx_hal_rcc.o
 .debug_aranges
                0x0000000000000730      0x190 Drivers/STM32F4xx_HAL_Driver/Src/stm32f4xx_hal_spi.o
 .debug_aranges
                0x00000000000008c0      0x250 Drivers/STM32F4xx_HAL_Driver/Src/stm32f4xx_hal_tim.o
 .debug_aranges
                0x0000000000000b10       0xe8 Drivers/STM32F4xx_HAL_Driver/Src/stm32f4xx_hal_tim_ex.o
 .debug_aranges
                0x0000000000000bf8      0x168 Drivers/STM32F4xx_HAL_Driver/Src/stm32f4xx_hal_uart.o
 .debug_aranges
                0x0000000000000d60       0x38 Inc/time.o
 .debug_aranges
                0x0000000000000d98       0x30 Src/adc.o
 .debug_aranges
                0x0000000000000dc8       0x20 Src/dma.o
 .debug_aranges
                0x0000000000000de8       0x20 Src/gpio.o
 .debug_aranges
                0x0000000000000e08       0x38 Src/main.o
 .debug_aranges
                0x0000000000000e40       0x98 Src/maincpp.o
 .debug_aranges
                0x0000000000000ed8       0x30 Src/spi.o
 .debug_aranges
                0x0000000000000f08       0x20 Src/stm32f4xx_hal_msp.o
 .debug_aranges
                0x0000000000000f28       0x30 Src/stm32f4xx_hal_timebase_TIM.o
 .debug_aranges
                0x0000000000000f58       0x48 Src/stm32f4xx_it.o
 .debug_aranges
                0x0000000000000fa0       0x28 Src/system_stm32f4xx.o
 .debug_aranges
                0x0000000000000fc8       0x30 Src/tim.o
 .debug_aranges
                0x0000000000000ff8       0x30 Src/usart.o
 .debug_aranges
                0x0000000000001028      0x120 Src/bomblos/Communicator.o
 .debug_aranges
                0x0000000000001148       0x28 startup/startup_stm32f411xe.o

.debug_ranges   0x0000000000000000     0x3148
 .debug_ranges  0x0000000000000000      0xbf0 Drivers/BSP/Components/L6470/L6470.o
 .debug_ranges  0x0000000000000bf0      0x3f8 Drivers/BSP/X-NUCLEO-IHM02A1/xnucleoihm02a1.o
 .debug_ranges  0x0000000000000fe8       0xc8 Drivers/STM32F4xx_HAL_Driver/Src/stm32f4xx_hal.o
 .debug_ranges  0x00000000000010b0       0xd0 Drivers/STM32F4xx_HAL_Driver/Src/stm32f4xx_hal_adc.o
 .debug_ranges  0x0000000000001180      0x160 Drivers/STM32F4xx_HAL_Driver/Src/stm32f4xx_hal_cortex.o
 .debug_ranges  0x00000000000012e0      0x108 Drivers/STM32F4xx_HAL_Driver/Src/stm32f4xx_hal_dma.o
 .debug_ranges  0x00000000000013e8       0x60 Drivers/STM32F4xx_HAL_Driver/Src/stm32f4xx_hal_gpio.o
 .debug_ranges  0x0000000000001448      0x100 Drivers/STM32F4xx_HAL_Driver/Src/stm32f4xx_hal_rcc.o
 .debug_ranges  0x0000000000001548      0x2f8 Drivers/STM32F4xx_HAL_Driver/Src/stm32f4xx_hal_spi.o
 .debug_ranges  0x0000000000001840      0x478 Drivers/STM32F4xx_HAL_Driver/Src/stm32f4xx_hal_tim.o
 .debug_ranges  0x0000000000001cb8       0xd8 Drivers/STM32F4xx_HAL_Driver/Src/stm32f4xx_hal_tim_ex.o
 .debug_ranges  0x0000000000001d90      0x1b8 Drivers/STM32F4xx_HAL_Driver/Src/stm32f4xx_hal_uart.o
 .debug_ranges  0x0000000000001f48       0x98 Inc/time.o
 .debug_ranges  0x0000000000001fe0       0x48 Src/adc.o
 .debug_ranges  0x0000000000002028       0x30 Src/dma.o
 .debug_ranges  0x0000000000002058       0x40 Src/gpio.o