Archive member included to satisfy reference by file (symbol)

/opt/ac6/SystemWorkbench/plugins/fr.ac6.mcu.externaltools.arm-none.linux64_1.15.0.201708311556/tools/compiler/bin/../lib/gcc/arm-none-eabi/6.3.1/thumb/v7e-m/fpv4-sp/hard/libgcc.a(_arm_addsubdf3.o)
                              Inc/duration.o (__aeabi_i2d)
/opt/ac6/SystemWorkbench/plugins/fr.ac6.mcu.externaltools.arm-none.linux64_1.15.0.201708311556/tools/compiler/bin/../lib/gcc/arm-none-eabi/6.3.1/thumb/v7e-m/fpv4-sp/hard/libgcc.a(_arm_muldivdf3.o)
                              Inc/duration.o (__aeabi_dmul)
/opt/ac6/SystemWorkbench/plugins/fr.ac6.mcu.externaltools.arm-none.linux64_1.15.0.201708311556/tools/compiler/bin/../lib/gcc/arm-none-eabi/6.3.1/thumb/v7e-m/fpv4-sp/hard/libgcc.a(_arm_fixdfsi.o)
                              Inc/duration.o (__aeabi_d2iz)
/opt/ac6/SystemWorkbench/plugins/fr.ac6.mcu.externaltools.arm-none.linux64_1.15.0.201708311556/tools/compiler/bin/../lib/gcc/arm-none-eabi/6.3.1/thumb/v7e-m/fpv4-sp/hard/libgcc.a(_aeabi_uldivmod.o)
                              Drivers/STM32F4xx_HAL_Driver/Src/stm32f4xx_hal_rcc.o (__aeabi_uldivmod)
/opt/ac6/SystemWorkbench/plugins/fr.ac6.mcu.externaltools.arm-none.linux64_1.15.0.201708311556/tools/compiler/bin/../lib/gcc/arm-none-eabi/6.3.1/thumb/v7e-m/fpv4-sp/hard/libgcc.a(_udivmoddi4.o)
                              /opt/ac6/SystemWorkbench/plugins/fr.ac6.mcu.externaltools.arm-none.linux64_1.15.0.201708311556/tools/compiler/bin/../lib/gcc/arm-none-eabi/6.3.1/thumb/v7e-m/fpv4-sp/hard/libgcc.a(_aeabi_uldivmod.o) (__udivmoddi4)
/opt/ac6/SystemWorkbench/plugins/fr.ac6.mcu.externaltools.arm-none.linux64_1.15.0.201708311556/tools/compiler/bin/../lib/gcc/arm-none-eabi/6.3.1/thumb/v7e-m/fpv4-sp/hard/libgcc.a(_dvmd_tls.o)
                              /opt/ac6/SystemWorkbench/plugins/fr.ac6.mcu.externaltools.arm-none.linux64_1.15.0.201708311556/tools/compiler/bin/../lib/gcc/arm-none-eabi/6.3.1/thumb/v7e-m/fpv4-sp/hard/libgcc.a(_aeabi_uldivmod.o) (__aeabi_ldiv0)
/opt/ac6/SystemWorkbench/plugins/fr.ac6.mcu.externaltools.arm-none.linux64_1.15.0.201708311556/tools/compiler/bin/../lib/gcc/arm-none-eabi/6.3.1/../../../../arm-none-eabi/lib/thumb/v7e-m/fpv4-sp/hard/libc_nano.a(lib_a-exit.o)
                              /opt/ac6/SystemWorkbench/plugins/fr.ac6.mcu.externaltools.arm-none.linux64_1.15.0.201708311556/tools/compiler/bin/../lib/gcc/arm-none-eabi/6.3.1/../../../../arm-none-eabi/lib/thumb/v7e-m/fpv4-sp/hard/crt0.o (exit)
/opt/ac6/SystemWorkbench/plugins/fr.ac6.mcu.externaltools.arm-none.linux64_1.15.0.201708311556/tools/compiler/bin/../lib/gcc/arm-none-eabi/6.3.1/../../../../arm-none-eabi/lib/thumb/v7e-m/fpv4-sp/hard/libc_nano.a(lib_a-impure.o)
                              /opt/ac6/SystemWorkbench/plugins/fr.ac6.mcu.externaltools.arm-none.linux64_1.15.0.201708311556/tools/compiler/bin/../lib/gcc/arm-none-eabi/6.3.1/../../../../arm-none-eabi/lib/thumb/v7e-m/fpv4-sp/hard/libc_nano.a(lib_a-exit.o) (_global_impure_ptr)
/opt/ac6/SystemWorkbench/plugins/fr.ac6.mcu.externaltools.arm-none.linux64_1.15.0.201708311556/tools/compiler/bin/../lib/gcc/arm-none-eabi/6.3.1/../../../../arm-none-eabi/lib/thumb/v7e-m/fpv4-sp/hard/libc_nano.a(lib_a-init.o)
                              /opt/ac6/SystemWorkbench/plugins/fr.ac6.mcu.externaltools.arm-none.linux64_1.15.0.201708311556/tools/compiler/bin/../lib/gcc/arm-none-eabi/6.3.1/../../../../arm-none-eabi/lib/thumb/v7e-m/fpv4-sp/hard/crt0.o (__libc_init_array)
/opt/ac6/SystemWorkbench/plugins/fr.ac6.mcu.externaltools.arm-none.linux64_1.15.0.201708311556/tools/compiler/bin/../lib/gcc/arm-none-eabi/6.3.1/../../../../arm-none-eabi/lib/thumb/v7e-m/fpv4-sp/hard/libc_nano.a(lib_a-memcpy-stub.o)
                              Src/maincpp.o (memcpy)
/opt/ac6/SystemWorkbench/plugins/fr.ac6.mcu.externaltools.arm-none.linux64_1.15.0.201708311556/tools/compiler/bin/../lib/gcc/arm-none-eabi/6.3.1/../../../../arm-none-eabi/lib/thumb/v7e-m/fpv4-sp/hard/libc_nano.a(lib_a-memset.o)
                              /opt/ac6/SystemWorkbench/plugins/fr.ac6.mcu.externaltools.arm-none.linux64_1.15.0.201708311556/tools/compiler/bin/../lib/gcc/arm-none-eabi/6.3.1/../../../../arm-none-eabi/lib/thumb/v7e-m/fpv4-sp/hard/crt0.o (memset)
/opt/ac6/SystemWorkbench/plugins/fr.ac6.mcu.externaltools.arm-none.linux64_1.15.0.201708311556/tools/compiler/bin/../lib/gcc/arm-none-eabi/6.3.1/../../../../arm-none-eabi/lib/thumb/v7e-m/fpv4-sp/hard/libc_nano.a(lib_a-realloc.o)
                              Src/maincpp.o (realloc)
/opt/ac6/SystemWorkbench/plugins/fr.ac6.mcu.externaltools.arm-none.linux64_1.15.0.201708311556/tools/compiler/bin/../lib/gcc/arm-none-eabi/6.3.1/../../../../arm-none-eabi/lib/thumb/v7e-m/fpv4-sp/hard/libc_nano.a(lib_a-strlen.o)
                              Src/maincpp.o (strlen)
[...]
Memory Configuration

Name             Origin             Length             Attributes
RAM              0x0000000020000000 0x0000000000020000 xrw
FLASH            0x0000000008000000 0x0000000000080000 xr
*default*        0x0000000000000000 0xffffffffffffffff

Linker script and memory map

LOAD /opt/ac6/SystemWorkbench/plugins/fr.ac6.mcu.externaltools.arm-none.linux64_1.15.0.201708311556/tools/compiler/bin/../lib/gcc/arm-none-eabi/6.3.1/thumb/v7e-m/fpv4-sp/hard/crti.o
LOAD /opt/ac6/SystemWorkbench/plugins/fr.ac6.mcu.externaltools.arm-none.linux64_1.15.0.201708311556/tools/compiler/bin/../lib/gcc/arm-none-eabi/6.3.1/thumb/v7e-m/fpv4-sp/hard/crtbegin.o
LOAD /opt/ac6/SystemWorkbench/plugins/fr.ac6.mcu.externaltools.arm-none.linux64_1.15.0.201708311556/tools/compiler/bin/../lib/gcc/arm-none-eabi/6.3.1/../../../../arm-none-eabi/lib/thumb/v7e-m/fpv4-sp/hard/crt0.o
LOAD Drivers/STM32F4xx_HAL_Driver/Src/stm32f4xx_hal.o
LOAD Drivers/STM32F4xx_HAL_Driver/Src/stm32f4xx_hal_cortex.o
LOAD Drivers/STM32F4xx_HAL_Driver/Src/stm32f4xx_hal_dma.o
LOAD Drivers/STM32F4xx_HAL_Driver/Src/stm32f4xx_hal_dma_ex.o
LOAD Drivers/STM32F4xx_HAL_Driver/Src/stm32f4xx_hal_flash.o
LOAD Drivers/STM32F4xx_HAL_Driver/Src/stm32f4xx_hal_flash_ex.o
LOAD Drivers/STM32F4xx_HAL_Driver/Src/stm32f4xx_hal_flash_ramfunc.o
LOAD Drivers/STM32F4xx_HAL_Driver/Src/stm32f4xx_hal_gpio.o
LOAD Drivers/STM32F4xx_HAL_Driver/Src/stm32f4xx_hal_pwr.o
LOAD Drivers/STM32F4xx_HAL_Driver/Src/stm32f4xx_hal_pwr_ex.o
LOAD Drivers/STM32F4xx_HAL_Driver/Src/stm32f4xx_hal_rcc.o
LOAD Drivers/STM32F4xx_HAL_Driver/Src/stm32f4xx_hal_rcc_ex.o
LOAD Drivers/STM32F4xx_HAL_Driver/Src/stm32f4xx_hal_tim.o
LOAD Drivers/STM32F4xx_HAL_Driver/Src/stm32f4xx_hal_tim_ex.o
LOAD Drivers/STM32F4xx_HAL_Driver/Src/stm32f4xx_hal_uart.o
LOAD Inc/duration.o
LOAD Inc/time.o
LOAD Src/dma.o
LOAD Src/gpio.o
LOAD Src/main.o
LOAD Src/maincpp.o
LOAD Src/stm32f4xx_hal_msp.o
LOAD Src/stm32f4xx_hal_timebase_TIM.o
LOAD Src/stm32f4xx_it.o
LOAD Src/system_stm32f4xx.o
LOAD Src/tim.o
LOAD Src/usart.o
LOAD startup/startup_stm32f411xe.o
LOAD /opt/ac6/SystemWorkbench/plugins/fr.ac6.mcu.externaltools.arm-none.linux64_1.15.0.201708311556/tools/compiler/bin/../lib/gcc/arm-none-eabi/6.3.1/../../../../arm-none-eabi/lib/thumb/v7e-m/fpv4-sp/hard/libstdc++_nano.a
LOAD /opt/ac6/SystemWorkbench/plugins/fr.ac6.mcu.externaltools.arm-none.linux64_1.15.0.201708311556/tools/compiler/bin/../lib/gcc/arm-none-eabi/6.3.1/../../../../arm-none-eabi/lib/thumb/v7e-m/fpv4-sp/hard/libm.a
START GROUP
LOAD /opt/ac6/SystemWorkbench/plugins/fr.ac6.mcu.externaltools.arm-none.linux64_1.15.0.201708311556/tools/compiler/bin/../lib/gcc/arm-none-eabi/6.3.1/thumb/v7e-m/fpv4-sp/hard/libgcc.a
LOAD /opt/ac6/SystemWorkbench/plugins/fr.ac6.mcu.externaltools.arm-none.linux64_1.15.0.201708311556/tools/compiler/bin/../lib/gcc/arm-none-eabi/6.3.1/../../../../arm-none-eabi/lib/thumb/v7e-m/fpv4-sp/hard/libc_nano.a
END GROUP
START GROUP
LOAD /opt/ac6/SystemWorkbench/plugins/fr.ac6.mcu.externaltools.arm-none.linux64_1.15.0.201708311556/tools/compiler/bin/../lib/gcc/arm-none-eabi/6.3.1/thumb/v7e-m/fpv4-sp/hard/libgcc.a
LOAD /opt/ac6/SystemWorkbench/plugins/fr.ac6.mcu.externaltools.arm-none.linux64_1.15.0.201708311556/tools/compiler/bin/../lib/gcc/arm-none-eabi/6.3.1/../../../../arm-none-eabi/lib/thumb/v7e-m/fpv4-sp/hard/libc_nano.a
LOAD /opt/ac6/SystemWorkbench/plugins/fr.ac6.mcu.externaltools.arm-none.linux64_1.15.0.201708311556/tools/compiler/bin/../lib/gcc/arm-none-eabi/6.3.1/../../../../arm-none-eabi/lib/thumb/v7e-m/fpv4-sp/hard/libnosys.a
END GROUP
START GROUP
LOAD /opt/ac6/SystemWorkbench/plugins/fr.ac6.mcu.externaltools.arm-none.linux64_1.15.0.201708311556/tools/compiler/bin/../lib/gcc/arm-none-eabi/6.3.1/thumb/v7e-m/fpv4-sp/hard/libgcc.a
LOAD /opt/ac6/SystemWorkbench/plugins/fr.ac6.mcu.externaltools.arm-none.linux64_1.15.0.201708311556/tools/compiler/bin/../lib/gcc/arm-none-eabi/6.3.1/../../../../arm-none-eabi/lib/thumb/v7e-m/fpv4-sp/hard/libc_nano.a
LOAD /opt/ac6/SystemWorkbench/plugins/fr.ac6.mcu.externaltools.arm-none.linux64_1.15.0.201708311556/tools/compiler/bin/../lib/gcc/arm-none-eabi/6.3.1/../../../../arm-none-eabi/lib/thumb/v7e-m/fpv4-sp/hard/libnosys.a
END GROUP
LOAD /opt/ac6/SystemWorkbench/plugins/fr.ac6.mcu.externaltools.arm-none.linux64_1.15.0.201708311556/tools/compiler/bin/../lib/gcc/arm-none-eabi/6.3.1/thumb/v7e-m/fpv4-sp/hard/crtend.o
LOAD /opt/ac6/SystemWorkbench/plugins/fr.ac6.mcu.externaltools.arm-none.linux64_1.15.0.201708311556/tools/compiler/bin/../lib/gcc/arm-none-eabi/6.3.1/thumb/v7e-m/fpv4-sp/hard/crtn.o
                0x0000000020020000                _estack = 0x20020000
                0x0000000000000200                _Min_Heap_Size = 0x200
                0x0000000000000400                _Min_Stack_Size = 0x400

.isr_vector     0x0000000008000000      0x198
                0x0000000008000000                . = ALIGN (0x4)
 *(.isr_vector)
 .isr_vector    0x0000000008000000      0x198 startup/startup_stm32f411xe.o
                0x0000000008000000                g_pfnVectors
                0x0000000008000198                . = ALIGN (0x4)

.text           0x0000000008000198     0x3a5c
                0x0000000008000198                . = ALIGN (0x4)
 *(.text)
 .text          0x0000000008000198       0x6c /opt/ac6/SystemWorkbench/plugins/fr.ac6.mcu.externaltools.arm-none.linux64_1.15.0.201708311556/tools/compiler/bin/../lib/gcc/arm-none-eabi/6.3.1/thumb/v7e-m/fpv4-sp/hard/crtbegin.o
 .text          0x0000000008000204       0x30 /opt/ac6/SystemWorkbench/plugins/fr.ac6.mcu.externaltools.arm-none.linux64_1.15.0.201708311556/tools/compiler/bin/../lib/gcc/arm-none-eabi/6.3.1/thumb/v7e-m/fpv4-sp/hard/libgcc.a(_aeabi_uldivmod.o)
                0x0000000008000204                __aeabi_uldivmod
 .text          0x0000000008000234      0x2dc /opt/ac6/SystemWorkbench/plugins/fr.ac6.mcu.externaltools.arm-none.linux64_1.15.0.201708311556/tools/compiler/bin/../lib/gcc/arm-none-eabi/6.3.1/thumb/v7e-m/fpv4-sp/hard/libgcc.a(_udivmoddi4.o)
                0x0000000008000234                __udivmoddi4
 .text          0x0000000008000510        0x4 /opt/ac6/SystemWorkbench/plugins/fr.ac6.mcu.externaltools.arm-none.linux64_1.15.0.201708311556/tools/compiler/bin/../lib/gcc/arm-none-eabi/6.3.1/thumb/v7e-m/fpv4-sp/hard/libgcc.a(_dvmd_tls.o)
                0x0000000008000510                __aeabi_ldiv0
                0x0000000008000510                __aeabi_idiv0
 .text          0x0000000008000514       0x10 /opt/ac6/SystemWorkbench/plugins/fr.ac6.mcu.externaltools.arm-none.linux64_1.15.0.201708311556/tools/compiler/bin/../lib/gcc/arm-none-eabi/6.3.1/../../../../arm-none-eabi/lib/thumb/v7e-m/fpv4-sp/hard/libc_nano.a(lib_a-strlen.o)
                0x0000000008000514                strlen
 *(.text*)
 .text.HAL_Init
                0x0000000008000524       0x34 Drivers/STM32F4xx_HAL_Driver/Src/stm32f4xx_hal.o
                0x0000000008000524                HAL_Init
 .text.HAL_IncTick
                0x0000000008000558       0x18 Drivers/STM32F4xx_HAL_Driver/Src/stm32f4xx_hal.o
                0x0000000008000558                HAL_IncTick
 .text.HAL_GetTick
                0x0000000008000570        0xc Drivers/STM32F4xx_HAL_Driver/Src/stm32f4xx_hal.o
                0x0000000008000570                HAL_GetTick
 .text.HAL_Delay
                0x000000000800057c       0x28 Drivers/STM32F4xx_HAL_Driver/Src/stm32f4xx_hal.o
                0x000000000800057c                HAL_Delay
 .text.HAL_NVIC_SetPriorityGrouping
                0x00000000080005a4       0x24 Drivers/STM32F4xx_HAL_Driver/Src/stm32f4xx_hal_cortex.o
                0x00000000080005a4                HAL_NVIC_SetPriorityGrouping
 .text.HAL_NVIC_SetPriority
                0x00000000080005c8       0x64 Drivers/STM32F4xx_HAL_Driver/Src/stm32f4xx_hal_cortex.o
                0x00000000080005c8                HAL_NVIC_SetPriority
 .text.HAL_NVIC_EnableIRQ
                0x000000000800062c       0x18 Drivers/STM32F4xx_HAL_Driver/Src/stm32f4xx_hal_cortex.o
                0x000000000800062c                HAL_NVIC_EnableIRQ
 .text.HAL_SYSTICK_Config
                0x0000000008000644       0x2c Drivers/STM32F4xx_HAL_Driver/Src/stm32f4xx_hal_cortex.o
                0x0000000008000644                HAL_SYSTICK_Config
 .text.HAL_SYSTICK_CLKSourceConfig
                0x0000000008000670       0x20 Drivers/STM32F4xx_HAL_Driver/Src/stm32f4xx_hal_cortex.o
                0x0000000008000670                HAL_SYSTICK_CLKSourceConfig
 .text.HAL_SYSTICK_Callback
                0x0000000008000690        0x2 Drivers/STM32F4xx_HAL_Driver/Src/stm32f4xx_hal_cortex.o
                0x0000000008000690                HAL_SYSTICK_Callback
 .text.HAL_SYSTICK_IRQHandler
                0x0000000008000692        0x8 Drivers/STM32F4xx_HAL_Driver/Src/stm32f4xx_hal_cortex.o
                0x0000000008000692                HAL_SYSTICK_IRQHandler
 .text.DMA_SetConfig
                0x000000000800069a       0x2c Drivers/STM32F4xx_HAL_Driver/Src/stm32f4xx_hal_dma.o
 *fill*         0x00000000080006c6        0x2 
 .text.DMA_CalcBaseAndBitshift
                0x00000000080006c8       0x3c Drivers/STM32F4xx_HAL_Driver/Src/stm32f4xx_hal_dma.o
 .text.DMA_CheckFifoParam
                0x0000000008000704       0x8e Drivers/STM32F4xx_HAL_Driver/Src/stm32f4xx_hal_dma.o
 *fill*         0x0000000008000792        0x2 
 .text.HAL_DMA_Init
                0x0000000008000794       0xd0 Drivers/STM32F4xx_HAL_Driver/Src/stm32f4xx_hal_dma.o
                0x0000000008000794                HAL_DMA_Init
 .text.HAL_DMA_Start_IT
                0x0000000008000864       0x74 Drivers/STM32F4xx_HAL_Driver/Src/stm32f4xx_hal_dma.o
                0x0000000008000864                HAL_DMA_Start_IT
 .text.HAL_DMA_Abort_IT
                0x00000000080008d8       0x26 Drivers/STM32F4xx_HAL_Driver/Src/stm32f4xx_hal_dma.o
                0x00000000080008d8                HAL_DMA_Abort_IT
 *fill*         0x00000000080008fe        0x2 
 .text.HAL_DMA_IRQHandler
                0x0000000008000900      0x1dc Drivers/STM32F4xx_HAL_Driver/Src/stm32f4xx_hal_dma.o
                0x0000000008000900                HAL_DMA_IRQHandler
 .text.HAL_GPIO_Init
                0x0000000008000adc      0x1a8 Drivers/STM32F4xx_HAL_Driver/Src/stm32f4xx_hal_gpio.o
                0x0000000008000adc                HAL_GPIO_Init
 .text.HAL_GPIO_WritePin
                0x0000000008000c84        0xc Drivers/STM32F4xx_HAL_Driver/Src/stm32f4xx_hal_gpio.o
                0x0000000008000c84                HAL_GPIO_WritePin
 .text.HAL_RCC_OscConfig
                0x0000000008000c90      0x398 Drivers/STM32F4xx_HAL_Driver/Src/stm32f4xx_hal_rcc.o
                0x0000000008000c90                HAL_RCC_OscConfig
 .text.HAL_RCC_GetSysClockFreq
                0x0000000008001028       0xd4 Drivers/STM32F4xx_HAL_Driver/Src/stm32f4xx_hal_rcc.o
                0x0000000008001028                HAL_RCC_GetSysClockFreq
 .text.HAL_RCC_ClockConfig
                0x00000000080010fc      0x158 Drivers/STM32F4xx_HAL_Driver/Src/stm32f4xx_hal_rcc.o
                0x00000000080010fc                HAL_RCC_ClockConfig
 .text.HAL_RCC_GetHCLKFreq
                0x0000000008001254        0xc Drivers/STM32F4xx_HAL_Driver/Src/stm32f4xx_hal_rcc.o
                0x0000000008001254                HAL_RCC_GetHCLKFreq
 .text.HAL_RCC_GetPCLK1Freq
                0x0000000008001260       0x20 Drivers/STM32F4xx_HAL_Driver/Src/stm32f4xx_hal_rcc.o
                0x0000000008001260                HAL_RCC_GetPCLK1Freq
 .text.HAL_RCC_GetPCLK2Freq
                0x0000000008001280       0x20 Drivers/STM32F4xx_HAL_Driver/Src/stm32f4xx_hal_rcc.o
                0x0000000008001280                HAL_RCC_GetPCLK2Freq
 .text.HAL_RCC_GetClockConfig
                0x00000000080012a0       0x3c Drivers/STM32F4xx_HAL_Driver/Src/stm32f4xx_hal_rcc.o
                0x00000000080012a0                HAL_RCC_GetClockConfig
 .text.TIM_TI1_ConfigInputStage
                0x00000000080012dc       0x26 Drivers/STM32F4xx_HAL_Driver/Src/stm32f4xx_hal_tim.o
 .text.TIM_TI2_ConfigInputStage
                0x0000000008001302       0x28 Drivers/STM32F4xx_HAL_Driver/Src/stm32f4xx_hal_tim.o
 .text.TIM_ITRx_SetConfig
                0x000000000800132a       0x10 Drivers/STM32F4xx_HAL_Driver/Src/stm32f4xx_hal_tim.o
 .text.TIM_ETR_SetConfig
                0x000000000800133a       0x18 Drivers/STM32F4xx_HAL_Driver/Src/stm32f4xx_hal_tim.o
 .text.HAL_TIM_Base_Start
                0x0000000008001352       0x1a Drivers/STM32F4xx_HAL_Driver/Src/stm32f4xx_hal_tim.o
                0x0000000008001352                HAL_TIM_Base_Start
 .text.HAL_TIM_Base_Start_IT
                0x000000000800136c       0x18 Drivers/STM32F4xx_HAL_Driver/Src/stm32f4xx_hal_tim.o
                0x000000000800136c                HAL_TIM_Base_Start_IT
 .text.HAL_TIM_ConfigClockSource
                0x0000000008001384      0x108 Drivers/STM32F4xx_HAL_Driver/Src/stm32f4xx_hal_tim.o
                0x0000000008001384                HAL_TIM_ConfigClockSource
 .text.HAL_TIM_OC_DelayElapsedCallback
                0x000000000800148c        0x2 Drivers/STM32F4xx_HAL_Driver/Src/stm32f4xx_hal_tim.o
                0x000000000800148c                HAL_TIM_OC_DelayElapsedCallback
 .text.HAL_TIM_IC_CaptureCallback
                0x000000000800148e        0x2 Drivers/STM32F4xx_HAL_Driver/Src/stm32f4xx_hal_tim.o
                0x000000000800148e                HAL_TIM_IC_CaptureCallback
 .text.HAL_TIM_PWM_PulseFinishedCallback
                0x0000000008001490        0x2 Drivers/STM32F4xx_HAL_Driver/Src/stm32f4xx_hal_tim.o
                0x0000000008001490                HAL_TIM_PWM_PulseFinishedCallback
 .text.HAL_TIM_TriggerCallback
                0x0000000008001492        0x2 Drivers/STM32F4xx_HAL_Driver/Src/stm32f4xx_hal_tim.o
                0x0000000008001492                HAL_TIM_TriggerCallback
 .text.HAL_TIM_IRQHandler
                0x0000000008001494      0x17a Drivers/STM32F4xx_HAL_Driver/Src/stm32f4xx_hal_tim.o
                0x0000000008001494                HAL_TIM_IRQHandler
 *fill*         0x000000000800160e        0x2 
 .text.TIM_Base_SetConfig
                0x0000000008001610       0xd0 Drivers/STM32F4xx_HAL_Driver/Src/stm32f4xx_hal_tim.o
                0x0000000008001610                TIM_Base_SetConfig
 .text.HAL_TIM_Base_Init
                0x00000000080016e0       0x32 Drivers/STM32F4xx_HAL_Driver/Src/stm32f4xx_hal_tim.o
                0x00000000080016e0                HAL_TIM_Base_Init
 .text.HAL_TIMEx_MasterConfigSynchronization
                0x0000000008001712       0x52 Drivers/STM32F4xx_HAL_Driver/Src/stm32f4xx_hal_tim_ex.o
                0x0000000008001712                HAL_TIMEx_MasterConfigSynchronization
 .text.HAL_TIMEx_CommutationCallback
                0x0000000008001764        0x2 Drivers/STM32F4xx_HAL_Driver/Src/stm32f4xx_hal_tim_ex.o
                0x0000000008001764                HAL_TIMEx_CommutationCallback
 .text.HAL_TIMEx_BreakCallback
                0x0000000008001766        0x2 Drivers/STM32F4xx_HAL_Driver/Src/stm32f4xx_hal_tim_ex.o
                0x0000000008001766                HAL_TIMEx_BreakCallback
 .text.UART_EndTxTransfer
                0x0000000008001768       0x12 Drivers/STM32F4xx_HAL_Driver/Src/stm32f4xx_hal_uart.o
 .text.UART_EndRxTransfer
                0x000000000800177a       0x1c Drivers/STM32F4xx_HAL_Driver/Src/stm32f4xx_hal_uart.o
 .text.UART_Transmit_IT
                0x0000000008001796       0x6a Drivers/STM32F4xx_HAL_Driver/Src/stm32f4xx_hal_uart.o
 .text.UART_SetConfig
                0x0000000008001800      0x344 Drivers/STM32F4xx_HAL_Driver/Src/stm32f4xx_hal_uart.o
 .text.HAL_UART_Init
                0x0000000008001b44       0x5e Drivers/STM32F4xx_HAL_Driver/Src/stm32f4xx_hal_uart.o
                0x0000000008001b44                HAL_UART_Init
 *fill*         0x0000000008001ba2        0x2 
 .text.HAL_UART_Transmit_DMA
                0x0000000008001ba4       0x8c Drivers/STM32F4xx_HAL_Driver/Src/stm32f4xx_hal_uart.o
                0x0000000008001ba4                HAL_UART_Transmit_DMA
 .text.HAL_UART_Receive_DMA
                0x0000000008001c30       0xa8 Drivers/STM32F4xx_HAL_Driver/Src/stm32f4xx_hal_uart.o
                0x0000000008001c30                HAL_UART_Receive_DMA
 .text.UART_DMATransmitCplt
                0x0000000008001cd8       0x30 Drivers/STM32F4xx_HAL_Driver/Src/stm32f4xx_hal_uart.o
 .text.UART_EndTransmit_IT
                0x0000000008001d08       0x1a Drivers/STM32F4xx_HAL_Driver/Src/stm32f4xx_hal_uart.o
 .text.HAL_UART_TxHalfCpltCallback
                0x0000000008001d22        0x2 Drivers/STM32F4xx_HAL_Driver/Src/stm32f4xx_hal_uart.o
                0x0000000008001d22                HAL_UART_TxHalfCpltCallback
 .text.UART_DMATxHalfCplt
                0x0000000008001d24        0xa Drivers/STM32F4xx_HAL_Driver/Src/stm32f4xx_hal_uart.o
 .text.UART_DMAReceiveCplt
                0x0000000008001d2e       0x3e Drivers/STM32F4xx_HAL_Driver/Src/stm32f4xx_hal_uart.o
 .text.UART_Receive_IT
                0x0000000008001d6c       0x94 Drivers/STM32F4xx_HAL_Driver/Src/stm32f4xx_hal_uart.o
 .text.HAL_UART_RxHalfCpltCallback
                0x0000000008001e00        0x2 Drivers/STM32F4xx_HAL_Driver/Src/stm32f4xx_hal_uart.o
                0x0000000008001e00                HAL_UART_RxHalfCpltCallback
 .text.UART_DMARxHalfCplt
                0x0000000008001e02        0xa Drivers/STM32F4xx_HAL_Driver/Src/stm32f4xx_hal_uart.o
 .text.HAL_UART_ErrorCallback
                0x0000000008001e0c        0x2 Drivers/STM32F4xx_HAL_Driver/Src/stm32f4xx_hal_uart.o
                0x0000000008001e0c                HAL_UART_ErrorCallback
 .text.UART_DMAError
                0x0000000008001e0e       0x58 Drivers/STM32F4xx_HAL_Driver/Src/stm32f4xx_hal_uart.o
 *fill*         0x0000000008001e66        0x2 
 .text.HAL_UART_IRQHandler
                0x0000000008001e68      0x120 Drivers/STM32F4xx_HAL_Driver/Src/stm32f4xx_hal_uart.o
                0x0000000008001e68                HAL_UART_IRQHandler
 .text.UART_DMAAbortOnError
                0x0000000008001f88       0x10 Drivers/STM32F4xx_HAL_Driver/Src/stm32f4xx_hal_uart.o
 .text._ZN3ros16normalizeSecNSecERmS0_
                0x0000000008001f98       0x2c Inc/time.o
                0x0000000008001f98                ros::normalizeSecNSec(unsigned long&, unsigned long&)
 .text.MX_DMA_Init
                0x0000000008001fc4       0x44 Src/dma.o
                0x0000000008001fc4                MX_DMA_Init
 .text.MX_GPIO_Init
                0x0000000008002008       0xa0 Src/gpio.o
                0x0000000008002008                MX_GPIO_Init
 .text.HAL_TIM_PeriodElapsedCallback
                0x00000000080020a8       0x18 Src/main.o
                0x00000000080020a8                HAL_TIM_PeriodElapsedCallback
 .text._Error_Handler
                0x00000000080020c0        0x2 Src/main.o
                0x00000000080020c0                _Error_Handler
 *fill*         0x00000000080020c2        0x2 
 .text.SystemClock_Config
                0x00000000080020c4       0xc0 Src/main.o
                0x00000000080020c4                SystemClock_Config
 .text.main     0x0000000008002184       0x24 Src/main.o
                0x0000000008002184                main
 .text._ZNK8std_msgs4Time9serializeEPh
                0x00000000080021a8       0x24 Src/maincpp.o
                0x00000000080021a8                std_msgs::Time::serialize(unsigned char*) const
 .text._ZN8std_msgs4Time11deserializeEPh
                0x00000000080021cc       0x3c Src/maincpp.o
                0x00000000080021cc                std_msgs::Time::deserialize(unsigned char*)
 .text._ZN8std_msgs4Time7getTypeEv
                0x0000000008002208        0x8 Src/maincpp.o
                0x0000000008002208                std_msgs::Time::getType()
 .text._ZN8std_msgs4Time6getMD5Ev
                0x0000000008002210        0x8 Src/maincpp.o
                0x0000000008002210                std_msgs::Time::getMD5()
 .text._ZN14rosserial_msgs9TopicInfo11deserializeEPh
                0x0000000008002218       0xca Src/maincpp.o
                0x0000000008002218                rosserial_msgs::TopicInfo::deserialize(unsigned char*)
 *fill*         0x00000000080022e2        0x2 
 .text._ZN14rosserial_msgs9TopicInfo7getTypeEv
                0x00000000080022e4        0x8 Src/maincpp.o
                0x00000000080022e4                rosserial_msgs::TopicInfo::getType()
 .text._ZN14rosserial_msgs9TopicInfo6getMD5Ev
                0x00000000080022ec        0x8 Src/maincpp.o
                0x00000000080022ec                rosserial_msgs::TopicInfo::getMD5()
 .text._ZN14rosserial_msgs3Log11deserializeEPh
                0x00000000080022f4       0x40 Src/maincpp.o
                0x00000000080022f4                rosserial_msgs::Log::deserialize(unsigned char*)
 .text._ZN14rosserial_msgs3Log7getTypeEv
                0x0000000008002334        0x8 Src/maincpp.o
                0x0000000008002334                rosserial_msgs::Log::getType()
 .text._ZN14rosserial_msgs3Log6getMD5Ev
                0x000000000800233c        0x8 Src/maincpp.o
                0x000000000800233c                rosserial_msgs::Log::getMD5()
 .text._ZN14rosserial_msgs20RequestParamResponse7getTypeEv
                0x0000000008002344        0x8 Src/maincpp.o
                0x0000000008002344                rosserial_msgs::RequestParamResponse::getType()
 .text._ZN14rosserial_msgs20RequestParamResponse6getMD5Ev
                0x000000000800234c        0x8 Src/maincpp.o
                0x000000000800234c                rosserial_msgs::RequestParamResponse::getMD5()
 .text._ZN8std_msgs6String11deserializeEPh
                0x0000000008002354       0x38 Src/maincpp.o
                0x0000000008002354                std_msgs::String::deserialize(unsigned char*)
 .text._ZN8std_msgs6String7getTypeEv
                0x000000000800238c        0x8 Src/maincpp.o
                0x000000000800238c                std_msgs::String::getType()
 .text._ZN8std_msgs6String6getMD5Ev
                0x0000000008002394        0x8 Src/maincpp.o
                0x0000000008002394                std_msgs::String::getMD5()
 .text._Z41__static_initialization_and_destruction_0ii
                0x000000000800239c       0xec Src/maincpp.o
 .text._ZN3ros11NodeHandle_I13STM32HardwareLi25ELi25ELi512ELi512EE9connectedEv
                0x0000000008002488        0x6 Src/maincpp.o
                0x0000000008002488                ros::NodeHandle_<STM32Hardware, 25, 25, 512, 512>::connected()
 *fill*         0x000000000800248e        0x2 
 .text._ZN3ros11NodeHandle_I13STM32HardwareLi25ELi25ELi512ELi512EE7publishEiPKNS_3MsgE
                0x0000000008002490      0x16c Src/maincpp.o
                0x0000000008002490                ros::NodeHandle_<STM32Hardware, 25, 25, 512, 512>::publish(int, ros::Msg const*)
 .text._ZNK14rosserial_msgs9TopicInfo9serializeEPh
                0x00000000080025fc       0xaa Src/maincpp.o
                0x00000000080025fc                rosserial_msgs::TopicInfo::serialize(unsigned char*) const
 .text._ZNK14rosserial_msgs3Log9serializeEPh
                0x00000000080026a6       0x34 Src/maincpp.o
                0x00000000080026a6                rosserial_msgs::Log::serialize(unsigned char*) const
 .text._ZNK14rosserial_msgs20RequestParamResponse9serializeEPh
                0x00000000080026da       0xf0 Src/maincpp.o
                0x00000000080026da                rosserial_msgs::RequestParamResponse::serialize(unsigned char*) const
 .text._ZNK8std_msgs6String9serializeEPh
                0x00000000080027ca       0x2e Src/maincpp.o
                0x00000000080027ca                std_msgs::String::serialize(unsigned char*) const
 .text._ZN14rosserial_msgs20RequestParamResponse11deserializeEPh
                0x00000000080027f8      0x144 Src/maincpp.o
                0x00000000080027f8                rosserial_msgs::RequestParamResponse::deserialize(unsigned char*)
 .text._ZN3ros11NodeHandle_I13STM32HardwareLi25ELi25ELi512ELi512EE8spinOnceEv
                0x000000000800293c      0x588 Src/maincpp.o
                0x000000000800293c                ros::NodeHandle_<STM32Hardware, 25, 25, 512, 512>::spinOnce()
 .text.HAL_UART_TxCpltCallback
                0x0000000008002ec4       0x74 Src/maincpp.o
                0x0000000008002ec4                HAL_UART_TxCpltCallback
 .text.HAL_UART_RxCpltCallback
                0x0000000008002f38       0x18 Src/maincpp.o
                0x0000000008002f38                HAL_UART_RxCpltCallback
 .text.setup    0x0000000008002f50       0x5c Src/maincpp.o
                0x0000000008002f50                setup
 .text.loop     0x0000000008002fac      0x628 Src/maincpp.o
                0x0000000008002fac                loop
 .text._GLOBAL__sub_I_nh
                0x00000000080035d4        0xe Src/maincpp.o
 .text.HAL_MspInit
                0x00000000080035e2       0x5e Src/stm32f4xx_hal_msp.o
                0x00000000080035e2                HAL_MspInit
 .text.HAL_InitTick
                0x0000000008003640       0x78 Src/stm32f4xx_hal_timebase_TIM.o
                0x0000000008003640                HAL_InitTick
 .text.SVC_Handler
                0x00000000080036b8        0x2 Src/stm32f4xx_it.o
                0x00000000080036b8                SVC_Handler
 .text.PendSV_Handler
                0x00000000080036ba        0x2 Src/stm32f4xx_it.o
                0x00000000080036ba                PendSV_Handler
 .text.SysTick_Handler
                0x00000000080036bc        0x8 Src/stm32f4xx_it.o
                0x00000000080036bc                SysTick_Handler
 .text.DMA1_Stream6_IRQHandler
                0x00000000080036c4       0x10 Src/stm32f4xx_it.o
                0x00000000080036c4                DMA1_Stream6_IRQHandler
 .text.TIM1_UP_TIM10_IRQHandler
                0x00000000080036d4       0x10 Src/stm32f4xx_it.o
                0x00000000080036d4                TIM1_UP_TIM10_IRQHandler
 .text.USART2_IRQHandler
                0x00000000080036e4       0x10 Src/stm32f4xx_it.o
                0x00000000080036e4                USART2_IRQHandler
 .text.DMA1_Stream7_IRQHandler
                0x00000000080036f4       0x10 Src/stm32f4xx_it.o
                0x00000000080036f4                DMA1_Stream7_IRQHandler
 .text.SystemInit
                0x0000000008003704       0x4c Src/system_stm32f4xx.o
                0x0000000008003704                SystemInit
 .text.MX_TIM2_Init
                0x0000000008003750       0x74 Src/tim.o
                0x0000000008003750                MX_TIM2_Init
 .text.HAL_TIM_Base_MspInit
                0x00000000080037c4       0x2c Src/tim.o
                0x00000000080037c4                HAL_TIM_Base_MspInit
 .text.MX_USART2_UART_Init
                0x00000000080037f0       0x3c Src/usart.o
                0x00000000080037f0                MX_USART2_UART_Init
 .text.HAL_UART_MspInit
                0x000000000800382c       0xf4 Src/usart.o
                0x000000000800382c                HAL_UART_MspInit
 .text.Reset_Handler
                0x0000000008003920       0x50 startup/startup_stm32f411xe.o
                0x0000000008003920                Reset_Handler
 .text.Default_Handler
                0x0000000008003970        0x2 startup/startup_stm32f411xe.o
                0x0000000008003970                RTC_Alarm_IRQHandler
                0x0000000008003970                EXTI2_IRQHandler
                0x0000000008003970                DebugMon_Handler
                0x0000000008003970                SPI4_IRQHandler
                0x0000000008003970                TIM1_CC_IRQHandler
                0x0000000008003970                DMA2_Stream5_IRQHandler
                0x0000000008003970                HardFault_Handler
                0x0000000008003970                DMA1_Stream5_IRQHandler
                0x0000000008003970                PVD_IRQHandler
                0x0000000008003970                SDIO_IRQHandler
                0x0000000008003970                TAMP_STAMP_IRQHandler
                0x0000000008003970                NMI_Handler
                0x0000000008003970                EXTI3_IRQHandler
                0x0000000008003970                I2C3_ER_IRQHandler
                0x0000000008003970                EXTI0_IRQHandler
                0x0000000008003970                I2C2_EV_IRQHandler
                0x0000000008003970                DMA1_Stream2_IRQHandler
                0x0000000008003970                FPU_IRQHandler
                0x0000000008003970                UsageFault_Handler
                0x0000000008003970                DMA2_Stream2_IRQHandler
                0x0000000008003970                SPI1_IRQHandler
                0x0000000008003970                TIM1_BRK_TIM9_IRQHandler
                0x0000000008003970                DMA2_Stream3_IRQHandler
                0x0000000008003970                USART6_IRQHandler
                0x0000000008003970                DMA2_Stream0_IRQHandler
                0x0000000008003970                TIM4_IRQHandler
                0x0000000008003970                I2C1_EV_IRQHandler
                0x0000000008003970                DMA1_Stream1_IRQHandler
                0x0000000008003970                TIM3_IRQHandler
                0x0000000008003970                RCC_IRQHandler
                0x0000000008003970                Default_Handler
                0x0000000008003970                EXTI15_10_IRQHandler
                0x0000000008003970                ADC_IRQHandler
                0x0000000008003970                SPI5_IRQHandler
                0x0000000008003970                TIM5_IRQHandler
                0x0000000008003970                DMA2_Stream7_IRQHandler
                0x0000000008003970                I2C3_EV_IRQHandler
                0x0000000008003970                EXTI9_5_IRQHandler
                0x0000000008003970                RTC_WKUP_IRQHandler
                0x0000000008003970                SPI2_IRQHandler
                0x0000000008003970                MemManage_Handler
                0x0000000008003970                DMA1_Stream0_IRQHandler
                0x0000000008003970                EXTI4_IRQHandler
                0x0000000008003970                WWDG_IRQHandler
                0x0000000008003970                TIM2_IRQHandler
                0x0000000008003970                OTG_FS_WKUP_IRQHandler
                0x0000000008003970                TIM1_TRG_COM_TIM11_IRQHandler
                0x0000000008003970                EXTI1_IRQHandler
                0x0000000008003970                I2C2_ER_IRQHandler
                0x0000000008003970                DMA2_Stream1_IRQHandler
                0x0000000008003970                FLASH_IRQHandler
                0x0000000008003970                DMA2_Stream4_IRQHandler
                0x0000000008003970                BusFault_Handler
                0x0000000008003970                USART1_IRQHandler
                0x0000000008003970                OTG_FS_IRQHandler
                0x0000000008003970                SPI3_IRQHandler
                0x0000000008003970                DMA1_Stream4_IRQHandler
                0x0000000008003970                I2C1_ER_IRQHandler
                0x0000000008003970                DMA2_Stream6_IRQHandler
                0x0000000008003970                DMA1_Stream3_IRQHandler
 *fill*         0x0000000008003972        0x2 
 .text.__libc_init_array
                0x0000000008003974       0x48 /opt/ac6/SystemWorkbench/plugins/fr.ac6.mcu.externaltools.arm-none.linux64_1.15.0.201708311556/tools/compiler/bin/../lib/gcc/arm-none-eabi/6.3.1/../../../../arm-none-eabi/lib/thumb/v7e-m/fpv4-sp/hard/libc_nano.a(lib_a-init.o)
                0x0000000008003974                __libc_init_array
 .text.memcpy   0x00000000080039bc       0x16 /opt/ac6/SystemWorkbench/plugins/fr.ac6.mcu.externaltools.arm-none.linux64_1.15.0.201708311556/tools/compiler/bin/../lib/gcc/arm-none-eabi/6.3.1/../../../../arm-none-eabi/lib/thumb/v7e-m/fpv4-sp/hard/libc_nano.a(lib_a-memcpy-stub.o)
                0x00000000080039bc                memcpy
 *fill*         0x00000000080039d2        0x2 
 .text.realloc  0x00000000080039d4       0x10 /opt/ac6/SystemWorkbench/plugins/fr.ac6.mcu.externaltools.arm-none.linux64_1.15.0.201708311556/tools/compiler/bin/../lib/gcc/arm-none-eabi/6.3.1/../../../../arm-none-eabi/lib/thumb/v7e-m/fpv4-sp/hard/libc_nano.a(lib_a-realloc.o)
                0x00000000080039d4                realloc
 .text._realloc_r
                0x00000000080039e4       0x4c /opt/ac6/SystemWorkbench/plugins/fr.ac6.mcu.externaltools.arm-none.linux64_1.15.0.201708311556/tools/compiler/bin/../lib/gcc/arm-none-eabi/6.3.1/../../../../arm-none-eabi/lib/thumb/v7e-m/fpv4-sp/hard/libc_nano.a(lib_a-nano-reallocr.o)
                0x00000000080039e4                _realloc_r
 .text._free_r  0x0000000008003a30       0x9c /opt/ac6/SystemWorkbench/plugins/fr.ac6.mcu.externaltools.arm-none.linux64_1.15.0.201708311556/tools/compiler/bin/../lib/gcc/arm-none-eabi/6.3.1/../../../../arm-none-eabi/lib/thumb/v7e-m/fpv4-sp/hard/libc_nano.a(lib_a-nano-freer.o)
                0x0000000008003a30                _free_r
 .text._malloc_r
                0x0000000008003acc       0xbc /opt/ac6/SystemWorkbench/plugins/fr.ac6.mcu.externaltools.arm-none.linux64_1.15.0.201708311556/tools/compiler/bin/../lib/gcc/arm-none-eabi/6.3.1/../../../../arm-none-eabi/lib/thumb/v7e-m/fpv4-sp/hard/libc_nano.a(lib_a-nano-mallocr.o)
                0x0000000008003acc                _malloc_r
 .text._malloc_usable_size_r
                0x0000000008003b88       0x12 /opt/ac6/SystemWorkbench/plugins/fr.ac6.mcu.externaltools.arm-none.linux64_1.15.0.201708311556/tools/compiler/bin/../lib/gcc/arm-none-eabi/6.3.1/../../../../arm-none-eabi/lib/thumb/v7e-m/fpv4-sp/hard/libc_nano.a(lib_a-nano-msizer.o)
                0x0000000008003b88                _malloc_usable_size_r
 *fill*         0x0000000008003b9a        0x2 
 .text._sbrk_r  0x0000000008003b9c       0x20 /opt/ac6/SystemWorkbench/plugins/fr.ac6.mcu.externaltools.arm-none.linux64_1.15.0.201708311556/tools/compiler/bin/../lib/gcc/arm-none-eabi/6.3.1/../../../../arm-none-eabi/lib/thumb/v7e-m/fpv4-sp/hard/libc_nano.a(lib_a-sbrkr.o)
                0x0000000008003b9c                _sbrk_r
 .text.__malloc_lock
                0x0000000008003bbc        0x2 /opt/ac6/SystemWorkbench/plugins/fr.ac6.mcu.externaltools.arm-none.linux64_1.15.0.201708311556/tools/compiler/bin/../lib/gcc/arm-none-eabi/6.3.1/../../../../arm-none-eabi/lib/thumb/v7e-m/fpv4-sp/hard/libc_nano.a(lib_a-mlock.o)
                0x0000000008003bbc                __malloc_lock
 .text.__malloc_unlock
                0x0000000008003bbe        0x2 /opt/ac6/SystemWorkbench/plugins/fr.ac6.mcu.externaltools.arm-none.linux64_1.15.0.201708311556/tools/compiler/bin/../lib/gcc/arm-none-eabi/6.3.1/../../../../arm-none-eabi/lib/thumb/v7e-m/fpv4-sp/hard/libc_nano.a(lib_a-mlock.o)
                0x0000000008003bbe                __malloc_unlock
 .text._sbrk    0x0000000008003bc0       0x1c /opt/ac6/SystemWorkbench/plugins/fr.ac6.mcu.externaltools.arm-none.linux64_1.15.0.201708311556/tools/compiler/bin/../lib/gcc/arm-none-eabi/6.3.1/../../../../arm-none-eabi/lib/thumb/v7e-m/fpv4-sp/hard/libnosys.a(sbrk.o)
                0x0000000008003bc0                _sbrk
 *(.glue_7)
 .glue_7        0x0000000008003bdc        0x0 linker stubs
 *(.glue_7t)
 .glue_7t       0x0000000008003bdc        0x0 linker stubs
 *(.eh_frame)
 .eh_frame      0x0000000008003bdc        0x0 /opt/ac6/SystemWorkbench/plugins/fr.ac6.mcu.externaltools.arm-none.linux64_1.15.0.201708311556/tools/compiler/bin/../lib/gcc/arm-none-eabi/6.3.1/thumb/v7e-m/fpv4-sp/hard/crtbegin.o
 *(.init)
 .init          0x0000000008003bdc        0x4 /opt/ac6/SystemWorkbench/plugins/fr.ac6.mcu.externaltools.arm-none.linux64_1.15.0.201708311556/tools/compiler/bin/../lib/gcc/arm-none-eabi/6.3.1/thumb/v7e-m/fpv4-sp/hard/crti.o
                0x0000000008003bdc                _init
 .init          0x0000000008003be0        0x8 /opt/ac6/SystemWorkbench/plugins/fr.ac6.mcu.externaltools.arm-none.linux64_1.15.0.201708311556/tools/compiler/bin/../lib/gcc/arm-none-eabi/6.3.1/thumb/v7e-m/fpv4-sp/hard/crtn.o
 *(.fini)
 .fini          0x0000000008003be8        0x4 /opt/ac6/SystemWorkbench/plugins/fr.ac6.mcu.externaltools.arm-none.linux64_1.15.0.201708311556/tools/compiler/bin/../lib/gcc/arm-none-eabi/6.3.1/thumb/v7e-m/fpv4-sp/hard/crti.o
                0x0000000008003be8                _fini
 .fini          0x0000000008003bec        0x8 /opt/ac6/SystemWorkbench/plugins/fr.ac6.mcu.externaltools.arm-none.linux64_1.15.0.201708311556/tools/compiler/bin/../lib/gcc/arm-none-eabi/6.3.1/thumb/v7e-m/fpv4-sp/hard/crtn.o
                0x0000000008003bf4                . = ALIGN (0x4)
                0x0000000008003bf4                _etext = .

.vfp11_veneer   0x0000000008003bf4        0x0
 .vfp11_veneer  0x0000000008003bf4        0x0 linker stubs

.v4_bx          0x0000000008003bf4        0x0
 .v4_bx         0x0000000008003bf4        0x0 linker stubs

.iplt           0x0000000008003bf4        0x0
 .iplt          0x0000000008003bf4        0x0 /opt/ac6/SystemWorkbench/plugins/fr.ac6.mcu.externaltools.arm-none.linux64_1.15.0.201708311556/tools/compiler/bin/../lib/gcc/arm-none-eabi/6.3.1/thumb/v7e-m/fpv4-sp/hard/crtbegin.o

.rodata         0x0000000008003bf4      0x240
                0x0000000008003bf4                . = ALIGN (0x4)
 *(.rodata)
 .rodata        0x0000000008003bf4        0x8 Drivers/STM32F4xx_HAL_Driver/Src/stm32f4xx_hal_dma.o
 .rodata        0x0000000008003bfc       0x1c Src/maincpp.o
 .rodata        0x0000000008003c18       0x18 Src/system_stm32f4xx.o
                0x0000000008003c18                AHBPrescTable
                0x0000000008003c28                APBPrescTable
 *(.rodata*)
 .rodata.str1.4
                0x0000000008003c30        0xe Src/main.o
 *fill*         0x0000000008003c3e        0x2 
 .rodata._ZTVN8std_msgs4TimeE
                0x0000000008003c40       0x18 Src/maincpp.o
                0x0000000008003c40                vtable for std_msgs::Time
 .rodata._ZTVN14rosserial_msgs9TopicInfoE
                0x0000000008003c58       0x18 Src/maincpp.o
                0x0000000008003c58                vtable for rosserial_msgs::TopicInfo
 .rodata._ZTVN14rosserial_msgs3LogE
                0x0000000008003c70       0x18 Src/maincpp.o
                0x0000000008003c70                vtable for rosserial_msgs::Log
 .rodata._ZTVN14rosserial_msgs20RequestParamResponseE
                0x0000000008003c88       0x18 Src/maincpp.o
                0x0000000008003c88                vtable for rosserial_msgs::RequestParamResponse
 .rodata._ZTVN8std_msgs6StringE
                0x0000000008003ca0       0x18 Src/maincpp.o
                0x0000000008003ca0                vtable for std_msgs::String
 .rodata._ZTVN3ros11NodeHandle_I13STM32HardwareLi25ELi25ELi512ELi512EEE
                0x0000000008003cb8       0x14 Src/maincpp.o
                0x0000000008003cb8                vtable for ros::NodeHandle_<STM32Hardware, 25, 25, 512, 512>
 .rodata._ZN14rosserial_msgs20RequestParamResponse6getMD5Ev.str1.4
                0x0000000008003ccc       0x21 Src/maincpp.o
 *fill*         0x0000000008003ced        0x3 
 .rodata._ZN14rosserial_msgs3Log6getMD5Ev.str1.4
                0x0000000008003cf0       0x21 Src/maincpp.o
 *fill*         0x0000000008003d11        0x3 
 .rodata._ZN14rosserial_msgs3Log7getTypeEv.str1.4
                0x0000000008003d14       0x13 Src/maincpp.o
 *fill*         0x0000000008003d27        0x1 
 .rodata._ZN14rosserial_msgs9TopicInfo6getMD5Ev.str1.4
                0x0000000008003d28       0x21 Src/maincpp.o
 *fill*         0x0000000008003d49        0x3 
 .rodata._ZN14rosserial_msgs9TopicInfo7getTypeEv.str1.4
                0x0000000008003d4c       0x19 Src/maincpp.o
 *fill*         0x0000000008003d65        0x3 
 .rodata._ZN3ros11NodeHandle_I13STM32HardwareLi25ELi25ELi512ELi512EE7publishEiPKNS_3MsgE.str1.4
                0x0000000008003d68       0x39 Src/maincpp.o
 *fill*         0x0000000008003da1        0x3 
 .rodata._ZN8std_msgs4Time6getMD5Ev.str1.4
                0x0000000008003da4       0x21 Src/maincpp.o
 *fill*         0x0000000008003dc5        0x3 
 .rodata._ZN8std_msgs4Time7getTypeEv.str1.4
                0x0000000008003dc8        0xe Src/maincpp.o
 *fill*         0x0000000008003dd6        0x2 
 .rodata._ZN8std_msgs6String6getMD5Ev.str1.4
                0x0000000008003dd8       0x21 Src/maincpp.o
 *fill*         0x0000000008003df9        0x3 
 .rodata._ZN8std_msgs6String7getTypeEv.str1.4
                0x0000000008003dfc       0x10 Src/maincpp.o
 .rodata.str1.4
                0x0000000008003e0c        0x8 Src/maincpp.o
                                          0xc (size before relaxing)
 .rodata.str1.4
                0x0000000008003e14        0xd Src/tim.o
 *fill*         0x0000000008003e21        0x3 
 .rodata.str1.4
                0x0000000008003e24       0x10 Src/usart.o
                                          0xf (size before relaxing)
                0x0000000008003e34                . = ALIGN (0x4)

.ARM.extab
 *(.ARM.extab* .gnu.linkonce.armextab.*)

.ARM            0x0000000008003e34        0x8
                0x0000000008003e34                __exidx_start = .
 *(.ARM.exidx*)
 .ARM.exidx     0x0000000008003e34        0x8 /opt/ac6/SystemWorkbench/plugins/fr.ac6.mcu.externaltools.arm-none.linux64_1.15.0.201708311556/tools/compiler/bin/../lib/gcc/arm-none-eabi/6.3.1/thumb/v7e-m/fpv4-sp/hard/libgcc.a(_udivmoddi4.o)
                0x0000000008003e3c                __exidx_end = .

.rel.dyn        0x0000000008003e3c        0x0
 .rel.iplt      0x0000000008003e3c        0x0 /opt/ac6/SystemWorkbench/plugins/fr.ac6.mcu.externaltools.arm-none.linux64_1.15.0.201708311556/tools/compiler/bin/../lib/gcc/arm-none-eabi/6.3.1/thumb/v7e-m/fpv4-sp/hard/crtbegin.o

.preinit_array  0x0000000008003e3c        0x0
                0x0000000008003e3c                PROVIDE (__preinit_array_start, .)
 *(.preinit_array*)
                0x0000000008003e3c                PROVIDE (__preinit_array_end, .)

.init_array     0x0000000008003e3c        0x8
                0x0000000008003e3c                PROVIDE (__init_array_start, .)
 *(SORT(.init_array.*))
 *(.init_array*)
 .init_array    0x0000000008003e3c        0x4 /opt/ac6/SystemWorkbench/plugins/fr.ac6.mcu.externaltools.arm-none.linux64_1.15.0.201708311556/tools/compiler/bin/../lib/gcc/arm-none-eabi/6.3.1/thumb/v7e-m/fpv4-sp/hard/crtbegin.o
 .init_array    0x0000000008003e40        0x4 Src/maincpp.o
                0x0000000008003e44                PROVIDE (__init_array_end, .)

.fini_array     0x0000000008003e44        0x4
                [!provide]                        PROVIDE (__fini_array_start, .)
 *(SORT(.fini_array.*))
 *(.fini_array*)
 .fini_array    0x0000000008003e44        0x4 /opt/ac6/SystemWorkbench/plugins/fr.ac6.mcu.externaltools.arm-none.linux64_1.15.0.201708311556/tools/compiler/bin/../lib/gcc/arm-none-eabi/6.3.1/thumb/v7e-m/fpv4-sp/hard/crtbegin.o
                [!provide]                        PROVIDE (__fini_array_end, .)
                0x0000000008003e48                _sidata = LOADADDR (.data)

.data           0x0000000020000000       0x80 load address 0x0000000008003e48
                0x0000000020000000                . = ALIGN (0x4)
                0x0000000020000000                _sdata = .
 *(.data)
 .data          0x0000000020000000        0x8 Drivers/STM32F4xx_HAL_Driver/Src/stm32f4xx_hal.o
                0x0000000020000000                uwTickFreq
                0x0000000020000004                uwTickPrio
 .data          0x0000000020000008        0xd Src/maincpp.o
                0x0000000020000008                hello
 *fill*         0x0000000020000015        0x3 
 .data          0x0000000020000018        0x4 Src/system_stm32f4xx.o
                0x0000000020000018                SystemCoreClock
 *(.data*)
 .data._impure_ptr
                0x000000002000001c        0x4 /opt/ac6/SystemWorkbench/plugins/fr.ac6.mcu.externaltools.arm-none.linux64_1.15.0.201708311556/tools/compiler/bin/../lib/gcc/arm-none-eabi/6.3.1/../../../../arm-none-eabi/lib/thumb/v7e-m/fpv4-sp/hard/libc_nano.a(lib_a-impure.o)
                0x000000002000001c                _impure_ptr
 .data.impure_data
                0x0000000020000020       0x60 /opt/ac6/SystemWorkbench/plugins/fr.ac6.mcu.externaltools.arm-none.linux64_1.15.0.201708311556/tools/compiler/bin/../lib/gcc/arm-none-eabi/6.3.1/../../../../arm-none-eabi/lib/thumb/v7e-m/fpv4-sp/hard/libc_nano.a(lib_a-impure.o)
                0x0000000020000080                . = ALIGN (0x4)
                0x0000000020000080                _edata = .

.jcr            0x0000000020000080        0x0 load address 0x0000000008003ec8
 .jcr           0x0000000020000080        0x0 /opt/ac6/SystemWorkbench/plugins/fr.ac6.mcu.externaltools.arm-none.linux64_1.15.0.201708311556/tools/compiler/bin/../lib/gcc/arm-none-eabi/6.3.1/thumb/v7e-m/fpv4-sp/hard/crtbegin.o

.igot.plt       0x0000000020000080        0x0 load address 0x0000000008003ec8
 .igot.plt      0x0000000020000080        0x0 /opt/ac6/SystemWorkbench/plugins/fr.ac6.mcu.externaltools.arm-none.linux64_1.15.0.201708311556/tools/compiler/bin/../lib/gcc/arm-none-eabi/6.3.1/thumb/v7e-m/fpv4-sp/hard/crtbegin.o
                0x0000000020000080                . = ALIGN (0x4)

.bss            0x0000000020000080      0x88c load address 0x0000000008003ec8
                0x0000000020000080                _sbss = .
                0x0000000020000080                __bss_start__ = _sbss
 *(.bss)
 .bss           0x0000000020000080       0x1c /opt/ac6/SystemWorkbench/plugins/fr.ac6.mcu.externaltools.arm-none.linux64_1.15.0.201708311556/tools/compiler/bin/../lib/gcc/arm-none-eabi/6.3.1/thumb/v7e-m/fpv4-sp/hard/crtbegin.o
 .bss           0x000000002000009c      0x6e0 Src/maincpp.o
                0x000000002000009c                nh
                0x000000002000075c                str_msg
                0x0000000020000764                chatter
                0x0000000020000778                time
 *(.bss*)
 .bss._ZZN13STM32Hardware5flushEvE5mutex
                0x000000002000077c        0x1 Src/maincpp.o
                0x000000002000077c                STM32Hardware::flush()::mutex
 *fill*         0x000000002000077d        0x3 
 .bss.__malloc_free_list
                0x0000000020000780        0x4 /opt/ac6/SystemWorkbench/plugins/fr.ac6.mcu.externaltools.arm-none.linux64_1.15.0.201708311556/tools/compiler/bin/../lib/gcc/arm-none-eabi/6.3.1/../../../../arm-none-eabi/lib/thumb/v7e-m/fpv4-sp/hard/libc_nano.a(lib_a-nano-mallocr.o)
                0x0000000020000780                __malloc_free_list
 .bss.__malloc_sbrk_start
                0x0000000020000784        0x4 /opt/ac6/SystemWorkbench/plugins/fr.ac6.mcu.externaltools.arm-none.linux64_1.15.0.201708311556/tools/compiler/bin/../lib/gcc/arm-none-eabi/6.3.1/../../../../arm-none-eabi/lib/thumb/v7e-m/fpv4-sp/hard/libc_nano.a(lib_a-nano-mallocr.o)
                0x0000000020000784                __malloc_sbrk_start
 .bss.heap_end.5239
                0x0000000020000788        0x4 /opt/ac6/SystemWorkbench/plugins/fr.ac6.mcu.externaltools.arm-none.linux64_1.15.0.201708311556/tools/compiler/bin/../lib/gcc/arm-none-eabi/6.3.1/../../../../arm-none-eabi/lib/thumb/v7e-m/fpv4-sp/hard/libnosys.a(sbrk.o)
 *(COMMON)
 COMMON         0x000000002000078c        0x4 Drivers/STM32F4xx_HAL_Driver/Src/stm32f4xx_hal.o
                0x000000002000078c                uwTick
 COMMON         0x0000000020000790       0x3c Src/stm32f4xx_hal_timebase_TIM.o
                0x0000000020000790                htim1
 COMMON         0x00000000200007cc       0x3c Src/tim.o
                0x00000000200007cc                htim2
 COMMON         0x0000000020000808      0x100 Src/usart.o
                0x0000000020000808                hdma_usart2_rx
                0x0000000020000868                hdma_usart2_tx
                0x00000000200008c8                huart2
 COMMON         0x0000000020000908        0x4 /opt/ac6/SystemWorkbench/plugins/fr.ac6.mcu.externaltools.arm-none.linux64_1.15.0.201708311556/tools/compiler/bin/../lib/gcc/arm-none-eabi/6.3.1/../../../../arm-none-eabi/lib/thumb/v7e-m/fpv4-sp/hard/libc_nano.a(lib_a-reent.o)
                0x0000000020000908                errno
                0x000000002000090c                . = ALIGN (0x4)
                0x000000002000090c                _ebss = .
                0x000000002000090c                __bss_end__ = _ebss

._user_heap_stack
                0x000000002000090c      0x604 load address 0x0000000008003ec8
                0x0000000020000910                . = ALIGN (0x8)
 *fill*         0x000000002000090c        0x4 
                0x0000000020000910                PROVIDE (end, .)
                [!provide]                        PROVIDE (_end, .)
                0x0000000020000b10                . = (. + _Min_Heap_Size)
 *fill*         0x0000000020000910      0x200 
                0x0000000020000f10                . = (. + _Min_Stack_Size)
 *fill*         0x0000000020000b10      0x400 
                0x0000000020000f10                . = ALIGN (0x8)

/DISCARD/
 libc.a(*)
 libm.a(*)
 libgcc.a(*)

.ARM.attributes
                0x0000000000000000       0x30
 *(.ARM.attributes)
 .ARM.attributes
                0x0000000000000000       0x22 /opt/ac6/SystemWorkbench/plugins/fr.ac6.mcu.externaltools.arm-none.linux64_1.15.0.201708311556/tools/compiler/bin/../lib/gcc/arm-none-eabi/6.3.1/thumb/v7e-m/fpv4-sp/hard/crti.o
 .ARM.attributes
                0x0000000000000022       0x34 /opt/ac6/SystemWorkbench/plugins/fr.ac6.mcu.externaltools.arm-none.linux64_1.15.0.201708311556/tools/compiler/bin/../lib/gcc/arm-none-eabi/6.3.1/thumb/v7e-m/fpv4-sp/hard/crtbegin.o
 .ARM.attributes
                0x0000000000000056       0x39 Drivers/STM32F4xx_HAL_Driver/Src/stm32f4xx_hal.o
 .ARM.attributes
                0x000000000000008f       0x39 Drivers/STM32F4xx_HAL_Driver/Src/stm32f4xx_hal_cortex.o
 .ARM.attributes
                0x00000000000000c8       0x39 Drivers/STM32F4xx_HAL_Driver/Src/stm32f4xx_hal_dma.o
 .ARM.attributes
                0x0000000000000101       0x39 Drivers/STM32F4xx_HAL_Driver/Src/stm32f4xx_hal_gpio.o
 .ARM.attributes
                0x000000000000013a       0x39 Drivers/STM32F4xx_HAL_Driver/Src/stm32f4xx_hal_rcc.o
 .ARM.attributes
                0x0000000000000173       0x39 Drivers/STM32F4xx_HAL_Driver/Src/stm32f4xx_hal_tim.o
 .ARM.attributes
                0x00000000000001ac       0x39 Drivers/STM32F4xx_HAL_Driver/Src/stm32f4xx_hal_tim_ex.o
 .ARM.attributes
                0x00000000000001e5       0x39 Drivers/STM32F4xx_HAL_Driver/Src/stm32f4xx_hal_uart.o
 .ARM.attributes
                0x000000000000021e       0x39 Inc/time.o
 .ARM.attributes
                0x0000000000000257       0x39 Src/dma.o
 .ARM.attributes
                0x0000000000000290       0x39 Src/gpio.o
 .ARM.attributes
                0x00000000000002c9       0x39 Src/main.o
 .ARM.attributes
                0x0000000000000302       0x39 Src/maincpp.o
 .ARM.attributes
                0x000000000000033b       0x39 Src/stm32f4xx_hal_msp.o
 .ARM.attributes
                0x0000000000000374       0x39 Src/stm32f4xx_hal_timebase_TIM.o
 .ARM.attributes
                0x00000000000003ad       0x39 Src/stm32f4xx_it.o
 .ARM.attributes
                0x00000000000003e6       0x39 Src/system_stm32f4xx.o
 .ARM.attributes
                0x000000000000041f       0x39 Src/tim.o
 .ARM.attributes
                0x0000000000000458       0x39 Src/usart.o
 .ARM.attributes
                0x0000000000000491       0x21 startup/startup_stm32f411xe.o
 .ARM.attributes
                0x00000000000004b2       0x22 /opt/ac6/SystemWorkbench/plugins/fr.ac6.mcu.externaltools.arm-none.linux64_1.15.0.201708311556/tools/compiler/bin/../lib/gcc/arm-none-eabi/6.3.1/thumb/v7e-m/fpv4-sp/hard/libgcc.a(_aeabi_uldivmod.o)
 .ARM.attributes
                0x00000000000004d4       0x34 /opt/ac6/SystemWorkbench/plugins/fr.ac6.mcu.externaltools.arm-none.linux64_1.15.0.201708311556/tools/compiler/bin/../lib/gcc/arm-none-eabi/6.3.1/thumb/v7e-m/fpv4-sp/hard/libgcc.a(_udivmoddi4.o)
 .ARM.attributes
                0x0000000000000508       0x22 /opt/ac6/SystemWorkbench/plugins/fr.ac6.mcu.externaltools.arm-none.linux64_1.15.0.201708311556/tools/compiler/bin/../lib/gcc/arm-none-eabi/6.3.1/thumb/v7e-m/fpv4-sp/hard/libgcc.a(_dvmd_tls.o)
 .ARM.attributes
                0x000000000000052a       0x34 /opt/ac6/SystemWorkbench/plugins/fr.ac6.mcu.externaltools.arm-none.linux64_1.15.0.201708311556/tools/compiler/bin/../lib/gcc/arm-none-eabi/6.3.1/../../../../arm-none-eabi/lib/thumb/v7e-m/fpv4-sp/hard/libc_nano.a(lib_a-impure.o)
 .ARM.attributes
                0x000000000000055e       0x34 /opt/ac6/SystemWorkbench/plugins/fr.ac6.mcu.externaltools.arm-none.linux64_1.15.0.201708311556/tools/compiler/bin/../lib/gcc/arm-none-eabi/6.3.1/../../../../arm-none-eabi/lib/thumb/v7e-m/fpv4-sp/hard/libc_nano.a(lib_a-init.o)
 .ARM.attributes
                0x0000000000000592       0x34 /opt/ac6/SystemWorkbench/plugins/fr.ac6.mcu.externaltools.arm-none.linux64_1.15.0.201708311556/tools/compiler/bin/../lib/gcc/arm-none-eabi/6.3.1/../../../../arm-none-eabi/lib/thumb/v7e-m/fpv4-sp/hard/libc_nano.a(lib_a-memcpy-stub.o)
 .ARM.attributes
                0x00000000000005c6       0x34 /opt/ac6/SystemWorkbench/plugins/fr.ac6.mcu.externaltools.arm-none.linux64_1.15.0.201708311556/tools/compiler/bin/../lib/gcc/arm-none-eabi/6.3.1/../../../../arm-none-eabi/lib/thumb/v7e-m/fpv4-sp/hard/libc_nano.a(lib_a-realloc.o)
 .ARM.attributes
                0x00000000000005fa       0x1b /opt/ac6/SystemWorkbench/plugins/fr.ac6.mcu.externaltools.arm-none.linux64_1.15.0.201708311556/tools/compiler/bin/../lib/gcc/arm-none-eabi/6.3.1/../../../../arm-none-eabi/lib/thumb/v7e-m/fpv4-sp/hard/libc_nano.a(lib_a-strlen.o)
 .ARM.attributes
                0x0000000000000615       0x34 /opt/ac6/SystemWorkbench/plugins/fr.ac6.mcu.externaltools.arm-none.linux64_1.15.0.201708311556/tools/compiler/bin/../lib/gcc/arm-none-eabi/6.3.1/../../../../arm-none-eabi/lib/thumb/v7e-m/fpv4-sp/hard/libc_nano.a(lib_a-nano-reallocr.o)
 .ARM.attributes
                0x0000000000000649       0x34 /opt/ac6/SystemWorkbench/plugins/fr.ac6.mcu.externaltools.arm-none.linux64_1.15.0.201708311556/tools/compiler/bin/../lib/gcc/arm-none-eabi/6.3.1/../../../../arm-none-eabi/lib/thumb/v7e-m/fpv4-sp/hard/libc_nano.a(lib_a-nano-freer.o)
 .ARM.attributes
                0x000000000000067d       0x34 /opt/ac6/SystemWorkbench/plugins/fr.ac6.mcu.externaltools.arm-none.linux64_1.15.0.201708311556/tools/compiler/bin/../lib/gcc/arm-none-eabi/6.3.1/../../../../arm-none-eabi/lib/thumb/v7e-m/fpv4-sp/hard/libc_nano.a(lib_a-nano-mallocr.o)
 .ARM.attributes
                0x00000000000006b1       0x34 /opt/ac6/SystemWorkbench/plugins/fr.ac6.mcu.externaltools.arm-none.linux64_1.15.0.201708311556/tools/compiler/bin/../lib/gcc/arm-none-eabi/6.3.1/../../../../arm-none-eabi/lib/thumb/v7e-m/fpv4-sp/hard/libc_nano.a(lib_a-nano-msizer.o)
 .ARM.attributes
                0x00000000000006e5       0x34 /opt/ac6/SystemWorkbench/plugins/fr.ac6.mcu.externaltools.arm-none.linux64_1.15.0.201708311556/tools/compiler/bin/../lib/gcc/arm-none-eabi/6.3.1/../../../../arm-none-eabi/lib/thumb/v7e-m/fpv4-sp/hard/libc_nano.a(lib_a-sbrkr.o)
 .ARM.attributes
                0x0000000000000719       0x34 /opt/ac6/SystemWorkbench/plugins/fr.ac6.mcu.externaltools.arm-none.linux64_1.15.0.201708311556/tools/compiler/bin/../lib/gcc/arm-none-eabi/6.3.1/../../../../arm-none-eabi/lib/thumb/v7e-m/fpv4-sp/hard/libc_nano.a(lib_a-mlock.o)
 .ARM.attributes
                0x000000000000074d       0x34 /opt/ac6/SystemWorkbench/plugins/fr.ac6.mcu.externaltools.arm-none.linux64_1.15.0.201708311556/tools/compiler/bin/../lib/gcc/arm-none-eabi/6.3.1/../../../../arm-none-eabi/lib/thumb/v7e-m/fpv4-sp/hard/libc_nano.a(lib_a-reent.o)
 .ARM.attributes
                0x0000000000000781       0x34 /opt/ac6/SystemWorkbench/plugins/fr.ac6.mcu.externaltools.arm-none.linux64_1.15.0.201708311556/tools/compiler/bin/../lib/gcc/arm-none-eabi/6.3.1/../../../../arm-none-eabi/lib/thumb/v7e-m/fpv4-sp/hard/libnosys.a(sbrk.o)
 .ARM.attributes
                0x00000000000007b5       0x22 /opt/ac6/SystemWorkbench/plugins/fr.ac6.mcu.externaltools.arm-none.linux64_1.15.0.201708311556/tools/compiler/bin/../lib/gcc/arm-none-eabi/6.3.1/thumb/v7e-m/fpv4-sp/hard/crtn.o
OUTPUT(rosserial.elf elf32-littlearm)

.debug_info     0x0000000000000000    0x1c60a
 .debug_info    0x0000000000000000     0x1170 Drivers/STM32F4xx_HAL_Driver/Src/stm32f4xx_hal.o
 .debug_info    0x0000000000001170     0x16ca Drivers/STM32F4xx_HAL_Driver/Src/stm32f4xx_hal_cortex.o
 .debug_info    0x000000000000283a     0x1274 Drivers/STM32F4xx_HAL_Driver/Src/stm32f4xx_hal_dma.o
 .debug_info    0x0000000000003aae      0xfbf Drivers/STM32F4xx_HAL_Driver/Src/stm32f4xx_hal_gpio.o
 .debug_info    0x0000000000004a6d     0x1289 Drivers/STM32F4xx_HAL_Driver/Src/stm32f4xx_hal_rcc.o
 .debug_info    0x0000000000005cf6     0x367c Drivers/STM32F4xx_HAL_Driver/Src/stm32f4xx_hal_tim.o
 .debug_info    0x0000000000009372     0x1b1e Drivers/STM32F4xx_HAL_Driver/Src/stm32f4xx_hal_tim_ex.o
 .debug_info    0x000000000000ae90     0x1f15 Drivers/STM32F4xx_HAL_Driver/Src/stm32f4xx_hal_uart.o
 .debug_info    0x000000000000cda5      0xdc7 Inc/time.o
 .debug_info    0x000000000000db6c      0xd5c Src/dma.o
 .debug_info    0x000000000000e8c8      0xd39 Src/gpio.o
 .debug_info    0x000000000000f601     0x178a Src/main.o
 .debug_info    0x0000000000010d8b     0x5414 Src/maincpp.o
 .debug_info    0x000000000001619f      0xbe5 Src/stm32f4xx_hal_msp.o
 .debug_info    0x0000000000016d84     0x1365 Src/stm32f4xx_hal_timebase_TIM.o
 .debug_info    0x00000000000180e9     0x1113 Src/stm32f4xx_it.o
 .debug_info    0x00000000000191fc      0xd5a Src/system_stm32f4xx.o
 .debug_info    0x0000000000019f56     0x11dd Src/tim.o
 .debug_info    0x000000000001b133     0x1469 Src/usart.o
 .debug_info    0x000000000001c59c       0x6e startup/startup_stm32f411xe.o

.debug_abbrev   0x0000000000000000     0x3a4e
 .debug_abbrev  0x0000000000000000      0x2e3 Drivers/STM32F4xx_HAL_Driver/Src/stm32f4xx_hal.o
 .debug_abbrev  0x00000000000002e3      0x3d4 Drivers/STM32F4xx_HAL_Driver/Src/stm32f4xx_hal_cortex.o
 .debug_abbrev  0x00000000000006b7      0x319 Drivers/STM32F4xx_HAL_Driver/Src/stm32f4xx_hal_dma.o
 .debug_abbrev  0x00000000000009d0      0x2a5 Drivers/STM32F4xx_HAL_Driver/Src/stm32f4xx_hal_gpio.o
 .debug_abbrev  0x0000000000000c75      0x331 Drivers/STM32F4xx_HAL_Driver/Src/stm32f4xx_hal_rcc.o
 .debug_abbrev  0x0000000000000fa6      0x2dc Drivers/STM32F4xx_HAL_Driver/Src/stm32f4xx_hal_tim.o
 .debug_abbrev  0x0000000000001282      0x2dc Drivers/STM32F4xx_HAL_Driver/Src/stm32f4xx_hal_tim_ex.o
 .debug_abbrev  0x000000000000155e      0x342 Drivers/STM32F4xx_HAL_Driver/Src/stm32f4xx_hal_uart.o
 .debug_abbrev  0x00000000000018a0      0x36b Inc/time.o
 .debug_abbrev  0x0000000000001c0b      0x232 Src/dma.o
 .debug_abbrev  0x0000000000001e3d      0x229 Src/gpio.o
 .debug_abbrev  0x0000000000002066      0x2af Src/main.o
 .debug_abbrev  0x0000000000002315      0x989 Src/maincpp.o
 .debug_abbrev  0x0000000000002c9e      0x209 Src/stm32f4xx_hal_msp.o
 .debug_abbrev  0x0000000000002ea7      0x295 Src/stm32f4xx_hal_timebase_TIM.o
 .debug_abbrev  0x000000000000313c      0x21d Src/stm32f4xx_it.o
 .debug_abbrev  0x0000000000003359      0x205 Src/system_stm32f4xx.o
 .debug_abbrev  0x000000000000355e      0x263 Src/tim.o
 .debug_abbrev  0x00000000000037c1      0x27b Src/usart.o
 .debug_abbrev  0x0000000000003a3c       0x12 startup/startup_stm32f411xe.o

.debug_loc      0x0000000000000000     0x8e05
 .debug_loc     0x0000000000000000      0x108 Drivers/STM32F4xx_HAL_Driver/Src/stm32f4xx_hal.o
 .debug_loc     0x0000000000000108      0x5ce Drivers/STM32F4xx_HAL_Driver/Src/stm32f4xx_hal_cortex.o
 .debug_loc     0x00000000000006d6      0xae1 Drivers/STM32F4xx_HAL_Driver/Src/stm32f4xx_hal_dma.o
 .debug_loc     0x00000000000011b7      0x430 Drivers/STM32F4xx_HAL_Driver/Src/stm32f4xx_hal_gpio.o
 .debug_loc     0x00000000000015e7      0x3e6 Drivers/STM32F4xx_HAL_Driver/Src/stm32f4xx_hal_rcc.o
 .debug_loc     0x00000000000019cd     0x34bc Drivers/STM32F4xx_HAL_Driver/Src/stm32f4xx_hal_tim.o
 .debug_loc     0x0000000000004e89      0xe78 Drivers/STM32F4xx_HAL_Driver/Src/stm32f4xx_hal_tim_ex.o
 .debug_loc     0x0000000000005d01     0x1532 Drivers/STM32F4xx_HAL_Driver/Src/stm32f4xx_hal_uart.o
 .debug_loc     0x0000000000007233      0x106 Inc/time.o
 .debug_loc     0x0000000000007339       0x3a Src/main.o
 .debug_loc     0x0000000000007373     0x18a0 Src/maincpp.o
 .debug_loc     0x0000000000008c13       0x6a Src/stm32f4xx_hal_timebase_TIM.o
 .debug_loc     0x0000000000008c7d      0x13e Src/system_stm32f4xx.o
 .debug_loc     0x0000000000008dbb       0x4a Src/usart.o

.debug_aranges  0x0000000000000000      0xc70
 .debug_aranges
                0x0000000000000000       0xe0 Drivers/STM32F4xx_HAL_Driver/Src/stm32f4xx_hal.o
 .debug_aranges
                0x00000000000000e0       0xa8 Drivers/STM32F4xx_HAL_Driver/Src/stm32f4xx_hal_cortex.o
 .debug_aranges
                0x0000000000000188       0x90 Drivers/STM32F4xx_HAL_Driver/Src/stm32f4xx_hal_dma.o
 .debug_aranges
                0x0000000000000218       0x58 Drivers/STM32F4xx_HAL_Driver/Src/stm32f4xx_hal_gpio.o
 .debug_aranges
                0x0000000000000270       0x88 Drivers/STM32F4xx_HAL_Driver/Src/stm32f4xx_hal_rcc.o
 .debug_aranges
                0x00000000000002f8      0x368 Drivers/STM32F4xx_HAL_Driver/Src/stm32f4xx_hal_tim.o
 .debug_aranges
                0x0000000000000660      0x140 Drivers/STM32F4xx_HAL_Driver/Src/stm32f4xx_hal_tim_ex.o
 .debug_aranges
                0x00000000000007a0      0x1d0 Drivers/STM32F4xx_HAL_Driver/Src/stm32f4xx_hal_uart.o
 .debug_aranges
                0x0000000000000970       0x38 Inc/time.o
 .debug_aranges
                0x00000000000009a8       0x20 Src/dma.o
 .debug_aranges
                0x00000000000009c8       0x20 Src/gpio.o
 .debug_aranges
                0x00000000000009e8       0x38 Src/main.o
 .debug_aranges
                0x0000000000000a20      0x100 Src/maincpp.o
 .debug_aranges
                0x0000000000000b20       0x20 Src/stm32f4xx_hal_msp.o
 .debug_aranges
                0x0000000000000b40       0x30 Src/stm32f4xx_hal_timebase_TIM.o
 .debug_aranges
                0x0000000000000b70       0x50 Src/stm32f4xx_it.o
 .debug_aranges
                0x0000000000000bc0       0x28 Src/system_stm32f4xx.o
 .debug_aranges
                0x0000000000000be8       0x30 Src/tim.o
 .debug_aranges
                0x0000000000000c18       0x30 Src/usart.o
 .debug_aranges
                0x0000000000000c48       0x28 startup/startup_stm32f411xe.o

.debug_ranges   0x0000000000000000      0xd90
 .debug_ranges  0x0000000000000000       0xd0 Drivers/STM32F4xx_HAL_Driver/Src/stm32f4xx_hal.o
 .debug_ranges  0x00000000000000d0       0xf8 Drivers/STM32F4xx_HAL_Driver/Src/stm32f4xx_hal_cortex.o
 .debug_ranges  0x00000000000001c8       0x80 Drivers/STM32F4xx_HAL_Driver/Src/stm32f4xx_hal_dma.o
 .debug_ranges  0x0000000000000248       0x48 Drivers/STM32F4xx_HAL_Driver/Src/stm32f4xx_hal_gpio.o
 .debug_ranges  0x0000000000000290       0x90 Drivers/STM32F4xx_HAL_Driver/Src/stm32f4xx_hal_rcc.o
 .debug_ranges  0x0000000000000320      0x358 Drivers/STM32F4xx_HAL_Driver/Src/stm32f4xx_hal_tim.o
 .debug_ranges  0x0000000000000678      0x130 Drivers/STM32F4xx_HAL_Driver/Src/stm32f4xx_hal_tim_ex.o
 .debug_ranges  0x00000000000007a8      0x1c0 Drivers/STM32F4xx_HAL_Driver/Src/stm32f4xx_hal_uart.o
 .debug_ranges  0x0000000000000968       0x28 Inc/time.o
 .debug_ranges  0x0000000000000990       0x10 Src/dma.o
 .debug_ranges  0x00000000000009a0       0x10 Src/gpio.o
 .debug_ranges  0x00000000000009b0       0x28 Src/main.o
 .debug_ranges  0x00000000000009d8      0x2d0 Src/maincpp.o
 .debug_ranges  0x0000000000000ca8       0x10 Src/stm32f4xx_hal_msp.o
 .debug_ranges  0x0000000000000cb8       0x20 Src/stm32f4xx_hal_timebase_TIM.o
 .debug_ranges  0x0000000000000cd8       0x40 Src/stm32f4xx_it.o
 .debug_ranges  0x0000000000000d18       0x18 Src/system_stm32f4xx.o
 .debug_ranges  0x0000000000000d30       0x20 Src/tim.o
 .debug_ranges  0x0000000000000d50       0x20 Src/usart.o
 .debug_ranges  0x0000000000000d70       0x20 startup/startup_stm32f411xe.o

.debug_macro    0x0000000000000000    0x18c1d
 .debug_macro   0x0000000000000000      0x379 Drivers/STM32F4xx_HAL_Driver/Src/stm32f4xx_hal.o
 .debug_macro   0x0000000000000379      0x8bc Drivers/STM32F4xx_HAL_Driver/Src/stm32f4xx_hal.o
 .debug_macro   0x0000000000000c35       0x64 Drivers/STM32F4xx_HAL_Driver/Src/stm32f4xx_hal.o
 .debug_macro   0x0000000000000c99      0x180 Drivers/STM32F4xx_HAL_Driver/Src/stm32f4xx_hal.o
 .debug_macro   0x0000000000000e19       0x32 Drivers/STM32F4xx_HAL_Driver/Src/stm32f4xx_hal.o
 .debug_macro   0x0000000000000e4b       0x28 Drivers/STM32F4xx_HAL_Driver/Src/stm32f4xx_hal.o
 .debug_macro   0x0000000000000e73       0x22 Drivers/STM32F4xx_HAL_Driver/Src/stm32f4xx_hal.o
 .debug_macro   0x0000000000000e95       0x87 Drivers/STM32F4xx_HAL_Driver/Src/stm32f4xx_hal.o
 .debug_macro   0x0000000000000f1c       0x51 Drivers/STM32F4xx_HAL_Driver/Src/stm32f4xx_hal.o
 .debug_macro   0x0000000000000f6d       0xef Drivers/STM32F4xx_HAL_Driver/Src/stm32f4xx_hal.o
 .debug_macro   0x000000000000105c       0x6a Drivers/STM32F4xx_HAL_Driver/Src/stm32f4xx_hal.o
 .debug_macro   0x00000000000010c6      0x1df Drivers/STM32F4xx_HAL_Driver/Src/stm32f4xx_hal.o
 .debug_macro   0x00000000000012a5       0x35 Drivers/STM32F4xx_HAL_Driver/Src/stm32f4xx_hal.o
 .debug_macro   0x00000000000012da       0x50 Drivers/STM32F4xx_HAL_Driver/Src/stm32f4xx_hal.o
 .debug_macro   0x000000000000132a      0xe66 Drivers/STM32F4xx_HAL_Driver/Src/stm32f4xx_hal.o
 .debug_macro   0x0000000000002190     0xb803 Drivers/STM32F4xx_HAL_Driver/Src/stm32f4xx_hal.o
 .debug_macro   0x000000000000d993       0x43 Drivers/STM32F4xx_HAL_Driver/Src/stm32f4xx_hal.o
 .debug_macro   0x000000000000d9d6     0x3535 Drivers/STM32F4xx_HAL_Driver/Src/stm32f4xx_hal.o
 .debug_macro   0x0000000000010f0b       0x58 Drivers/STM32F4xx_HAL_Driver/Src/stm32f4xx_hal.o
 .debug_macro   0x0000000000010f63       0x35 Drivers/STM32F4xx_HAL_Driver/Src/stm32f4xx_hal.o
 .debug_macro   0x0000000000010f98       0x9c Drivers/STM32F4xx_HAL_Driver/Src/stm32f4xx_hal.o
 .debug_macro   0x0000000000011034       0x16 Drivers/STM32F4xx_HAL_Driver/Src/stm32f4xx_hal.o
 .debug_macro   0x000000000001104a       0x97 Drivers/STM32F4xx_HAL_Driver/Src/stm32f4xx_hal.o
 .debug_macro   0x00000000000110e1      0x330 Drivers/STM32F4xx_HAL_Driver/Src/stm32f4xx_hal.o
 .debug_macro   0x0000000000011411       0xfd Drivers/STM32F4xx_HAL_Driver/Src/stm32f4xx_hal.o
 .debug_macro   0x000000000001150e       0x10 Drivers/STM32F4xx_HAL_Driver/Src/stm32f4xx_hal.o
 .debug_macro   0x000000000001151e       0x58 Drivers/STM32F4xx_HAL_Driver/Src/stm32f4xx_hal.o
 .debug_macro   0x0000000000011576       0x1f Drivers/STM32F4xx_HAL_Driver/Src/stm32f4xx_hal.o
 .debug_macro   0x0000000000011595       0x43 Drivers/STM32F4xx_HAL_Driver/Src/stm32f4xx_hal.o
 .debug_macro   0x00000000000115d8       0x20 Drivers/STM32F4xx_HAL_Driver/Src/stm32f4xx_hal.o
 .debug_macro   0x00000000000115f8      0x187 Drivers/STM32F4xx_HAL_Driver/Src/stm32f4xx_hal.o
 .debug_macro   0x000000000001177f       0x10 Drivers/STM32F4xx_HAL_Driver/Src/stm32f4xx_hal.o
 .debug_macro   0x000000000001178f       0x1c Drivers/STM32F4xx_HAL_Driver/Src/stm32f4xx_hal.o
 .debug_macro   0x00000000000117ab       0x52 Drivers/STM32F4xx_HAL_Driver/Src/stm32f4xx_hal.o
 .debug_macro   0x00000000000117fd       0x40 Drivers/STM32F4xx_HAL_Driver/Src/stm32f4xx_hal.o
 .debug_macro   0x000000000001183d       0x10 Drivers/STM32F4xx_HAL_Driver/Src/stm32f4xx_hal.o
 .debug_macro   0x000000000001184d       0x40 Drivers/STM32F4xx_HAL_Driver/Src/stm32f4xx_hal.o
 .debug_macro   0x000000000001188d       0xd7 Drivers/STM32F4xx_HAL_Driver/Src/stm32f4xx_hal.o
 .debug_macro   0x0000000000011964       0x16 Drivers/STM32F4xx_HAL_Driver/Src/stm32f4xx_hal.o
 .debug_macro   0x000000000001197a      0x18b Drivers/STM32F4xx_HAL_Driver/Src/stm32f4xx_hal.o
 .debug_macro   0x0000000000011b05       0x50 Drivers/STM32F4xx_HAL_Driver/Src/stm32f4xx_hal.o
 .debug_macro   0x0000000000011b55      0x447 Drivers/STM32F4xx_HAL_Driver/Src/stm32f4xx_hal.o
 .debug_macro   0x0000000000011f9c      0xa02 Drivers/STM32F4xx_HAL_Driver/Src/stm32f4xx_hal.o
 .debug_macro   0x000000000001299e      0x11e Drivers/STM32F4xx_HAL_Driver/Src/stm32f4xx_hal.o
 .debug_macro   0x0000000000012abc      0x11b Drivers/STM32F4xx_HAL_Driver/Src/stm32f4xx_hal.o
 .debug_macro   0x0000000000012bd7       0x27 Drivers/STM32F4xx_HAL_Driver/Src/stm32f4xx_hal.o
 .debug_macro   0x0000000000012bfe      0x287 Drivers/STM32F4xx_HAL_Driver/Src/stm32f4xx_hal.o
 .debug_macro   0x0000000000012e85       0x5f Drivers/STM32F4xx_HAL_Driver/Src/stm32f4xx_hal.o
 .debug_macro   0x0000000000012ee4      0x23a Drivers/STM32F4xx_HAL_Driver/Src/stm32f4xx_hal.o
 .debug_macro   0x000000000001311e      0x13a Drivers/STM32F4xx_HAL_Driver/Src/stm32f4xx_hal.o
 .debug_macro   0x0000000000013258      0x264 Drivers/STM32F4xx_HAL_Driver/Src/stm32f4xx_hal.o
 .debug_macro   0x00000000000134bc       0x2e Drivers/STM32F4xx_HAL_Driver/Src/stm32f4xx_hal.o
 .debug_macro   0x00000000000134ea      0x11e Drivers/STM32F4xx_HAL_Driver/Src/stm32f4xx_hal.o
 .debug_macro   0x0000000000013608       0x85 Drivers/STM32F4xx_HAL_Driver/Src/stm32f4xx_hal.o
 .debug_macro   0x000000000001368d       0x89 Drivers/STM32F4xx_HAL_Driver/Src/stm32f4xx_hal.o
 .debug_macro   0x0000000000013716      0x6e0 Drivers/STM32F4xx_HAL_Driver/Src/stm32f4xx_hal.o
 .debug_macro   0x0000000000013df6       0x59 Drivers/STM32F4xx_HAL_Driver/Src/stm32f4xx_hal.o
 .debug_macro   0x0000000000013e4f      0x14d Drivers/STM32F4xx_HAL_Driver/Src/stm32f4xx_hal.o
 .debug_macro   0x0000000000013f9c      0x287 Drivers/STM32F4xx_HAL_Driver/Src/stm32f4xx_hal.o
 .debug_macro   0x0000000000014223      0x12d Drivers/STM32F4xx_HAL_Driver/Src/stm32f4xx_hal.o
 .debug_macro   0x0000000000014350      0x319 Drivers/STM32F4xx_HAL_Driver/Src/stm32f4xx_hal_cortex.o
 .debug_macro   0x0000000000014669      0x320 Drivers/STM32F4xx_HAL_Driver/Src/stm32f4xx_hal_dma.o
 .debug_macro   0x0000000000014989      0x351 Drivers/STM32F4xx_HAL_Driver/Src/stm32f4xx_hal_gpio.o
 .debug_macro   0x0000000000014cda      0x33d Drivers/STM32F4xx_HAL_Driver/Src/stm32f4xx_hal_rcc.o
 .debug_macro   0x0000000000015017      0x319 Drivers/STM32F4xx_HAL_Driver/Src/stm32f4xx_hal_tim.o
 .debug_macro   0x0000000000015330      0x319 Drivers/STM32F4xx_HAL_Driver/Src/stm32f4xx_hal_tim_ex.o
 .debug_macro   0x0000000000015649      0x31a Drivers/STM32F4xx_HAL_Driver/Src/stm32f4xx_hal_uart.o
 .debug_macro   0x0000000000015963      0x16d Inc/time.o
 .debug_macro   0x0000000000015ad0      0x323 Src/dma.o
 .debug_macro   0x0000000000015df3      0x323 Src/gpio.o
 .debug_macro   0x0000000000016116      0x345 Src/main.o
 .debug_macro   0x000000000001645b      0x4a3 Src/maincpp.o
 .debug_macro   0x00000000000168fe       0x10 Src/maincpp.o
 .debug_macro   0x000000000001690e       0x35 Src/maincpp.o
 .debug_macro   0x0000000000016943       0x10 Src/maincpp.o
 .debug_macro   0x0000000000016953       0x16 Src/maincpp.o
 .debug_macro   0x0000000000016969       0x16 Src/maincpp.o
 .debug_macro   0x000000000001697f       0x29 Src/maincpp.o
 .debug_macro   0x00000000000169a8       0xea Src/maincpp.o
 .debug_macro   0x0000000000016a92       0x3b Src/maincpp.o
 .debug_macro   0x0000000000016acd      0xe66 Src/maincpp.o
 .debug_macro   0x0000000000017933       0x1c Src/maincpp.o
 .debug_macro   0x000000000001794f      0x319 Src/stm32f4xx_hal_msp.o
 .debug_macro   0x0000000000017c68      0x319 Src/stm32f4xx_hal_timebase_TIM.o
 .debug_macro   0x0000000000017f81      0x323 Src/stm32f4xx_it.o
 .debug_macro   0x00000000000182a4      0x31f Src/system_stm32f4xx.o
 .debug_macro   0x00000000000185c3      0x323 Src/tim.o
 .debug_macro   0x00000000000188e6      0x337 Src/usart.o

.debug_line     0x0000000000000000     0xc933
 .debug_line    0x0000000000000000      0x97f Drivers/STM32F4xx_HAL_Driver/Src/stm32f4xx_hal.o
 .debug_line    0x000000000000097f      0x9bb Drivers/STM32F4xx_HAL_Driver/Src/stm32f4xx_hal_cortex.o
 .debug_line    0x000000000000133a      0xac4 Drivers/STM32F4xx_HAL_Driver/Src/stm32f4xx_hal_dma.o
 .debug_line    0x0000000000001dfe      0x911 Drivers/STM32F4xx_HAL_Driver/Src/stm32f4xx_hal_gpio.o
 .debug_line    0x000000000000270f      0xa0b Drivers/STM32F4xx_HAL_Driver/Src/stm32f4xx_hal_rcc.o
 .debug_line    0x000000000000311a     0x177d Drivers/STM32F4xx_HAL_Driver/Src/stm32f4xx_hal_tim.o
 .debug_line    0x0000000000004897      0xd5b Drivers/STM32F4xx_HAL_Driver/Src/stm32f4xx_hal_tim_ex.o
 .debug_line    0x00000000000055f2     0x10a9 Drivers/STM32F4xx_HAL_Driver/Src/stm32f4xx_hal_uart.o
 .debug_line    0x000000000000669b      0x6be Inc/time.o
 .debug_line    0x0000000000006d59      0x79d Src/dma.o
 .debug_line    0x00000000000074f6      0x7a8 Src/gpio.o
 .debug_line    0x0000000000007c9e      0x813 Src/main.o
 .debug_line    0x00000000000084b1     0x14c9 Src/maincpp.o
 .debug_line    0x000000000000997a      0x7a4 Src/stm32f4xx_hal_msp.o
 .debug_line    0x000000000000a11e      0x7d7 Src/stm32f4xx_hal_timebase_TIM.o
 .debug_line    0x000000000000a8f5      0x80f Src/stm32f4xx_it.o
 .debug_line    0x000000000000b104      0x7cf Src/system_stm32f4xx.o
 .debug_line    0x000000000000b8d3      0x7d5 Src/tim.o
 .debug_line    0x000000000000c0a8      0x80c Src/usart.o
 .debug_line    0x000000000000c8b4       0x7f startup/startup_stm32f411xe.o

.debug_str      0x0000000000000000    0x8b4f6
 .debug_str     0x0000000000000000    0x83f85 Drivers/STM32F4xx_HAL_Driver/Src/stm32f4xx_hal.o
                                      0x84386 (size before relaxing)
 .debug_str     0x0000000000083f85      0x3a5 Drivers/STM32F4xx_HAL_Driver/Src/stm32f4xx_hal_cortex.o
                                      0x840b6 (size before relaxing)
 .debug_str     0x000000000008432a      0x4ee Drivers/STM32F4xx_HAL_Driver/Src/stm32f4xx_hal_dma.o
                                      0x83d83 (size before relaxing)
 .debug_str     0x0000000000084818      0x292 Drivers/STM32F4xx_HAL_Driver/Src/stm32f4xx_hal_gpio.o
                                      0x83bb3 (size before relaxing)
 .debug_str     0x0000000000084aaa      0x384 Drivers/STM32F4xx_HAL_Driver/Src/stm32f4xx_hal_rcc.o
                                      0x83d7d (size before relaxing)
 .debug_str     0x0000000000084e2e      0xe2a Drivers/STM32F4xx_HAL_Driver/Src/stm32f4xx_hal_tim.o
                                      0x849a9 (size before relaxing)
 .debug_str     0x0000000000085c58      0x4f4 Drivers/STM32F4xx_HAL_Driver/Src/stm32f4xx_hal_tim_ex.o
                                      0x84269 (size before relaxing)
 .debug_str     0x000000000008614c      0x68e Drivers/STM32F4xx_HAL_Driver/Src/stm32f4xx_hal_uart.o
                                      0x841e6 (size before relaxing)
 .debug_str     0x00000000000867da     0x2bb6 Inc/time.o
                                       0x8dce (size before relaxing)
 .debug_str     0x0000000000089390       0x22 Src/dma.o
                                      0x83c97 (size before relaxing)
 .debug_str     0x00000000000893b2       0x25 Src/gpio.o
                                      0x83999 (size before relaxing)
 .debug_str     0x00000000000893d7       0x82 Src/main.o
                                      0x844b7 (size before relaxing)
 .debug_str     0x0000000000089459     0x1ec5 Src/maincpp.o
                                      0x88855 (size before relaxing)
 .debug_str     0x000000000008b31e       0x1b Src/stm32f4xx_hal_msp.o
                                      0x83b91 (size before relaxing)
 .debug_str     0x000000000008b339       0x61 Src/stm32f4xx_hal_timebase_TIM.o
                                      0x84208 (size before relaxing)
 .debug_str     0x000000000008b39a       0xcc Src/stm32f4xx_it.o
                                      0x83e88 (size before relaxing)
 .debug_str     0x000000000008b466       0x5a Src/system_stm32f4xx.o
                                      0x8396f (size before relaxing)
 .debug_str     0x000000000008b4c0       0x1c Src/tim.o
                                      0x83e58 (size before relaxing)
 .debug_str     0x000000000008b4dc       0x1a Src/usart.o
                                      0x841fe (size before relaxing)

.comment        0x0000000000000000       0x7f
 .comment       0x0000000000000000       0x7f Drivers/STM32F4xx_HAL_Driver/Src/stm32f4xx_hal.o
                                         0x80 (size before relaxing)
 .comment       0x000000000000007f       0x80 Drivers/STM32F4xx_HAL_Driver/Src/stm32f4xx_hal_cortex.o
 .comment       0x000000000000007f       0x80 Drivers/STM32F4xx_HAL_Driver/Src/stm32f4xx_hal_dma.o
 .comment       0x000000000000007f       0x80 Drivers/STM32F4xx_HAL_Driver/Src/stm32f4xx_hal_gpio.o
 .comment       0x000000000000007f       0x80 Drivers/STM32F4xx_HAL_Driver/Src/stm32f4xx_hal_rcc.o
 .comment       0x000000000000007f       0x80 Drivers/STM32F4xx_HAL_Driver/Src/stm32f4xx_hal_tim.o
 .comment       0x000000000000007f       0x80 Drivers/STM32F4xx_HAL_Driver/Src/stm32f4xx_hal_tim_ex.o
 .comment       0x000000000000007f       0x80 Drivers/STM32F4xx_HAL_Driver/Src/stm32f4xx_hal_uart.o
 .comment       0x000000000000007f       0x80 Inc/time.o
 .comment       0x000000000000007f       0x80 Src/dma.o
 .comment       0x000000000000007f       0x80 Src/gpio.o
 .comment       0x000000000000007f       0x80 Src/main.o
 .comment       0x000000000000007f       0x80 Src/maincpp.o
 .comment       0x000000000000007f       0x80 Src/stm32f4xx_hal_msp.o
 .comment       0x000000000000007f       0x80 Src/stm32f4xx_hal_timebase_TIM.o
 .comment       0x000000000000007f       0x80 Src/stm32f4xx_it.o
 .comment       0x000000000000007f       0x80 Src/system_stm32f4xx.o
 .comment       0x000000000000007f       0x80 Src/tim.o
 .comment       0x000000000000007f       0x80 Src/usart.o

.debug_frame    0x0000000000000000     0x21c4
 .debug_frame   0x0000000000000000      0x1cc Drivers/STM32F4xx_HAL_Driver/Src/stm32f4xx_hal.o
 .debug_frame   0x00000000000001cc      0x15c Drivers/STM32F4xx_HAL_Driver/Src/stm32f4xx_hal_cortex.o
 .debug_frame   0x0000000000000328      0x17c Drivers/STM32F4xx_HAL_Driver/Src/stm32f4xx_hal_dma.o
 .debug_frame   0x00000000000004a4       0xd0 Drivers/STM32F4xx_HAL_Driver/Src/stm32f4xx_hal_gpio.o
 .debug_frame   0x0000000000000574      0x174 Drivers/STM32F4xx_HAL_Driver/Src/stm32f4xx_hal_rcc.o
 .debug_frame   0x00000000000006e8      0x9e0 Drivers/STM32F4xx_HAL_Driver/Src/stm32f4xx_hal_tim.o
 .debug_frame   0x00000000000010c8      0x384 Drivers/STM32F4xx_HAL_Driver/Src/stm32f4xx_hal_tim_ex.o
 .debug_frame   0x000000000000144c      0x4e8 Drivers/STM32F4xx_HAL_Driver/Src/stm32f4xx_hal_uart.o
 .debug_frame   0x0000000000001934       0x74 Inc/time.o
 .debug_frame   0x00000000000019a8       0x30 Src/dma.o
 .debug_frame   0x00000000000019d8       0x30 Src/gpio.o
 .debug_frame   0x0000000000001a08       0x70 Src/main.o
 .debug_frame   0x0000000000001a78      0x2d4 Src/maincpp.o
 .debug_frame   0x0000000000001d4c       0x28 Src/stm32f4xx_hal_msp.o
 .debug_frame   0x0000000000001d74       0x50 Src/stm32f4xx_hal_timebase_TIM.o
 .debug_frame   0x0000000000001dc4       0xa8 Src/stm32f4xx_it.o
 .debug_frame   0x0000000000001e6c       0x30 Src/system_stm32f4xx.o
 .debug_frame   0x0000000000001e9c       0x58 Src/tim.o
 .debug_frame   0x0000000000001ef4       0x64 Src/usart.o
 .debug_frame   0x0000000000001f58       0x2c /opt/ac6/SystemWorkbench/plugins/fr.ac6.mcu.externaltools.arm-none.linux64_1.15.0.201708311556/tools/compiler/bin/../lib/gcc/arm-none-eabi/6.3.1/thumb/v7e-m/fpv4-sp/hard/libgcc.a(_aeabi_uldivmod.o)
 .debug_frame   0x0000000000001f84       0x34 /opt/ac6/SystemWorkbench/plugins/fr.ac6.mcu.externaltools.arm-none.linux64_1.15.0.201708311556/tools/compiler/bin/../lib/gcc/arm-none-eabi/6.3.1/thumb/v7e-m/fpv4-sp/hard/libgcc.a(_udivmoddi4.o)
 .debug_frame   0x0000000000001fb8       0x2c /opt/ac6/SystemWorkbench/plugins/fr.ac6.mcu.externaltools.arm-none.linux64_1.15.0.201708311556/tools/compiler/bin/../lib/gcc/arm-none-eabi/6.3.1/../../../../arm-none-eabi/lib/thumb/v7e-m/fpv4-sp/hard/libc_nano.a(lib_a-init.o)
 .debug_frame   0x0000000000001fe4       0x28 /opt/ac6/SystemWorkbench/plugins/fr.ac6.mcu.externaltools.arm-none.linux64_1.15.0.201708311556/tools/compiler/bin/../lib/gcc/arm-none-eabi/6.3.1/../../../../arm-none-eabi/lib/thumb/v7e-m/fpv4-sp/hard/libc_nano.a(lib_a-memcpy-stub.o)
 .debug_frame   0x000000000000200c       0x20 /opt/ac6/SystemWorkbench/plugins/fr.ac6.mcu.externaltools.arm-none.linux64_1.15.0.201708311556/tools/compiler/bin/../lib/gcc/arm-none-eabi/6.3.1/../../../../arm-none-eabi/lib/thumb/v7e-m/fpv4-sp/hard/libc_nano.a(lib_a-realloc.o)
 .debug_frame   0x000000000000202c       0x3c /opt/ac6/SystemWorkbench/plugins/fr.ac6.mcu.externaltools.arm-none.linux64_1.15.0.201708311556/tools/compiler/bin/../lib/gcc/arm-none-eabi/6.3.1/../../../../arm-none-eabi/lib/thumb/v7e-m/fpv4-sp/hard/libc_nano.a(lib_a-nano-reallocr.o)
 .debug_frame   0x0000000000002068       0x38 /opt/ac6/SystemWorkbench/plugins/fr.ac6.mcu.externaltools.arm-none.linux64_1.15.0.201708311556/tools/compiler/bin/../lib/gcc/arm-none-eabi/6.3.1/../../../../arm-none-eabi/lib/thumb/v7e-m/fpv4-sp/hard/libc_nano.a(lib_a-nano-freer.o)
 .debug_frame   0x00000000000020a0       0x2c /opt/ac6/SystemWorkbench/plugins/fr.ac6.mcu.externaltools.arm-none.linux64_1.15.0.201708311556/tools/compiler/bin/../lib/gcc/arm-none-eabi/6.3.1/../../../../arm-none-eabi/lib/thumb/v7e-m/fpv4-sp/hard/libc_nano.a(lib_a-nano-mallocr.o)
 .debug_frame   0x00000000000020cc       0x20 /opt/ac6/SystemWorkbench/plugins/fr.ac6.mcu.externaltools.arm-none.linux64_1.15.0.201708311556/tools/compiler/bin/../lib/gcc/arm-none-eabi/6.3.1/../../../../arm-none-eabi/lib/thumb/v7e-m/fpv4-sp/hard/libc_nano.a(lib_a-nano-msizer.o)
 .debug_frame   0x00000000000020ec       0x2c /opt/ac6/SystemWorkbench/plugins/fr.ac6.mcu.externaltools.arm-none.linux64_1.15.0.201708311556/tools/compiler/bin/../lib/gcc/arm-none-eabi/6.3.1/../../../../arm-none-eabi/lib/thumb/v7e-m/fpv4-sp/hard/libc_nano.a(lib_a-sbrkr.o)
 .debug_frame   0x0000000000002118       0x30 /opt/ac6/SystemWorkbench/plugins/fr.ac6.mcu.externaltools.arm-none.linux64_1.15.0.201708311556/tools/compiler/bin/../lib/gcc/arm-none-eabi/6.3.1/../../../../arm-none-eabi/lib/thumb/v7e-m/fpv4-sp/hard/libc_nano.a(lib_a-mlock.o)
 .debug_frame   0x0000000000002148       0x5c /opt/ac6/SystemWorkbench/plugins/fr.ac6.mcu.externaltools.arm-none.linux64_1.15.0.201708311556/tools/compiler/bin/../lib/gcc/arm-none-eabi/6.3.1/../../../../arm-none-eabi/lib/thumb/v7e-m/fpv4-sp/hard/libc_nano.a(lib_a-reent.o)
 .debug_frame   0x00000000000021a4       0x20 /opt/ac6/SystemWorkbench/plugins/fr.ac6.mcu.externaltools.arm-none.linux64_1.15.0.201708311556/tools/compiler/bin/../lib/gcc/arm-none-eabi/6.3.1/../../../../arm-none-eabi/lib/thumb/v7e-m/fpv4-sp/hard/libnosys.a(sbrk.o)
